Archive member included to satisfy reference by file (symbol)

/Users/michaelmartin/Documents/workspace/Smart_Wear_1.0/build/PeriphDriver/PeriphDriver.a(gpio.o)
                              /Users/michaelmartin/Documents/workspace/Smart_Wear_1.0/build/main.o (GPIO_Config)
/Users/michaelmartin/Documents/workspace/Smart_Wear_1.0/build/PeriphDriver/PeriphDriver.a(i2cm.o)
                              /Users/michaelmartin/Documents/workspace/Smart_Wear_1.0/build/max14690.o (I2CM_Init)
/Users/michaelmartin/Documents/workspace/Smart_Wear_1.0/build/PeriphDriver/PeriphDriver.a(lp.o)
                              /Users/michaelmartin/Documents/workspace/Smart_Wear_1.0/build/max14690.o (LP_ConfigGPIOWakeUpDetect)
/Users/michaelmartin/Documents/workspace/Smart_Wear_1.0/build/PeriphDriver/PeriphDriver.a(mxc_lock.o)
                              /Users/michaelmartin/Documents/workspace/Smart_Wear_1.0/build/PeriphDriver/PeriphDriver.a(i2cm.o) (mxc_get_lock)
/Users/michaelmartin/Documents/workspace/Smart_Wear_1.0/build/PeriphDriver/PeriphDriver.a(mxc_sys.o)
                              /Users/michaelmartin/Documents/workspace/Smart_Wear_1.0/build/PeriphDriver/PeriphDriver.a(gpio.o) (SYS_GPIO_Init)
/Users/michaelmartin/Documents/workspace/Smart_Wear_1.0/build/PeriphDriver/PeriphDriver.a(spim.o)
                              /Users/michaelmartin/Documents/workspace/Smart_Wear_1.0/build/main.o (SPIM_Init)
/Users/michaelmartin/Documents/workspace/Smart_Wear_1.0/build/PeriphDriver/PeriphDriver.a(uart.o)
                              /Users/michaelmartin/Documents/workspace/Smart_Wear_1.0/build/board.o (UART_Init)
/Users/michaelmartin/Documents/workspace/Smart_Wear_1.0/build/PeriphDriver/PeriphDriver.a(clkman.o)
                              /Users/michaelmartin/Documents/workspace/Smart_Wear_1.0/build/PeriphDriver/PeriphDriver.a(mxc_sys.o) (CLKMAN_CryptoClockEnable)
/Users/michaelmartin/Documents/workspace/Smart_Wear_1.0/build/PeriphDriver/PeriphDriver.a(ioman.o)
                              /Users/michaelmartin/Documents/workspace/Smart_Wear_1.0/build/PeriphDriver/PeriphDriver.a(mxc_sys.o) (IOMAN_Config)
/Users/michaelmartin/Maxim_1/Toolchain/bin/../lib/gcc/arm-none-eabi/6.3.1/../../../../arm-none-eabi/lib/thumb/v7e-m/fpv4-sp/softfp/libc.a(lib_a-errno.o)
                              /Users/michaelmartin/Documents/workspace/Smart_Wear_1.0/build/stdio.o (__errno)
/Users/michaelmartin/Maxim_1/Toolchain/bin/../lib/gcc/arm-none-eabi/6.3.1/../../../../arm-none-eabi/lib/thumb/v7e-m/fpv4-sp/softfp/libc.a(lib_a-exit.o)
                              /Users/michaelmartin/Maxim_1/Toolchain/bin/../lib/gcc/arm-none-eabi/6.3.1/../../../../arm-none-eabi/lib/thumb/v7e-m/fpv4-sp/softfp/crt0.o (exit)
/Users/michaelmartin/Maxim_1/Toolchain/bin/../lib/gcc/arm-none-eabi/6.3.1/../../../../arm-none-eabi/lib/thumb/v7e-m/fpv4-sp/softfp/libc.a(lib_a-fflush.o)
                              /Users/michaelmartin/Documents/workspace/Smart_Wear_1.0/build/board.o (fflush)
/Users/michaelmartin/Maxim_1/Toolchain/bin/../lib/gcc/arm-none-eabi/6.3.1/../../../../arm-none-eabi/lib/thumb/v7e-m/fpv4-sp/softfp/libc.a(lib_a-findfp.o)
                              /Users/michaelmartin/Maxim_1/Toolchain/bin/../lib/gcc/arm-none-eabi/6.3.1/../../../../arm-none-eabi/lib/thumb/v7e-m/fpv4-sp/softfp/libc.a(lib_a-fflush.o) (__sinit)
/Users/michaelmartin/Maxim_1/Toolchain/bin/../lib/gcc/arm-none-eabi/6.3.1/../../../../arm-none-eabi/lib/thumb/v7e-m/fpv4-sp/softfp/libc.a(lib_a-freer.o)
                              /Users/michaelmartin/Maxim_1/Toolchain/bin/../lib/gcc/arm-none-eabi/6.3.1/../../../../arm-none-eabi/lib/thumb/v7e-m/fpv4-sp/softfp/libc.a(lib_a-fflush.o) (_free_r)
/Users/michaelmartin/Maxim_1/Toolchain/bin/../lib/gcc/arm-none-eabi/6.3.1/../../../../arm-none-eabi/lib/thumb/v7e-m/fpv4-sp/softfp/libc.a(lib_a-fwalk.o)
                              /Users/michaelmartin/Maxim_1/Toolchain/bin/../lib/gcc/arm-none-eabi/6.3.1/../../../../arm-none-eabi/lib/thumb/v7e-m/fpv4-sp/softfp/libc.a(lib_a-findfp.o) (_fwalk)
/Users/michaelmartin/Maxim_1/Toolchain/bin/../lib/gcc/arm-none-eabi/6.3.1/../../../../arm-none-eabi/lib/thumb/v7e-m/fpv4-sp/softfp/libc.a(lib_a-impure.o)
                              /Users/michaelmartin/Maxim_1/Toolchain/bin/../lib/gcc/arm-none-eabi/6.3.1/../../../../arm-none-eabi/lib/thumb/v7e-m/fpv4-sp/softfp/libc.a(lib_a-exit.o) (_global_impure_ptr)
/Users/michaelmartin/Maxim_1/Toolchain/bin/../lib/gcc/arm-none-eabi/6.3.1/../../../../arm-none-eabi/lib/thumb/v7e-m/fpv4-sp/softfp/libc.a(lib_a-init.o)
                              /Users/michaelmartin/Maxim_1/Toolchain/bin/../lib/gcc/arm-none-eabi/6.3.1/../../../../arm-none-eabi/lib/thumb/v7e-m/fpv4-sp/softfp/crt0.o (__libc_init_array)
/Users/michaelmartin/Maxim_1/Toolchain/bin/../lib/gcc/arm-none-eabi/6.3.1/../../../../arm-none-eabi/lib/thumb/v7e-m/fpv4-sp/softfp/libc.a(lib_a-lock.o)
[...]
Memory Configuration

Name             Origin             Length             Attributes
FLASH            0x0000000000000000 0x0000000000200000 xr
SRAM             0x0000000020000000 0x0000000000080000 xrw
*default*        0x0000000000000000 0xffffffffffffffff

Linker script and memory map

LOAD /Users/michaelmartin/Maxim_1/Toolchain/bin/../lib/gcc/arm-none-eabi/6.3.1/thumb/v7e-m/fpv4-sp/softfp/crti.o
LOAD /Users/michaelmartin/Maxim_1/Toolchain/bin/../lib/gcc/arm-none-eabi/6.3.1/thumb/v7e-m/fpv4-sp/softfp/crtbegin.o
LOAD /Users/michaelmartin/Maxim_1/Toolchain/bin/../lib/gcc/arm-none-eabi/6.3.1/../../../../arm-none-eabi/lib/thumb/v7e-m/fpv4-sp/softfp/crt0.o
LOAD /Users/michaelmartin/Documents/workspace/Smart_Wear_1.0/build/main.o
LOAD /Users/michaelmartin/Documents/workspace/Smart_Wear_1.0/build/board.o
LOAD /Users/michaelmartin/Documents/workspace/Smart_Wear_1.0/build/stdio.o
LOAD /Users/michaelmartin/Documents/workspace/Smart_Wear_1.0/build/led.o
LOAD /Users/michaelmartin/Documents/workspace/Smart_Wear_1.0/build/pb.o
LOAD /Users/michaelmartin/Documents/workspace/Smart_Wear_1.0/build/nhd12832.o
LOAD /Users/michaelmartin/Documents/workspace/Smart_Wear_1.0/build/max14690.o
LOAD /Users/michaelmartin/Documents/workspace/Smart_Wear_1.0/build/mx25.o
LOAD /Users/michaelmartin/Documents/workspace/Smart_Wear_1.0/build/mx25_stub.o
LOAD /Users/michaelmartin/Documents/workspace/Smart_Wear_1.0/build/startup_max3263x.o
LOAD /Users/michaelmartin/Documents/workspace/Smart_Wear_1.0/build/heap.o
LOAD /Users/michaelmartin/Documents/workspace/Smart_Wear_1.0/build/system_max3263x.o
START GROUP
LOAD /Users/michaelmartin/Documents/workspace/Smart_Wear_1.0/build/PeriphDriver/PeriphDriver.a
LOAD /Users/michaelmartin/Maxim_1/Toolchain/bin/../lib/gcc/arm-none-eabi/6.3.1/../../../../arm-none-eabi/lib/thumb/v7e-m/fpv4-sp/softfp/libc.a
LOAD /Users/michaelmartin/Maxim_1/Toolchain/bin/../lib/gcc/arm-none-eabi/6.3.1/../../../../arm-none-eabi/lib/thumb/v7e-m/fpv4-sp/softfp/libm.a
LOAD /Users/michaelmartin/Maxim_1/Toolchain/bin/../lib/gcc/arm-none-eabi/6.3.1/../../../../arm-none-eabi/lib/thumb/v7e-m/fpv4-sp/softfp/libnosys.a
END GROUP
START GROUP
LOAD /Users/michaelmartin/Maxim_1/Toolchain/bin/../lib/gcc/arm-none-eabi/6.3.1/thumb/v7e-m/fpv4-sp/softfp/libgcc.a
LOAD /Users/michaelmartin/Maxim_1/Toolchain/bin/../lib/gcc/arm-none-eabi/6.3.1/../../../../arm-none-eabi/lib/thumb/v7e-m/fpv4-sp/softfp/libc.a
END GROUP
LOAD /Users/michaelmartin/Maxim_1/Toolchain/bin/../lib/gcc/arm-none-eabi/6.3.1/thumb/v7e-m/fpv4-sp/softfp/crtend.o
LOAD /Users/michaelmartin/Maxim_1/Toolchain/bin/../lib/gcc/arm-none-eabi/6.3.1/thumb/v7e-m/fpv4-sp/softfp/crtn.o

.text           0x0000000000000000     0x7c2c
                0x0000000000000000                _text = .
 *(.isr_vector)
 .isr_vector    0x0000000000000000      0x110 /Users/michaelmartin/Documents/workspace/Smart_Wear_1.0/build/startup_max3263x.o
                0x0000000000000000                __isr_vector
 *(.text*)
 .text          0x0000000000000110       0x6c /Users/michaelmartin/Maxim_1/Toolchain/bin/../lib/gcc/arm-none-eabi/6.3.1/thumb/v7e-m/fpv4-sp/softfp/crtbegin.o
 .text.startup.main
                0x000000000000017c      0x118 /Users/michaelmartin/Documents/workspace/Smart_Wear_1.0/build/main.o
                0x000000000000017c                main
 .text.mxc_assert
                0x0000000000000294       0x10 /Users/michaelmartin/Documents/workspace/Smart_Wear_1.0/build/board.o
                0x0000000000000294                mxc_assert
 .text.Console_Init
                0x00000000000002a4       0x30 /Users/michaelmartin/Documents/workspace/Smart_Wear_1.0/build/board.o
                0x00000000000002a4                Console_Init
 .text.Board_Init
                0x00000000000002d4       0x4c /Users/michaelmartin/Documents/workspace/Smart_Wear_1.0/build/board.o
                0x00000000000002d4                Board_Init
 .text.UART_PutChar
                0x0000000000000320       0x20 /Users/michaelmartin/Documents/workspace/Smart_Wear_1.0/build/stdio.o
 .text._close   0x0000000000000340        0x6 /Users/michaelmartin/Documents/workspace/Smart_Wear_1.0/build/stdio.o
                0x0000000000000340                _close
 .text._isatty  0x0000000000000346        0x6 /Users/michaelmartin/Documents/workspace/Smart_Wear_1.0/build/stdio.o
                0x0000000000000346                _isatty
 .text._lseek   0x000000000000034c        0x6 /Users/michaelmartin/Documents/workspace/Smart_Wear_1.0/build/stdio.o
                0x000000000000034c                _lseek
 .text._fstat   0x0000000000000352        0x6 /Users/michaelmartin/Documents/workspace/Smart_Wear_1.0/build/stdio.o
                0x0000000000000352                _fstat
 .text._read    0x0000000000000358       0x40 /Users/michaelmartin/Documents/workspace/Smart_Wear_1.0/build/stdio.o
                0x0000000000000358                _read
 .text._write   0x0000000000000398       0x3c /Users/michaelmartin/Documents/workspace/Smart_Wear_1.0/build/stdio.o
                0x0000000000000398                _write
 .text.LED_Init
                0x00000000000003d4       0x48 /Users/michaelmartin/Documents/workspace/Smart_Wear_1.0/build/led.o
                0x00000000000003d4                LED_Init
 .text.PB_Init  0x000000000000041c       0x38 /Users/michaelmartin/Documents/workspace/Smart_Wear_1.0/build/pb.o
                0x000000000000041c                PB_Init
 .text.GPIO_P0_IRQHandler
                0x0000000000000454        0x6 /Users/michaelmartin/Documents/workspace/Smart_Wear_1.0/build/pb.o
                0x0000000000000454                GPIO_P0_IRQHandler
 .text.GPIO_P1_IRQHandler
                0x000000000000045a        0x6 /Users/michaelmartin/Documents/workspace/Smart_Wear_1.0/build/pb.o
                0x000000000000045a                GPIO_P1_IRQHandler
 .text.GPIO_P2_IRQHandler
                0x0000000000000460        0x6 /Users/michaelmartin/Documents/workspace/Smart_Wear_1.0/build/pb.o
                0x0000000000000460                GPIO_P2_IRQHandler
 .text.GPIO_P3_IRQHandler
                0x0000000000000466        0x6 /Users/michaelmartin/Documents/workspace/Smart_Wear_1.0/build/pb.o
                0x0000000000000466                GPIO_P3_IRQHandler
 .text.GPIO_P4_IRQHandler
                0x000000000000046c        0x6 /Users/michaelmartin/Documents/workspace/Smart_Wear_1.0/build/pb.o
                0x000000000000046c                GPIO_P4_IRQHandler
 .text.GPIO_P5_IRQHandler
                0x0000000000000472        0x6 /Users/michaelmartin/Documents/workspace/Smart_Wear_1.0/build/pb.o
                0x0000000000000472                GPIO_P5_IRQHandler
 .text.GPIO_P6_IRQHandler
                0x0000000000000478        0x6 /Users/michaelmartin/Documents/workspace/Smart_Wear_1.0/build/pb.o
                0x0000000000000478                GPIO_P6_IRQHandler
 .text.GPIO_P7_IRQHandler
                0x000000000000047e        0x6 /Users/michaelmartin/Documents/workspace/Smart_Wear_1.0/build/pb.o
                0x000000000000047e                GPIO_P7_IRQHandler
 .text.GPIO_P8_IRQHandler
                0x0000000000000484        0x6 /Users/michaelmartin/Documents/workspace/Smart_Wear_1.0/build/pb.o
                0x0000000000000484                GPIO_P8_IRQHandler
 *fill*         0x000000000000048a        0x2 
 .text.MAX14690_LDO2SetMode
                0x000000000000048c       0x30 /Users/michaelmartin/Documents/workspace/Smart_Wear_1.0/build/max14690.o
                0x000000000000048c                MAX14690_LDO2SetMode
 .text.VBUS_Interrupt
                0x00000000000004bc       0x3c /Users/michaelmartin/Documents/workspace/Smart_Wear_1.0/build/max14690.o
 .text.MAX14690_InterruptInit
                0x00000000000004f8       0xe4 /Users/michaelmartin/Documents/workspace/Smart_Wear_1.0/build/max14690.o
                0x00000000000004f8                MAX14690_InterruptInit
 .text.MAX14690_LDO2SetV
                0x00000000000005dc       0x48 /Users/michaelmartin/Documents/workspace/Smart_Wear_1.0/build/max14690.o
                0x00000000000005dc                MAX14690_LDO2SetV
 .text.MAX14690_LDO3SetV
                0x0000000000000624       0x48 /Users/michaelmartin/Documents/workspace/Smart_Wear_1.0/build/max14690.o
                0x0000000000000624                MAX14690_LDO3SetV
 .text.MAX14690_Init
                0x000000000000066c       0x68 /Users/michaelmartin/Documents/workspace/Smart_Wear_1.0/build/max14690.o
                0x000000000000066c                MAX14690_Init
 .text.MX25_init
                0x00000000000006d4       0x14 /Users/michaelmartin/Documents/workspace/Smart_Wear_1.0/build/mx25.o
                0x00000000000006d4                MX25_init
 .text.MX25_ID  0x00000000000006e8       0x58 /Users/michaelmartin/Documents/workspace/Smart_Wear_1.0/build/mx25.o
                0x00000000000006e8                MX25_ID
 .text.MX25_read_SR
                0x0000000000000740       0x48 /Users/michaelmartin/Documents/workspace/Smart_Wear_1.0/build/mx25.o
                0x0000000000000740                MX25_read_SR
 .text.flash_busy
                0x0000000000000788       0x18 /Users/michaelmartin/Documents/workspace/Smart_Wear_1.0/build/mx25.o
 .text.MX25_reset
                0x00000000000007a0       0x48 /Users/michaelmartin/Documents/workspace/Smart_Wear_1.0/build/mx25.o
                0x00000000000007a0                MX25_reset
 .text.MX25_read
                0x00000000000007e8       0xc4 /Users/michaelmartin/Documents/workspace/Smart_Wear_1.0/build/mx25.o
                0x00000000000007e8                MX25_read
 .text.write_enable
                0x00000000000008ac       0x44 /Users/michaelmartin/Documents/workspace/Smart_Wear_1.0/build/mx25.o
 .text.MX25_program_page
                0x00000000000008f0       0xc8 /Users/michaelmartin/Documents/workspace/Smart_Wear_1.0/build/mx25.o
                0x00000000000008f0                MX25_program_page
 .text.MX25_erase
                0x00000000000009b8       0x68 /Users/michaelmartin/Documents/workspace/Smart_Wear_1.0/build/mx25.o
                0x00000000000009b8                MX25_erase
 .text.MX25_write_SR
                0x0000000000000a20       0x34 /Users/michaelmartin/Documents/workspace/Smart_Wear_1.0/build/mx25.o
                0x0000000000000a20                MX25_write_SR
 .text.MX25_quad
                0x0000000000000a54       0x5c /Users/michaelmartin/Documents/workspace/Smart_Wear_1.0/build/mx25.o
                0x0000000000000a54                MX25_quad
 .text          0x0000000000000ab0       0xe4 /Users/michaelmartin/Documents/workspace/Smart_Wear_1.0/build/startup_max3263x.o
                0x0000000000000ab0                Reset_Handler
                0x0000000000000aee                NMI_Handler
                0x0000000000000af0                HardFault_Handler
                0x0000000000000af2                MemManage_Handler
                0x0000000000000af4                BusFault_Handler
                0x0000000000000af6                UsageFault_Handler
                0x0000000000000af8                SVC_Handler
                0x0000000000000afa                DebugMon_Handler
                0x0000000000000afc                PendSV_Handler
                0x0000000000000afe                SysTick_Handler
                0x0000000000000b00                Default_Handler
                0x0000000000000b02                CLKMAN_IRQHandler
                0x0000000000000b04                PWRMAN_IRQHandler
                0x0000000000000b06                FLC_IRQHandler
                0x0000000000000b08                RTC0_IRQHandler
                0x0000000000000b0a                RTC1_IRQHandler
                0x0000000000000b0c                RTC2_IRQHandler
                0x0000000000000b0e                RTC3_IRQHandler
                0x0000000000000b10                PMU_IRQHandler
                0x0000000000000b12                USB_IRQHandler
                0x0000000000000b14                AES_IRQHandler
                0x0000000000000b16                MAA_IRQHandler
                0x0000000000000b18                WDT0_IRQHandler
                0x0000000000000b1a                WDT0_P_IRQHandler
                0x0000000000000b1c                WDT1_IRQHandler
                0x0000000000000b1e                WDT1_P_IRQHandler
                0x0000000000000b2e                TMR0_IRQHandler
                0x0000000000000b30                TMR16_0_IRQHandler
                0x0000000000000b32                TMR1_IRQHandler
                0x0000000000000b34                TMR16_1_IRQHandler
                0x0000000000000b36                TMR2_IRQHandler
                0x0000000000000b38                TMR16_2_IRQHandler
                0x0000000000000b3a                TMR3_IRQHandler
                0x0000000000000b3c                TMR16_3_IRQHandler
                0x0000000000000b3e                TMR4_IRQHandler
                0x0000000000000b40                TMR16_4_IRQHandler
                0x0000000000000b42                TMR5_IRQHandler
                0x0000000000000b44                TMR16_5_IRQHandler
                0x0000000000000b46                PT_IRQHandler
                0x0000000000000b48                UART0_IRQHandler
                0x0000000000000b4a                UART1_IRQHandler
                0x0000000000000b4c                UART2_IRQHandler
                0x0000000000000b4e                UART3_IRQHandler
                0x0000000000000b50                I2CM0_IRQHandler
                0x0000000000000b52                I2CM1_IRQHandler
                0x0000000000000b54                I2CM2_IRQHandler
                0x0000000000000b56                I2CS_IRQHandler
                0x0000000000000b58                SPIM0_IRQHandler
                0x0000000000000b5a                SPIM1_IRQHandler
                0x0000000000000b5c                SPIM2_IRQHandler
                0x0000000000000b5e                SPIB_IRQHandler
                0x0000000000000b60                OWM_IRQHandler
                0x0000000000000b62                AFE_IRQHandler
                0x0000000000000b64                SPIS_IRQHandler
 .text._sbrk    0x0000000000000b94       0x38 /Users/michaelmartin/Documents/workspace/Smart_Wear_1.0/build/heap.o
                0x0000000000000b94                _sbrk
 .text.SystemCoreClockUpdate
                0x0000000000000bcc       0x44 /Users/michaelmartin/Documents/workspace/Smart_Wear_1.0/build/system_max3263x.o
                0x0000000000000bcc                SystemCoreClockUpdate
 .text.CLKMAN_TrimRO
                0x0000000000000c10       0xb0 /Users/michaelmartin/Documents/workspace/Smart_Wear_1.0/build/system_max3263x.o
                0x0000000000000c10                CLKMAN_TrimRO
 .text.PreInit  0x0000000000000cc0       0x30 /Users/michaelmartin/Documents/workspace/Smart_Wear_1.0/build/system_max3263x.o
                0x0000000000000cc0                PreInit
 .text.SystemInit
                0x0000000000000cf0      0x134 /Users/michaelmartin/Documents/workspace/Smart_Wear_1.0/build/system_max3263x.o
                0x0000000000000cf0                SystemInit
 .text.GPIO_Config
                0x0000000000000e24       0xcc /Users/michaelmartin/Documents/workspace/Smart_Wear_1.0/build/PeriphDriver/PeriphDriver.a(gpio.o)
                0x0000000000000e24                GPIO_Config
 .text.GPIO_IntConfig
                0x0000000000000ef0       0x6c /Users/michaelmartin/Documents/workspace/Smart_Wear_1.0/build/PeriphDriver/PeriphDriver.a(gpio.o)
                0x0000000000000ef0                GPIO_IntConfig
 .text.GPIO_RegisterCallback
                0x0000000000000f5c       0x68 /Users/michaelmartin/Documents/workspace/Smart_Wear_1.0/build/PeriphDriver/PeriphDriver.a(gpio.o)
                0x0000000000000f5c                GPIO_RegisterCallback
 .text.GPIO_Handler
                0x0000000000000fc4       0x64 /Users/michaelmartin/Documents/workspace/Smart_Wear_1.0/build/PeriphDriver/PeriphDriver.a(gpio.o)
                0x0000000000000fc4                GPIO_Handler
 .text.I2CM_Recover
                0x0000000000001028       0x12 /Users/michaelmartin/Documents/workspace/Smart_Wear_1.0/build/PeriphDriver/PeriphDriver.a(i2cm.o)
 .text.I2CM_WriteTxFifo
                0x000000000000103a       0x32 /Users/michaelmartin/Documents/workspace/Smart_Wear_1.0/build/PeriphDriver/PeriphDriver.a(i2cm.o)
 .text.I2CM_TxInProgress
                0x000000000000106c       0x3e /Users/michaelmartin/Documents/workspace/Smart_Wear_1.0/build/PeriphDriver/PeriphDriver.a(i2cm.o)
 .text.I2CM_Tx  0x00000000000010aa       0x60 /Users/michaelmartin/Documents/workspace/Smart_Wear_1.0/build/PeriphDriver/PeriphDriver.a(i2cm.o)
 *fill*         0x000000000000110a        0x2 
 .text.I2CM_Init
                0x000000000000110c       0xac /Users/michaelmartin/Documents/workspace/Smart_Wear_1.0/build/PeriphDriver/PeriphDriver.a(i2cm.o)
                0x000000000000110c                I2CM_Init
 .text.I2CM_Read
                0x00000000000011b8      0x1bc /Users/michaelmartin/Documents/workspace/Smart_Wear_1.0/build/PeriphDriver/PeriphDriver.a(i2cm.o)
                0x00000000000011b8                I2CM_Read
 .text.I2CM_Write
                0x0000000000001374       0xf4 /Users/michaelmartin/Documents/workspace/Smart_Wear_1.0/build/PeriphDriver/PeriphDriver.a(i2cm.o)
                0x0000000000001374                I2CM_Write
 .text.LP_ConfigGPIOWakeUpDetect
                0x0000000000001468      0x114 /Users/michaelmartin/Documents/workspace/Smart_Wear_1.0/build/PeriphDriver/PeriphDriver.a(lp.o)
                0x0000000000001468                LP_ConfigGPIOWakeUpDetect
 .text.mxc_get_lock
                0x000000000000157c       0x1c /Users/michaelmartin/Documents/workspace/Smart_Wear_1.0/build/PeriphDriver/PeriphDriver.a(mxc_lock.o)
                0x000000000000157c                mxc_get_lock
 .text.mxc_free_lock
                0x0000000000001598        0xa /Users/michaelmartin/Documents/workspace/Smart_Wear_1.0/build/PeriphDriver/PeriphDriver.a(mxc_lock.o)
                0x0000000000001598                mxc_free_lock
 *fill*         0x00000000000015a2        0x2 
 .text.SYS_GetFreq
                0x00000000000015a4       0x18 /Users/michaelmartin/Documents/workspace/Smart_Wear_1.0/build/PeriphDriver/PeriphDriver.a(mxc_sys.o)
                0x00000000000015a4                SYS_GetFreq
 .text.SYS_GPIO_Init
                0x00000000000015bc       0x16 /Users/michaelmartin/Documents/workspace/Smart_Wear_1.0/build/PeriphDriver/PeriphDriver.a(mxc_sys.o)
                0x00000000000015bc                SYS_GPIO_Init
 *fill*         0x00000000000015d2        0x2 
 .text.SYS_UART_Init
                0x00000000000015d4       0xb4 /Users/michaelmartin/Documents/workspace/Smart_Wear_1.0/build/PeriphDriver/PeriphDriver.a(mxc_sys.o)
                0x00000000000015d4                SYS_UART_Init
 .text.SYS_UART_GetFreq
                0x0000000000001688       0x10 /Users/michaelmartin/Documents/workspace/Smart_Wear_1.0/build/PeriphDriver/PeriphDriver.a(mxc_sys.o)
                0x0000000000001688                SYS_UART_GetFreq
 .text.SYS_I2CM_Init
                0x0000000000001698       0x2c /Users/michaelmartin/Documents/workspace/Smart_Wear_1.0/build/PeriphDriver/PeriphDriver.a(mxc_sys.o)
                0x0000000000001698                SYS_I2CM_Init
 .text.SYS_I2CM_GetFreq
                0x00000000000016c4       0x10 /Users/michaelmartin/Documents/workspace/Smart_Wear_1.0/build/PeriphDriver/PeriphDriver.a(mxc_sys.o)
                0x00000000000016c4                SYS_I2CM_GetFreq
 .text.SYS_SPIM_Init
                0x00000000000016d4       0x98 /Users/michaelmartin/Documents/workspace/Smart_Wear_1.0/build/PeriphDriver/PeriphDriver.a(mxc_sys.o)
                0x00000000000016d4                SYS_SPIM_Init
 .text.SYS_SPIM_GetFreq
                0x000000000000176c       0x3c /Users/michaelmartin/Documents/workspace/Smart_Wear_1.0/build/PeriphDriver/PeriphDriver.a(mxc_sys.o)
                0x000000000000176c                SYS_SPIM_GetFreq
 .text.SPIM_TransHandler
                0x00000000000017a8      0x2c8 /Users/michaelmartin/Documents/workspace/Smart_Wear_1.0/build/PeriphDriver/PeriphDriver.a(spim.o)
 .text.SPIM_Init
                0x0000000000001a70      0x108 /Users/michaelmartin/Documents/workspace/Smart_Wear_1.0/build/PeriphDriver/PeriphDriver.a(spim.o)
                0x0000000000001a70                SPIM_Init
 .text.SPIM_Clocks
                0x0000000000001b78      0x120 /Users/michaelmartin/Documents/workspace/Smart_Wear_1.0/build/PeriphDriver/PeriphDriver.a(spim.o)
                0x0000000000001b78                SPIM_Clocks
 .text.SPIM_Trans
                0x0000000000001c98       0xc0 /Users/michaelmartin/Documents/workspace/Smart_Wear_1.0/build/PeriphDriver/PeriphDriver.a(spim.o)
                0x0000000000001c98                SPIM_Trans
 .text.UART_Init
                0x0000000000001d58      0x144 /Users/michaelmartin/Documents/workspace/Smart_Wear_1.0/build/PeriphDriver/PeriphDriver.a(uart.o)
                0x0000000000001d58                UART_Init
 .text.CLKMAN_SetClkScale
                0x0000000000001e9c       0x44 /Users/michaelmartin/Documents/workspace/Smart_Wear_1.0/build/PeriphDriver/PeriphDriver.a(clkman.o)
                0x0000000000001e9c                CLKMAN_SetClkScale
 .text.CLKMAN_GetClkScale
                0x0000000000001ee0       0x38 /Users/michaelmartin/Documents/workspace/Smart_Wear_1.0/build/PeriphDriver/PeriphDriver.a(clkman.o)
                0x0000000000001ee0                CLKMAN_GetClkScale
 .text.IOMAN_Config
                0x0000000000001f18       0x28 /Users/michaelmartin/Documents/workspace/Smart_Wear_1.0/build/PeriphDriver/PeriphDriver.a(ioman.o)
                0x0000000000001f18                IOMAN_Config
 .text.__errno  0x0000000000001f40        0xc /Users/michaelmartin/Maxim_1/Toolchain/bin/../lib/gcc/arm-none-eabi/6.3.1/../../../../arm-none-eabi/lib/thumb/v7e-m/fpv4-sp/softfp/libc.a(lib_a-errno.o)
                0x0000000000001f40                __errno
 .text.__sflush_r
                0x0000000000001f4c      0x140 /Users/michaelmartin/Maxim_1/Toolchain/bin/../lib/gcc/arm-none-eabi/6.3.1/../../../../arm-none-eabi/lib/thumb/v7e-m/fpv4-sp/softfp/libc.a(lib_a-fflush.o)
                0x0000000000001f4c                __sflush_r
 .text._fflush_r
                0x000000000000208c       0x54 /Users/michaelmartin/Maxim_1/Toolchain/bin/../lib/gcc/arm-none-eabi/6.3.1/../../../../arm-none-eabi/lib/thumb/v7e-m/fpv4-sp/softfp/libc.a(lib_a-fflush.o)
                0x000000000000208c                _fflush_r
 .text._cleanup_r
                0x00000000000020e0        0xc /Users/michaelmartin/Maxim_1/Toolchain/bin/../lib/gcc/arm-none-eabi/6.3.1/../../../../arm-none-eabi/lib/thumb/v7e-m/fpv4-sp/softfp/libc.a(lib_a-findfp.o)
                0x00000000000020e0                _cleanup_r
 .text.std.isra.0
                0x00000000000020ec       0x50 /Users/michaelmartin/Maxim_1/Toolchain/bin/../lib/gcc/arm-none-eabi/6.3.1/../../../../arm-none-eabi/lib/thumb/v7e-m/fpv4-sp/softfp/libc.a(lib_a-findfp.o)
 .text.__sinit  0x000000000000213c       0x58 /Users/michaelmartin/Maxim_1/Toolchain/bin/../lib/gcc/arm-none-eabi/6.3.1/../../../../arm-none-eabi/lib/thumb/v7e-m/fpv4-sp/softfp/libc.a(lib_a-findfp.o)
                0x000000000000213c                __sinit
 .text.__sfp_lock_acquire
                0x0000000000002194        0xc /Users/michaelmartin/Maxim_1/Toolchain/bin/../lib/gcc/arm-none-eabi/6.3.1/../../../../arm-none-eabi/lib/thumb/v7e-m/fpv4-sp/softfp/libc.a(lib_a-findfp.o)
                0x0000000000002194                __sfp_lock_acquire
 .text.__sfp_lock_release
                0x00000000000021a0        0xc /Users/michaelmartin/Maxim_1/Toolchain/bin/../lib/gcc/arm-none-eabi/6.3.1/../../../../arm-none-eabi/lib/thumb/v7e-m/fpv4-sp/softfp/libc.a(lib_a-findfp.o)
                0x00000000000021a0                __sfp_lock_release
 .text._malloc_trim_r
                0x00000000000021ac       0xa0 /Users/michaelmartin/Maxim_1/Toolchain/bin/../lib/gcc/arm-none-eabi/6.3.1/../../../../arm-none-eabi/lib/thumb/v7e-m/fpv4-sp/softfp/libc.a(lib_a-freer.o)
                0x00000000000021ac                _malloc_trim_r
 .text._free_r  0x000000000000224c      0x1cc /Users/michaelmartin/Maxim_1/Toolchain/bin/../lib/gcc/arm-none-eabi/6.3.1/../../../../arm-none-eabi/lib/thumb/v7e-m/fpv4-sp/softfp/libc.a(lib_a-freer.o)
                0x000000000000224c                _free_r
 .text._fwalk_reent
                0x0000000000002418       0x54 /Users/michaelmartin/Maxim_1/Toolchain/bin/../lib/gcc/arm-none-eabi/6.3.1/../../../../arm-none-eabi/lib/thumb/v7e-m/fpv4-sp/softfp/libc.a(lib_a-fwalk.o)
                0x0000000000002418                _fwalk_reent
 .text.__libc_init_array
                0x000000000000246c       0x50 /Users/michaelmartin/Maxim_1/Toolchain/bin/../lib/gcc/arm-none-eabi/6.3.1/../../../../arm-none-eabi/lib/thumb/v7e-m/fpv4-sp/softfp/libc.a(lib_a-init.o)
                0x000000000000246c                __libc_init_array
 .text.__retarget_lock_init_recursive
                0x00000000000024bc        0x4 /Users/michaelmartin/Maxim_1/Toolchain/bin/../lib/gcc/arm-none-eabi/6.3.1/../../../../arm-none-eabi/lib/thumb/v7e-m/fpv4-sp/softfp/libc.a(lib_a-lock.o)
                0x00000000000024bc                __retarget_lock_init_recursive
 .text.__retarget_lock_close_recursive
                0x00000000000024c0        0x4 /Users/michaelmartin/Maxim_1/Toolchain/bin/../lib/gcc/arm-none-eabi/6.3.1/../../../../arm-none-eabi/lib/thumb/v7e-m/fpv4-sp/softfp/libc.a(lib_a-lock.o)
                0x00000000000024c0                __retarget_lock_close_recursive
 .text.__retarget_lock_acquire_recursive
                0x00000000000024c4        0x4 /Users/michaelmartin/Maxim_1/Toolchain/bin/../lib/gcc/arm-none-eabi/6.3.1/../../../../arm-none-eabi/lib/thumb/v7e-m/fpv4-sp/softfp/libc.a(lib_a-lock.o)
                0x00000000000024c4                __retarget_lock_acquire_recursive
 .text.__retarget_lock_release_recursive
                0x00000000000024c8        0x4 /Users/michaelmartin/Maxim_1/Toolchain/bin/../lib/gcc/arm-none-eabi/6.3.1/../../../../arm-none-eabi/lib/thumb/v7e-m/fpv4-sp/softfp/libc.a(lib_a-lock.o)
                0x00000000000024c8                __retarget_lock_release_recursive
 .text._malloc_r
                0x00000000000024cc      0x560 /Users/michaelmartin/Maxim_1/Toolchain/bin/../lib/gcc/arm-none-eabi/6.3.1/../../../../arm-none-eabi/lib/thumb/v7e-m/fpv4-sp/softfp/libc.a(lib_a-mallocr.o)
                0x00000000000024cc                _malloc_r
 .text.memcmp   0x0000000000002a2c       0x60 /Users/michaelmartin/Maxim_1/Toolchain/bin/../lib/gcc/arm-none-eabi/6.3.1/../../../../arm-none-eabi/lib/thumb/v7e-m/fpv4-sp/softfp/libc.a(lib_a-memcmp.o)
                0x0000000000002a2c                memcmp
 .text          0x0000000000002a8c      0x134 /Users/michaelmartin/Maxim_1/Toolchain/bin/../lib/gcc/arm-none-eabi/6.3.1/../../../../arm-none-eabi/lib/thumb/v7e-m/fpv4-sp/softfp/libc.a(lib_a-memcpy.o)
                0x0000000000002a8c                memcpy
 .text.memset   0x0000000000002bc0       0x9c /Users/michaelmartin/Maxim_1/Toolchain/bin/../lib/gcc/arm-none-eabi/6.3.1/../../../../arm-none-eabi/lib/thumb/v7e-m/fpv4-sp/softfp/libc.a(lib_a-memset.o)
                0x0000000000002bc0                memset
 .text.__malloc_lock
                0x0000000000002c5c        0xc /Users/michaelmartin/Maxim_1/Toolchain/bin/../lib/gcc/arm-none-eabi/6.3.1/../../../../arm-none-eabi/lib/thumb/v7e-m/fpv4-sp/softfp/libc.a(lib_a-mlock.o)
                0x0000000000002c5c                __malloc_lock
 .text.__malloc_unlock
                0x0000000000002c68        0xc /Users/michaelmartin/Maxim_1/Toolchain/bin/../lib/gcc/arm-none-eabi/6.3.1/../../../../arm-none-eabi/lib/thumb/v7e-m/fpv4-sp/softfp/libc.a(lib_a-mlock.o)
                0x0000000000002c68                __malloc_unlock
 .text.printf   0x0000000000002c74       0x28 /Users/michaelmartin/Maxim_1/Toolchain/bin/../lib/gcc/arm-none-eabi/6.3.1/../../../../arm-none-eabi/lib/thumb/v7e-m/fpv4-sp/softfp/libc.a(lib_a-printf.o)
                0x0000000000002c74                printf
 .text._puts_r  0x0000000000002c9c       0x9c /Users/michaelmartin/Maxim_1/Toolchain/bin/../lib/gcc/arm-none-eabi/6.3.1/../../../../arm-none-eabi/lib/thumb/v7e-m/fpv4-sp/softfp/libc.a(lib_a-puts.o)
                0x0000000000002c9c                _puts_r
 .text.puts     0x0000000000002d38       0x10 /Users/michaelmartin/Maxim_1/Toolchain/bin/../lib/gcc/arm-none-eabi/6.3.1/../../../../arm-none-eabi/lib/thumb/v7e-m/fpv4-sp/softfp/libc.a(lib_a-puts.o)
                0x0000000000002d38                puts
 .text._sbrk_r  0x0000000000002d48       0x24 /Users/michaelmartin/Maxim_1/Toolchain/bin/../lib/gcc/arm-none-eabi/6.3.1/../../../../arm-none-eabi/lib/thumb/v7e-m/fpv4-sp/softfp/libc.a(lib_a-sbrkr.o)
                0x0000000000002d48                _sbrk_r
 .text.__sread  0x0000000000002d6c       0x24 /Users/michaelmartin/Maxim_1/Toolchain/bin/../lib/gcc/arm-none-eabi/6.3.1/../../../../arm-none-eabi/lib/thumb/v7e-m/fpv4-sp/softfp/libc.a(lib_a-stdio.o)
                0x0000000000002d6c                __sread
 .text.__swrite
                0x0000000000002d90       0x3c /Users/michaelmartin/Maxim_1/Toolchain/bin/../lib/gcc/arm-none-eabi/6.3.1/../../../../arm-none-eabi/lib/thumb/v7e-m/fpv4-sp/softfp/libc.a(lib_a-stdio.o)
                0x0000000000002d90                __swrite
 .text.__sseek  0x0000000000002dcc       0x20 /Users/michaelmartin/Maxim_1/Toolchain/bin/../lib/gcc/arm-none-eabi/6.3.1/../../../../arm-none-eabi/lib/thumb/v7e-m/fpv4-sp/softfp/libc.a(lib_a-stdio.o)
                0x0000000000002dcc                __sseek
 .text.__sclose
                0x0000000000002dec        0x8 /Users/michaelmartin/Maxim_1/Toolchain/bin/../lib/gcc/arm-none-eabi/6.3.1/../../../../arm-none-eabi/lib/thumb/v7e-m/fpv4-sp/softfp/libc.a(lib_a-stdio.o)
                0x0000000000002dec                __sclose
 *fill*         0x0000000000002df4        0xc 
 .text          0x0000000000002e00       0xdc /Users/michaelmartin/Maxim_1/Toolchain/bin/../lib/gcc/arm-none-eabi/6.3.1/../../../../arm-none-eabi/lib/thumb/v7e-m/fpv4-sp/softfp/libc.a(lib_a-strlen.o)
                0x0000000000002e00                strlen
 *fill*         0x0000000000002edc        0x4 
 .text._vfprintf_r
                0x0000000000002ee0     0x1584 /Users/michaelmartin/Maxim_1/Toolchain/bin/../lib/gcc/arm-none-eabi/6.3.1/../../../../arm-none-eabi/lib/thumb/v7e-m/fpv4-sp/softfp/libc.a(lib_a-vfprintf.o)
                0x0000000000002ee0                _vfprintf_r
 .text.__sbprintf
                0x0000000000004464       0x84 /Users/michaelmartin/Maxim_1/Toolchain/bin/../lib/gcc/arm-none-eabi/6.3.1/../../../../arm-none-eabi/lib/thumb/v7e-m/fpv4-sp/softfp/libc.a(lib_a-vfprintf.o)
 .text._write_r
                0x00000000000044e8       0x2c /Users/michaelmartin/Maxim_1/Toolchain/bin/../lib/gcc/arm-none-eabi/6.3.1/../../../../arm-none-eabi/lib/thumb/v7e-m/fpv4-sp/softfp/libc.a(lib_a-writer.o)
                0x00000000000044e8                _write_r
 .text.__swsetup_r
                0x0000000000004514       0xc8 /Users/michaelmartin/Maxim_1/Toolchain/bin/../lib/gcc/arm-none-eabi/6.3.1/../../../../arm-none-eabi/lib/thumb/v7e-m/fpv4-sp/softfp/libc.a(lib_a-wsetup.o)
                0x0000000000004514                __swsetup_r
 .text.startup.register_fini
                0x00000000000045dc       0x14 /Users/michaelmartin/Maxim_1/Toolchain/bin/../lib/gcc/arm-none-eabi/6.3.1/../../../../arm-none-eabi/lib/thumb/v7e-m/fpv4-sp/softfp/libc.a(lib_a-__call_atexit.o)
 .text.atexit   0x00000000000045f0        0xc /Users/michaelmartin/Maxim_1/Toolchain/bin/../lib/gcc/arm-none-eabi/6.3.1/../../../../arm-none-eabi/lib/thumb/v7e-m/fpv4-sp/softfp/libc.a(lib_a-atexit.o)
                0x00000000000045f0                atexit
 .text._close_r
                0x00000000000045fc       0x24 /Users/michaelmartin/Maxim_1/Toolchain/bin/../lib/gcc/arm-none-eabi/6.3.1/../../../../arm-none-eabi/lib/thumb/v7e-m/fpv4-sp/softfp/libc.a(lib_a-closer.o)
                0x00000000000045fc                _close_r
 .text.quorem   0x0000000000004620      0x128 /Users/michaelmartin/Maxim_1/Toolchain/bin/../lib/gcc/arm-none-eabi/6.3.1/../../../../arm-none-eabi/lib/thumb/v7e-m/fpv4-sp/softfp/libc.a(lib_a-dtoa.o)
 .text._dtoa_r  0x0000000000004748      0xe34 /Users/michaelmartin/Maxim_1/Toolchain/bin/../lib/gcc/arm-none-eabi/6.3.1/../../../../arm-none-eabi/lib/thumb/v7e-m/fpv4-sp/softfp/libc.a(lib_a-dtoa.o)
                0x0000000000004748                _dtoa_r
 .text._fclose_r
                0x000000000000557c       0xc4 /Users/michaelmartin/Maxim_1/Toolchain/bin/../lib/gcc/arm-none-eabi/6.3.1/../../../../arm-none-eabi/lib/thumb/v7e-m/fpv4-sp/softfp/libc.a(lib_a-fclose.o)
                0x000000000000557c                _fclose_r
 .text.__libc_fini_array
                0x0000000000005640       0x34 /Users/michaelmartin/Maxim_1/Toolchain/bin/../lib/gcc/arm-none-eabi/6.3.1/../../../../arm-none-eabi/lib/thumb/v7e-m/fpv4-sp/softfp/libc.a(lib_a-fini.o)
                0x0000000000005640                __libc_fini_array
 .text.__sfvwrite_r
                0x0000000000005674      0x2f0 /Users/michaelmartin/Maxim_1/Toolchain/bin/../lib/gcc/arm-none-eabi/6.3.1/../../../../arm-none-eabi/lib/thumb/v7e-m/fpv4-sp/softfp/libc.a(lib_a-fvwrite.o)
                0x0000000000005674                __sfvwrite_r
 .text._localeconv_r
                0x0000000000005964       0x1c /Users/michaelmartin/Maxim_1/Toolchain/bin/../lib/gcc/arm-none-eabi/6.3.1/../../../../arm-none-eabi/lib/thumb/v7e-m/fpv4-sp/softfp/libc.a(lib_a-localeconv.o)
                0x0000000000005964                _localeconv_r
 .text._lseek_r
                0x0000000000005980       0x2c /Users/michaelmartin/Maxim_1/Toolchain/bin/../lib/gcc/arm-none-eabi/6.3.1/../../../../arm-none-eabi/lib/thumb/v7e-m/fpv4-sp/softfp/libc.a(lib_a-lseekr.o)
                0x0000000000005980                _lseek_r
 .text.__swhatbuf_r
                0x00000000000059ac       0x5c /Users/michaelmartin/Maxim_1/Toolchain/bin/../lib/gcc/arm-none-eabi/6.3.1/../../../../arm-none-eabi/lib/thumb/v7e-m/fpv4-sp/softfp/libc.a(lib_a-makebuf.o)
                0x00000000000059ac                __swhatbuf_r
 .text.__smakebuf_r
                0x0000000000005a08       0x94 /Users/michaelmartin/Maxim_1/Toolchain/bin/../lib/gcc/arm-none-eabi/6.3.1/../../../../arm-none-eabi/lib/thumb/v7e-m/fpv4-sp/softfp/libc.a(lib_a-makebuf.o)
                0x0000000000005a08                __smakebuf_r
 *fill*         0x0000000000005a9c        0x4 
 .text          0x0000000000005aa0       0xa0 /Users/michaelmartin/Maxim_1/Toolchain/bin/../lib/gcc/arm-none-eabi/6.3.1/../../../../arm-none-eabi/lib/thumb/v7e-m/fpv4-sp/softfp/libc.a(lib_a-memchr.o)
                0x0000000000005aa0                memchr
 .text.memmove  0x0000000000005b40       0xc8 /Users/michaelmartin/Maxim_1/Toolchain/bin/../lib/gcc/arm-none-eabi/6.3.1/../../../../arm-none-eabi/lib/thumb/v7e-m/fpv4-sp/softfp/libc.a(lib_a-memmove.o)
                0x0000000000005b40                memmove
 .text._Balloc  0x0000000000005c08       0x4c /Users/michaelmartin/Maxim_1/Toolchain/bin/../lib/gcc/arm-none-eabi/6.3.1/../../../../arm-none-eabi/lib/thumb/v7e-m/fpv4-sp/softfp/libc.a(lib_a-mprec.o)
                0x0000000000005c08                _Balloc
 .text._Bfree   0x0000000000005c54       0x14 /Users/michaelmartin/Maxim_1/Toolchain/bin/../lib/gcc/arm-none-eabi/6.3.1/../../../../arm-none-eabi/lib/thumb/v7e-m/fpv4-sp/softfp/libc.a(lib_a-mprec.o)
                0x0000000000005c54                _Bfree
 .text.__multadd
                0x0000000000005c68       0x80 /Users/michaelmartin/Maxim_1/Toolchain/bin/../lib/gcc/arm-none-eabi/6.3.1/../../../../arm-none-eabi/lib/thumb/v7e-m/fpv4-sp/softfp/libc.a(lib_a-mprec.o)
                0x0000000000005c68                __multadd
 .text.__hi0bits
                0x0000000000005ce8       0x40 /Users/michaelmartin/Maxim_1/Toolchain/bin/../lib/gcc/arm-none-eabi/6.3.1/../../../../arm-none-eabi/lib/thumb/v7e-m/fpv4-sp/softfp/libc.a(lib_a-mprec.o)
                0x0000000000005ce8                __hi0bits
 .text.__lo0bits
                0x0000000000005d28       0x60 /Users/michaelmartin/Maxim_1/Toolchain/bin/../lib/gcc/arm-none-eabi/6.3.1/../../../../arm-none-eabi/lib/thumb/v7e-m/fpv4-sp/softfp/libc.a(lib_a-mprec.o)
                0x0000000000005d28                __lo0bits
 .text.__i2b    0x0000000000005d88       0x14 /Users/michaelmartin/Maxim_1/Toolchain/bin/../lib/gcc/arm-none-eabi/6.3.1/../../../../arm-none-eabi/lib/thumb/v7e-m/fpv4-sp/softfp/libc.a(lib_a-mprec.o)
                0x0000000000005d88                __i2b
 .text.__multiply
                0x0000000000005d9c      0x124 /Users/michaelmartin/Maxim_1/Toolchain/bin/../lib/gcc/arm-none-eabi/6.3.1/../../../../arm-none-eabi/lib/thumb/v7e-m/fpv4-sp/softfp/libc.a(lib_a-mprec.o)
                0x0000000000005d9c                __multiply
 .text.__pow5mult
                0x0000000000005ec0       0xa0 /Users/michaelmartin/Maxim_1/Toolchain/bin/../lib/gcc/arm-none-eabi/6.3.1/../../../../arm-none-eabi/lib/thumb/v7e-m/fpv4-sp/softfp/libc.a(lib_a-mprec.o)
                0x0000000000005ec0                __pow5mult
 .text.__lshift
                0x0000000000005f60       0xa4 /Users/michaelmartin/Maxim_1/Toolchain/bin/../lib/gcc/arm-none-eabi/6.3.1/../../../../arm-none-eabi/lib/thumb/v7e-m/fpv4-sp/softfp/libc.a(lib_a-mprec.o)
                0x0000000000005f60                __lshift
 .text.__mcmp   0x0000000000006004       0x38 /Users/michaelmartin/Maxim_1/Toolchain/bin/../lib/gcc/arm-none-eabi/6.3.1/../../../../arm-none-eabi/lib/thumb/v7e-m/fpv4-sp/softfp/libc.a(lib_a-mprec.o)
                0x0000000000006004                __mcmp
 .text.__mdiff  0x000000000000603c      0x108 /Users/michaelmartin/Maxim_1/Toolchain/bin/../lib/gcc/arm-none-eabi/6.3.1/../../../../arm-none-eabi/lib/thumb/v7e-m/fpv4-sp/softfp/libc.a(lib_a-mprec.o)
                0x000000000000603c                __mdiff
 .text.__d2b    0x0000000000006144       0xb8 /Users/michaelmartin/Maxim_1/Toolchain/bin/../lib/gcc/arm-none-eabi/6.3.1/../../../../arm-none-eabi/lib/thumb/v7e-m/fpv4-sp/softfp/libc.a(lib_a-mprec.o)
                0x0000000000006144                __d2b
 .text._read_r  0x00000000000061fc       0x2c /Users/michaelmartin/Maxim_1/Toolchain/bin/../lib/gcc/arm-none-eabi/6.3.1/../../../../arm-none-eabi/lib/thumb/v7e-m/fpv4-sp/softfp/libc.a(lib_a-readr.o)
                0x00000000000061fc                _read_r
 .text._realloc_r
                0x0000000000006228      0x34c /Users/michaelmartin/Maxim_1/Toolchain/bin/../lib/gcc/arm-none-eabi/6.3.1/../../../../arm-none-eabi/lib/thumb/v7e-m/fpv4-sp/softfp/libc.a(lib_a-reallocr.o)
                0x0000000000006228                _realloc_r
 .text.__sprint_r.part.0
                0x0000000000006574       0x80 /Users/michaelmartin/Maxim_1/Toolchain/bin/../lib/gcc/arm-none-eabi/6.3.1/../../../../arm-none-eabi/lib/thumb/v7e-m/fpv4-sp/softfp/libc.a(lib_a-vfiprintf.o)
 .text.__sprint_r
                0x00000000000065f4       0x14 /Users/michaelmartin/Maxim_1/Toolchain/bin/../lib/gcc/arm-none-eabi/6.3.1/../../../../arm-none-eabi/lib/thumb/v7e-m/fpv4-sp/softfp/libc.a(lib_a-vfiprintf.o)
                0x00000000000065f4                __sprint_r
 .text.__register_exitproc
                0x0000000000006608       0xc4 /Users/michaelmartin/Maxim_1/Toolchain/bin/../lib/gcc/arm-none-eabi/6.3.1/../../../../arm-none-eabi/lib/thumb/v7e-m/fpv4-sp/softfp/libc.a(lib_a-__atexit.o)
                0x0000000000006608                __register_exitproc
 .text._calloc_r
                0x00000000000066cc       0x60 /Users/michaelmartin/Maxim_1/Toolchain/bin/../lib/gcc/arm-none-eabi/6.3.1/../../../../arm-none-eabi/lib/thumb/v7e-m/fpv4-sp/softfp/libc.a(lib_a-callocr.o)
                0x00000000000066cc                _calloc_r
 .text.__fputwc
                0x000000000000672c       0xa0 /Users/michaelmartin/Maxim_1/Toolchain/bin/../lib/gcc/arm-none-eabi/6.3.1/../../../../arm-none-eabi/lib/thumb/v7e-m/fpv4-sp/softfp/libc.a(lib_a-fputwc.o)
                0x000000000000672c                __fputwc
 .text._fputwc_r
                0x00000000000067cc       0x68 /Users/michaelmartin/Maxim_1/Toolchain/bin/../lib/gcc/arm-none-eabi/6.3.1/../../../../arm-none-eabi/lib/thumb/v7e-m/fpv4-sp/softfp/libc.a(lib_a-fputwc.o)
                0x00000000000067cc                _fputwc_r
 .text._fstat_r
                0x0000000000006834       0x28 /Users/michaelmartin/Maxim_1/Toolchain/bin/../lib/gcc/arm-none-eabi/6.3.1/../../../../arm-none-eabi/lib/thumb/v7e-m/fpv4-sp/softfp/libc.a(lib_a-fstatr.o)
                0x0000000000006834                _fstat_r
 .text._isatty_r
                0x000000000000685c       0x24 /Users/michaelmartin/Maxim_1/Toolchain/bin/../lib/gcc/arm-none-eabi/6.3.1/../../../../arm-none-eabi/lib/thumb/v7e-m/fpv4-sp/softfp/libc.a(lib_a-isattyr.o)
                0x000000000000685c                _isatty_r
 .text.__locale_mb_cur_max
                0x0000000000006880       0x1c /Users/michaelmartin/Maxim_1/Toolchain/bin/../lib/gcc/arm-none-eabi/6.3.1/../../../../arm-none-eabi/lib/thumb/v7e-m/fpv4-sp/softfp/libc.a(lib_a-locale.o)
                0x0000000000006880                __locale_mb_cur_max
 .text.__ascii_mbtowc
                0x000000000000689c       0x2c /Users/michaelmartin/Maxim_1/Toolchain/bin/../lib/gcc/arm-none-eabi/6.3.1/../../../../arm-none-eabi/lib/thumb/v7e-m/fpv4-sp/softfp/libc.a(lib_a-mbtowc_r.o)
                0x000000000000689c                __ascii_mbtowc
 .text.__swbuf_r
                0x00000000000068c8       0xb0 /Users/michaelmartin/Maxim_1/Toolchain/bin/../lib/gcc/arm-none-eabi/6.3.1/../../../../arm-none-eabi/lib/thumb/v7e-m/fpv4-sp/softfp/libc.a(lib_a-wbuf.o)
                0x00000000000068c8                __swbuf_r
 .text._wcrtomb_r
                0x0000000000006978       0x54 /Users/michaelmartin/Maxim_1/Toolchain/bin/../lib/gcc/arm-none-eabi/6.3.1/../../../../arm-none-eabi/lib/thumb/v7e-m/fpv4-sp/softfp/libc.a(lib_a-wcrtomb.o)
                0x0000000000006978                _wcrtomb_r
 .text.__ascii_wctomb
                0x00000000000069cc       0x1c /Users/michaelmartin/Maxim_1/Toolchain/bin/../lib/gcc/arm-none-eabi/6.3.1/../../../../arm-none-eabi/lib/thumb/v7e-m/fpv4-sp/softfp/libc.a(lib_a-wctomb_r.o)
                0x00000000000069cc                __ascii_wctomb
 .text          0x00000000000069e8      0x370 /Users/michaelmartin/Maxim_1/Toolchain/bin/../lib/gcc/arm-none-eabi/6.3.1/thumb/v7e-m/fpv4-sp/softfp/libgcc.a(_arm_addsubdf3.o)
                0x00000000000069e8                __aeabi_drsub
                0x00000000000069f0                __subdf3
                0x00000000000069f0                __aeabi_dsub
                0x00000000000069f4                __aeabi_dadd
                0x00000000000069f4                __adddf3
                0x0000000000006c6c                __aeabi_ui2d
                0x0000000000006c6c                __floatunsidf
                0x0000000000006c8c                __floatsidf
                0x0000000000006c8c                __aeabi_i2d
                0x0000000000006cb0                __extendsfdf2
                0x0000000000006cb0                __aeabi_f2d
                0x0000000000006cec                __aeabi_ul2d
                0x0000000000006cec                __floatundidf
                0x0000000000006cfc                __aeabi_l2d
                0x0000000000006cfc                __floatdidf
 .text          0x0000000000006d58      0x424 /Users/michaelmartin/Maxim_1/Toolchain/bin/../lib/gcc/arm-none-eabi/6.3.1/thumb/v7e-m/fpv4-sp/softfp/libgcc.a(_arm_muldivdf3.o)
                0x0000000000006d58                __aeabi_dmul
                0x0000000000006d58                __muldf3
                0x0000000000006fac                __aeabi_ddiv
                0x0000000000006fac                __divdf3
 .text          0x000000000000717c      0x110 /Users/michaelmartin/Maxim_1/Toolchain/bin/../lib/gcc/arm-none-eabi/6.3.1/thumb/v7e-m/fpv4-sp/softfp/libgcc.a(_arm_cmpdf2.o)
                0x000000000000717c                __gedf2
                0x000000000000717c                __gtdf2
                0x0000000000007184                __ledf2
                0x0000000000007184                __ltdf2
                0x000000000000718c                __cmpdf2
                0x000000000000718c                __eqdf2
                0x000000000000718c                __nedf2
                0x0000000000007208                __aeabi_cdrcmple
                0x0000000000007218                __aeabi_cdcmple
                0x0000000000007218                __aeabi_cdcmpeq
                0x0000000000007228                __aeabi_dcmpeq
                0x000000000000723c                __aeabi_dcmplt
                0x0000000000007250                __aeabi_dcmple
                0x0000000000007264                __aeabi_dcmpge
                0x0000000000007278                __aeabi_dcmpgt
 .text          0x000000000000728c       0x2c /Users/michaelmartin/Maxim_1/Toolchain/bin/../lib/gcc/arm-none-eabi/6.3.1/thumb/v7e-m/fpv4-sp/softfp/libgcc.a(_arm_unorddf2.o)
                0x000000000000728c                __aeabi_dcmpun
                0x000000000000728c                __unorddf2
 .text          0x00000000000072b8       0x50 /Users/michaelmartin/Maxim_1/Toolchain/bin/../lib/gcc/arm-none-eabi/6.3.1/thumb/v7e-m/fpv4-sp/softfp/libgcc.a(_arm_fixdfsi.o)
                0x00000000000072b8                __fixdfsi
                0x00000000000072b8                __aeabi_d2iz
 .text          0x0000000000007308       0x30 /Users/michaelmartin/Maxim_1/Toolchain/bin/../lib/gcc/arm-none-eabi/6.3.1/thumb/v7e-m/fpv4-sp/softfp/libgcc.a(_aeabi_uldivmod.o)
                0x0000000000007308                __aeabi_uldivmod
 .text          0x0000000000007338      0x2dc /Users/michaelmartin/Maxim_1/Toolchain/bin/../lib/gcc/arm-none-eabi/6.3.1/thumb/v7e-m/fpv4-sp/softfp/libgcc.a(_udivmoddi4.o)
                0x0000000000007338                __udivmoddi4
 .text          0x0000000000007614        0x4 /Users/michaelmartin/Maxim_1/Toolchain/bin/../lib/gcc/arm-none-eabi/6.3.1/thumb/v7e-m/fpv4-sp/softfp/libgcc.a(_dvmd_tls.o)
                0x0000000000007614                __aeabi_ldiv0
                0x0000000000007614                __aeabi_idiv0
 *(.rodata*)
 .rodata.main.str1.1
                0x0000000000007618       0xbc /Users/michaelmartin/Documents/workspace/Smart_Wear_1.0/build/main.o
 .rodata.Console_Init.str1.1
                0x00000000000076d4       0x5c /Users/michaelmartin/Documents/workspace/Smart_Wear_1.0/build/board.o
 .rodata.console_sys_cfg
                0x0000000000007730       0x10 /Users/michaelmartin/Documents/workspace/Smart_Wear_1.0/build/board.o
                0x0000000000007730                console_sys_cfg
 .rodata.console_uart_cfg
                0x0000000000007740        0xc /Users/michaelmartin/Documents/workspace/Smart_Wear_1.0/build/board.o
                0x0000000000007740                console_uart_cfg
 .rodata.led_pin
                0x000000000000774c       0x30 /Users/michaelmartin/Documents/workspace/Smart_Wear_1.0/build/board.o
                0x000000000000774c                led_pin
 .rodata.max14690_cfg
                0x000000000000777c       0x10 /Users/michaelmartin/Documents/workspace/Smart_Wear_1.0/build/board.o
                0x000000000000777c                max14690_cfg
 .rodata.max14690_int
                0x000000000000778c        0xc /Users/michaelmartin/Documents/workspace/Smart_Wear_1.0/build/board.o
                0x000000000000778c                max14690_int
 .rodata.max14690_sys_cfg
                0x0000000000007798       0x10 /Users/michaelmartin/Documents/workspace/Smart_Wear_1.0/build/board.o
                0x0000000000007798                max14690_sys_cfg
 .rodata.mxc_assert.str1.1
                0x00000000000077a8       0x19 /Users/michaelmartin/Documents/workspace/Smart_Wear_1.0/build/board.o
 *fill*         0x00000000000077c1        0x3 
 .rodata.num_leds
                0x00000000000077c4        0x4 /Users/michaelmartin/Documents/workspace/Smart_Wear_1.0/build/board.o
                0x00000000000077c4                num_leds
 .rodata.num_pbs
                0x00000000000077c8        0x4 /Users/michaelmartin/Documents/workspace/Smart_Wear_1.0/build/board.o
                0x00000000000077c8                num_pbs
 .rodata.pb_pin
                0x00000000000077cc       0x24 /Users/michaelmartin/Documents/workspace/Smart_Wear_1.0/build/board.o
                0x00000000000077cc                pb_pin
 .rodata.GPIO_Config.str1.1
                0x00000000000077f0       0x31 /Users/michaelmartin/Documents/workspace/Smart_Wear_1.0/build/PeriphDriver/PeriphDriver.a(gpio.o)
 .rodata.GPIO_Handler.str1.1
                0x0000000000007821       0x31 /Users/michaelmartin/Documents/workspace/Smart_Wear_1.0/build/PeriphDriver/PeriphDriver.a(gpio.o)
                                         0x1a (size before relaxing)
 .rodata.I2CM_Init.str1.1
                0x0000000000007821       0x1c /Users/michaelmartin/Documents/workspace/Smart_Wear_1.0/build/PeriphDriver/PeriphDriver.a(i2cm.o)
 *fill*         0x000000000000783d        0x3 
 .rodata.clk_div_table
                0x0000000000007840       0x60 /Users/michaelmartin/Documents/workspace/Smart_Wear_1.0/build/PeriphDriver/PeriphDriver.a(i2cm.o)
 .rodata.LP_ConfigGPIOWakeUpDetect.str1.1
                0x00000000000078a0       0x3b /Users/michaelmartin/Documents/workspace/Smart_Wear_1.0/build/PeriphDriver/PeriphDriver.a(lp.o)
 .rodata.SPIM_Init.str1.1
                0x00000000000078db       0x1c /Users/michaelmartin/Documents/workspace/Smart_Wear_1.0/build/PeriphDriver/PeriphDriver.a(spim.o)
 .rodata.UART_Init.str1.1
                0x00000000000078f7       0x29 /Users/michaelmartin/Documents/workspace/Smart_Wear_1.0/build/PeriphDriver/PeriphDriver.a(uart.o)
 .rodata.CLKMAN_SetClkScale.str1.1
                0x0000000000007920       0x31 /Users/michaelmartin/Documents/workspace/Smart_Wear_1.0/build/PeriphDriver/PeriphDriver.a(clkman.o)
 .rodata.CLKMAN_SetSystemClock.str1.1
                0x0000000000007951       0x33 /Users/michaelmartin/Documents/workspace/Smart_Wear_1.0/build/PeriphDriver/PeriphDriver.a(clkman.o)
 .rodata._global_impure_ptr
                0x0000000000007984        0x4 /Users/michaelmartin/Maxim_1/Toolchain/bin/../lib/gcc/arm-none-eabi/6.3.1/../../../../arm-none-eabi/lib/thumb/v7e-m/fpv4-sp/softfp/libc.a(lib_a-impure.o)
                0x0000000000007984                _global_impure_ptr
 .rodata._puts_r.str1.4
                0x0000000000007988        0x2 /Users/michaelmartin/Maxim_1/Toolchain/bin/../lib/gcc/arm-none-eabi/6.3.1/../../../../arm-none-eabi/lib/thumb/v7e-m/fpv4-sp/softfp/libc.a(lib_a-puts.o)
 *fill*         0x000000000000798a        0x2 
 .rodata._vfprintf_r.str1.4
                0x000000000000798c       0x42 /Users/michaelmartin/Maxim_1/Toolchain/bin/../lib/gcc/arm-none-eabi/6.3.1/../../../../arm-none-eabi/lib/thumb/v7e-m/fpv4-sp/softfp/libc.a(lib_a-vfprintf.o)
 *fill*         0x00000000000079ce        0x2 
 .rodata.blanks.8366
                0x00000000000079d0       0x10 /Users/michaelmartin/Maxim_1/Toolchain/bin/../lib/gcc/arm-none-eabi/6.3.1/../../../../arm-none-eabi/lib/thumb/v7e-m/fpv4-sp/softfp/libc.a(lib_a-vfprintf.o)
 .rodata.zeroes.8367
                0x00000000000079e0       0x10 /Users/michaelmartin/Maxim_1/Toolchain/bin/../lib/gcc/arm-none-eabi/6.3.1/../../../../arm-none-eabi/lib/thumb/v7e-m/fpv4-sp/softfp/libc.a(lib_a-vfprintf.o)
 .rodata._dtoa_r.str1.4
                0x00000000000079f0       0x10 /Users/michaelmartin/Maxim_1/Toolchain/bin/../lib/gcc/arm-none-eabi/6.3.1/../../../../arm-none-eabi/lib/thumb/v7e-m/fpv4-sp/softfp/libc.a(lib_a-dtoa.o)
                                         0x12 (size before relaxing)
 .rodata.__mprec_bigtens
                0x0000000000007a00       0x28 /Users/michaelmartin/Maxim_1/Toolchain/bin/../lib/gcc/arm-none-eabi/6.3.1/../../../../arm-none-eabi/lib/thumb/v7e-m/fpv4-sp/softfp/libc.a(lib_a-mprec.o)
                0x0000000000007a00                __mprec_bigtens
 .rodata.__mprec_tens
                0x0000000000007a28       0xc8 /Users/michaelmartin/Maxim_1/Toolchain/bin/../lib/gcc/arm-none-eabi/6.3.1/../../../../arm-none-eabi/lib/thumb/v7e-m/fpv4-sp/softfp/libc.a(lib_a-mprec.o)
                0x0000000000007a28                __mprec_tens
 .rodata.p05.7183
                0x0000000000007af0        0xc /Users/michaelmartin/Maxim_1/Toolchain/bin/../lib/gcc/arm-none-eabi/6.3.1/../../../../arm-none-eabi/lib/thumb/v7e-m/fpv4-sp/softfp/libc.a(lib_a-mprec.o)
 .rodata._setlocale_r.str1.4
                0x0000000000007afc        0xa /Users/michaelmartin/Maxim_1/Toolchain/bin/../lib/gcc/arm-none-eabi/6.3.1/../../../../arm-none-eabi/lib/thumb/v7e-m/fpv4-sp/softfp/libc.a(lib_a-locale.o)
                                          0xd (size before relaxing)
 *fill*         0x0000000000007b06        0x2 
 .rodata.str1.4
                0x0000000000007b08        0x4 /Users/michaelmartin/Maxim_1/Toolchain/bin/../lib/gcc/arm-none-eabi/6.3.1/../../../../arm-none-eabi/lib/thumb/v7e-m/fpv4-sp/softfp/libc.a(lib_a-locale.o)
                                          0x2 (size before relaxing)
 .rodata._ctype_
                0x0000000000007b0c      0x101 /Users/michaelmartin/Maxim_1/Toolchain/bin/../lib/gcc/arm-none-eabi/6.3.1/../../../../arm-none-eabi/lib/thumb/v7e-m/fpv4-sp/softfp/libc.a(lib_a-ctype_.o)
                0x0000000000007b0c                _ctype_
 *(.init)
 *fill*         0x0000000000007c0d        0x3 
 .init          0x0000000000007c10        0x4 /Users/michaelmartin/Maxim_1/Toolchain/bin/../lib/gcc/arm-none-eabi/6.3.1/thumb/v7e-m/fpv4-sp/softfp/crti.o
                0x0000000000007c10                _init
 .init          0x0000000000007c14        0x8 /Users/michaelmartin/Maxim_1/Toolchain/bin/../lib/gcc/arm-none-eabi/6.3.1/thumb/v7e-m/fpv4-sp/softfp/crtn.o
 *(.fini)
 .fini          0x0000000000007c1c        0x4 /Users/michaelmartin/Maxim_1/Toolchain/bin/../lib/gcc/arm-none-eabi/6.3.1/thumb/v7e-m/fpv4-sp/softfp/crti.o
                0x0000000000007c1c                _fini
 .fini          0x0000000000007c20        0x8 /Users/michaelmartin/Maxim_1/Toolchain/bin/../lib/gcc/arm-none-eabi/6.3.1/thumb/v7e-m/fpv4-sp/softfp/crtn.o
 *(.eh_frame*)
 .eh_frame      0x0000000000007c28        0x0 /Users/michaelmartin/Maxim_1/Toolchain/bin/../lib/gcc/arm-none-eabi/6.3.1/thumb/v7e-m/fpv4-sp/softfp/crtbegin.o
 .eh_frame      0x0000000000007c28        0x4 /Users/michaelmartin/Maxim_1/Toolchain/bin/../lib/gcc/arm-none-eabi/6.3.1/thumb/v7e-m/fpv4-sp/softfp/crtend.o
                0x0000000000007c2c                _etext = .

.glue_7         0x0000000000007c2c        0x0
 .glue_7        0x0000000000007c2c        0x0 linker stubs

.glue_7t        0x0000000000007c2c        0x0
 .glue_7t       0x0000000000007c2c        0x0 linker stubs

.vfp11_veneer   0x0000000000007c2c        0x0
 .vfp11_veneer  0x0000000000007c2c        0x0 linker stubs

.v4_bx          0x0000000000007c2c        0x0
 .v4_bx         0x0000000000007c2c        0x0 linker stubs

.iplt           0x0000000000007c2c        0x0
 .iplt          0x0000000000007c2c        0x0 /Users/michaelmartin/Maxim_1/Toolchain/bin/../lib/gcc/arm-none-eabi/6.3.1/thumb/v7e-m/fpv4-sp/softfp/crtbegin.o

.ARM.exidx      0x0000000000007c2c        0x8
                0x0000000000007c2c                __exidx_start = .
 *(.ARM.exidx*)
 .ARM.exidx     0x0000000000007c2c        0x8 /Users/michaelmartin/Maxim_1/Toolchain/bin/../lib/gcc/arm-none-eabi/6.3.1/thumb/v7e-m/fpv4-sp/softfp/libgcc.a(_udivmoddi4.o)
                0x0000000000007c34                __exidx_end = .

.rel.dyn        0x0000000000007c34        0x0
 .rel.iplt      0x0000000000007c34        0x0 /Users/michaelmartin/Maxim_1/Toolchain/bin/../lib/gcc/arm-none-eabi/6.3.1/thumb/v7e-m/fpv4-sp/softfp/crtbegin.o

.data           0x0000000020000000      0x9bc load address 0x0000000000007c34
                0x0000000020000000                _data = ALIGN (., 0x4)
 *(.data*)
 .data.SystemCoreClock
                0x0000000020000000        0x4 /Users/michaelmartin/Documents/workspace/Smart_Wear_1.0/build/system_max3263x.o
                0x0000000020000000                SystemCoreClock
 .data._impure_ptr
                0x0000000020000004        0x4 /Users/michaelmartin/Maxim_1/Toolchain/bin/../lib/gcc/arm-none-eabi/6.3.1/../../../../arm-none-eabi/lib/thumb/v7e-m/fpv4-sp/softfp/libc.a(lib_a-impure.o)
                0x0000000020000004                _impure_ptr
 .data.impure_data
                0x0000000020000008      0x428 /Users/michaelmartin/Maxim_1/Toolchain/bin/../lib/gcc/arm-none-eabi/6.3.1/../../../../arm-none-eabi/lib/thumb/v7e-m/fpv4-sp/softfp/libc.a(lib_a-impure.o)
 .data.__malloc_av_
                0x0000000020000430      0x408 /Users/michaelmartin/Maxim_1/Toolchain/bin/../lib/gcc/arm-none-eabi/6.3.1/../../../../arm-none-eabi/lib/thumb/v7e-m/fpv4-sp/softfp/libc.a(lib_a-mallocr.o)
                0x0000000020000430                __malloc_av_
 .data.__malloc_sbrk_base
                0x0000000020000838        0x4 /Users/michaelmartin/Maxim_1/Toolchain/bin/../lib/gcc/arm-none-eabi/6.3.1/../../../../arm-none-eabi/lib/thumb/v7e-m/fpv4-sp/softfp/libc.a(lib_a-mallocr.o)
                0x0000000020000838                __malloc_sbrk_base
 .data.__malloc_trim_threshold
                0x000000002000083c        0x4 /Users/michaelmartin/Maxim_1/Toolchain/bin/../lib/gcc/arm-none-eabi/6.3.1/../../../../arm-none-eabi/lib/thumb/v7e-m/fpv4-sp/softfp/libc.a(lib_a-mallocr.o)
                0x000000002000083c                __malloc_trim_threshold
 .data.__atexit_recursive_mutex
                0x0000000020000840        0x4 /Users/michaelmartin/Maxim_1/Toolchain/bin/../lib/gcc/arm-none-eabi/6.3.1/../../../../arm-none-eabi/lib/thumb/v7e-m/fpv4-sp/softfp/libc.a(lib_a-__call_atexit.o)
                0x0000000020000840                __atexit_recursive_mutex
 .data.__global_locale
                0x0000000020000844      0x16c /Users/michaelmartin/Maxim_1/Toolchain/bin/../lib/gcc/arm-none-eabi/6.3.1/../../../../arm-none-eabi/lib/thumb/v7e-m/fpv4-sp/softfp/libc.a(lib_a-locale.o)
                0x0000000020000844                __global_locale
 *(.spix_config*)
                0x00000000200009b0                . = ALIGN (0x4)
                0x00000000200009b0                PROVIDE (__preinit_array_start, .)
 *(.preinit_array)
                0x00000000200009b0                PROVIDE (__preinit_array_end, .)
                0x00000000200009b0                . = ALIGN (0x4)
                0x00000000200009b0                PROVIDE (__init_array_start, .)
 *(SORT(.init_array.*))
 .init_array.00000
                0x00000000200009b0        0x4 /Users/michaelmartin/Maxim_1/Toolchain/bin/../lib/gcc/arm-none-eabi/6.3.1/../../../../arm-none-eabi/lib/thumb/v7e-m/fpv4-sp/softfp/libc.a(lib_a-__call_atexit.o)
 *(.init_array)
 .init_array    0x00000000200009b4        0x4 /Users/michaelmartin/Maxim_1/Toolchain/bin/../lib/gcc/arm-none-eabi/6.3.1/thumb/v7e-m/fpv4-sp/softfp/crtbegin.o
                0x00000000200009b8                PROVIDE (__init_array_end, .)
                0x00000000200009b8                . = ALIGN (0x4)
                0x00000000200009b8                PROVIDE (__fini_array_start, .)
 *(SORT(.fini_array.*))
 *(.fini_array)
 .fini_array    0x00000000200009b8        0x4 /Users/michaelmartin/Maxim_1/Toolchain/bin/../lib/gcc/arm-none-eabi/6.3.1/thumb/v7e-m/fpv4-sp/softfp/crtbegin.o
                0x00000000200009bc                PROVIDE (__fini_array_end, .)
                0x00000000200009bc                _edata = ALIGN (., 0x4)
                0x0000000000007c34                __load_data = LOADADDR (.data)

.jcr            0x00000000200009bc        0x0 load address 0x00000000000085f0
 .jcr           0x00000000200009bc        0x0 /Users/michaelmartin/Maxim_1/Toolchain/bin/../lib/gcc/arm-none-eabi/6.3.1/thumb/v7e-m/fpv4-sp/softfp/crtbegin.o

.igot.plt       0x00000000200009bc        0x0 load address 0x00000000000085f0
 .igot.plt      0x00000000200009bc        0x0 /Users/michaelmartin/Maxim_1/Toolchain/bin/../lib/gcc/arm-none-eabi/6.3.1/thumb/v7e-m/fpv4-sp/softfp/crtbegin.o

.bss            0x00000000200009bc      0x338 load address 0x00000000000085f0
                0x00000000200009bc                . = ALIGN (0x4)
                0x00000000200009bc                _bss = .
 *(.bss*)
 .bss           0x00000000200009bc       0x1c /Users/michaelmartin/Maxim_1/Toolchain/bin/../lib/gcc/arm-none-eabi/6.3.1/thumb/v7e-m/fpv4-sp/softfp/crtbegin.o
 .bss.req       0x00000000200009d8       0x20 /Users/michaelmartin/Documents/workspace/Smart_Wear_1.0/build/mx25.o
 .bss.spim      0x00000000200009f8        0x4 /Users/michaelmartin/Documents/workspace/Smart_Wear_1.0/build/mx25.o
 .bss.heap_end  0x00000000200009fc        0x4 /Users/michaelmartin/Documents/workspace/Smart_Wear_1.0/build/heap.o
 .bss.callbacks
                0x0000000020000a00      0x120 /Users/michaelmartin/Documents/workspace/Smart_Wear_1.0/build/PeriphDriver/PeriphDriver.a(gpio.o)
 .bss.cbparam   0x0000000020000b20      0x120 /Users/michaelmartin/Documents/workspace/Smart_Wear_1.0/build/PeriphDriver/PeriphDriver.a(gpio.o)
 .bss.states    0x0000000020000c40       0x18 /Users/michaelmartin/Documents/workspace/Smart_Wear_1.0/build/PeriphDriver/PeriphDriver.a(i2cm.o)
 .bss.subsequent_call.7328
                0x0000000020000c58        0x4 /Users/michaelmartin/Documents/workspace/Smart_Wear_1.0/build/PeriphDriver/PeriphDriver.a(mxc_sys.o)
 .bss.states    0x0000000020000c5c       0x18 /Users/michaelmartin/Documents/workspace/Smart_Wear_1.0/build/PeriphDriver/PeriphDriver.a(spim.o)
 .bss.rx_states
                0x0000000020000c74       0x10 /Users/michaelmartin/Documents/workspace/Smart_Wear_1.0/build/PeriphDriver/PeriphDriver.a(uart.o)
 .bss.tx_states
                0x0000000020000c84       0x10 /Users/michaelmartin/Documents/workspace/Smart_Wear_1.0/build/PeriphDriver/PeriphDriver.a(uart.o)
 .bss.__malloc_current_mallinfo
                0x0000000020000c94       0x28 /Users/michaelmartin/Maxim_1/Toolchain/bin/../lib/gcc/arm-none-eabi/6.3.1/../../../../arm-none-eabi/lib/thumb/v7e-m/fpv4-sp/softfp/libc.a(lib_a-mallocr.o)
                0x0000000020000c94                __malloc_current_mallinfo
 .bss.__malloc_max_sbrked_mem
                0x0000000020000cbc        0x4 /Users/michaelmartin/Maxim_1/Toolchain/bin/../lib/gcc/arm-none-eabi/6.3.1/../../../../arm-none-eabi/lib/thumb/v7e-m/fpv4-sp/softfp/libc.a(lib_a-mallocr.o)
                0x0000000020000cbc                __malloc_max_sbrked_mem
 .bss.__malloc_max_total_mem
                0x0000000020000cc0        0x4 /Users/michaelmartin/Maxim_1/Toolchain/bin/../lib/gcc/arm-none-eabi/6.3.1/../../../../arm-none-eabi/lib/thumb/v7e-m/fpv4-sp/softfp/libc.a(lib_a-mallocr.o)
                0x0000000020000cc0                __malloc_max_total_mem
 .bss.__malloc_top_pad
                0x0000000020000cc4        0x4 /Users/michaelmartin/Maxim_1/Toolchain/bin/../lib/gcc/arm-none-eabi/6.3.1/../../../../arm-none-eabi/lib/thumb/v7e-m/fpv4-sp/softfp/libc.a(lib_a-mallocr.o)
                0x0000000020000cc4                __malloc_top_pad
 *(COMMON)
 COMMON         0x0000000020000cc8        0x2 /Users/michaelmartin/Documents/workspace/Smart_Wear_1.0/build/PeriphDriver/PeriphDriver.a(spim.o)
                0x0000000020000cc8                header_save
 *fill*         0x0000000020000cca        0x2 
 COMMON         0x0000000020000ccc       0x21 /Users/michaelmartin/Maxim_1/Toolchain/bin/../lib/gcc/arm-none-eabi/6.3.1/../../../../arm-none-eabi/lib/thumb/v7e-m/fpv4-sp/softfp/libc.a(lib_a-lock.o)
                0x0000000020000ccc                __lock___atexit_recursive_mutex
                0x0000000020000cd0                __lock___arc4random_mutex
                0x0000000020000cd4                __lock___env_recursive_mutex
                0x0000000020000cd8                __lock___sinit_recursive_mutex
                0x0000000020000cdc                __lock___malloc_recursive_mutex
                0x0000000020000ce0                __lock___at_quick_exit_mutex
                0x0000000020000ce4                __lock___dd_hash_mutex
                0x0000000020000ce8                __lock___tz_mutex
                0x0000000020000cec                __lock___sfp_recursive_mutex
 *fill*         0x0000000020000ced        0x3 
 COMMON         0x0000000020000cf0        0x4 /Users/michaelmartin/Maxim_1/Toolchain/bin/../lib/gcc/arm-none-eabi/6.3.1/../../../../arm-none-eabi/lib/thumb/v7e-m/fpv4-sp/softfp/libc.a(lib_a-reent.o)
                0x0000000020000cf0                errno
                0x0000000020000cf4                _ebss = ALIGN (., 0x4)
                0x0000000020080000                __StackTop = (ORIGIN (SRAM) + LENGTH (SRAM))
                0x000000002007f000                __StackLimit = (__StackTop - SIZEOF (.stack_dummy))

.stack_dummy    0x0000000020000cf8     0x1000 load address 0x00000000000085f0
 *(.stack*)
 .stack         0x0000000020000cf8     0x1000 /Users/michaelmartin/Documents/workspace/Smart_Wear_1.0/build/startup_max3263x.o

.heap           0x0000000020000cf8      0xc00 load address 0x00000000000085f0
                0x0000000020000cf8                . = ALIGN (0x4)
 *(.heap*)
 .heap          0x0000000020000cf8      0xc00 /Users/michaelmartin/Documents/workspace/Smart_Wear_1.0/build/startup_max3263x.o
                0x0000000020000cf8                __HeapBase
                0x000000002007f000                __HeapLimit = ABSOLUTE (__StackLimit)
                0x0000000020080000                PROVIDE (__stack, __StackTop)
                0x0000000000000001                ASSERT ((__StackLimit >= _ebss), region RAM overflowed with stack)
OUTPUT(/Users/michaelmartin/Documents/workspace/Smart_Wear_1.0/build/max3263x.elf elf32-littlearm)

.ARM.attributes
                0x0000000000000000       0x2e
 .ARM.attributes
                0x0000000000000000       0x22 /Users/michaelmartin/Maxim_1/Toolchain/bin/../lib/gcc/arm-none-eabi/6.3.1/thumb/v7e-m/fpv4-sp/softfp/crti.o
 .ARM.attributes
                0x0000000000000022       0x32 /Users/michaelmartin/Maxim_1/Toolchain/bin/../lib/gcc/arm-none-eabi/6.3.1/thumb/v7e-m/fpv4-sp/softfp/crtbegin.o
 .ARM.attributes
                0x0000000000000054       0x37 /Users/michaelmartin/Documents/workspace/Smart_Wear_1.0/build/main.o
 .ARM.attributes
                0x000000000000008b       0x37 /Users/michaelmartin/Documents/workspace/Smart_Wear_1.0/build/board.o
 .ARM.attributes
                0x00000000000000c2       0x37 /Users/michaelmartin/Documents/workspace/Smart_Wear_1.0/build/stdio.o
 .ARM.attributes
                0x00000000000000f9       0x37 /Users/michaelmartin/Documents/workspace/Smart_Wear_1.0/build/led.o
 .ARM.attributes
                0x0000000000000130       0x37 /Users/michaelmartin/Documents/workspace/Smart_Wear_1.0/build/pb.o
 .ARM.attributes
                0x0000000000000167       0x37 /Users/michaelmartin/Documents/workspace/Smart_Wear_1.0/build/max14690.o
 .ARM.attributes
                0x000000000000019e       0x37 /Users/michaelmartin/Documents/workspace/Smart_Wear_1.0/build/mx25.o
 .ARM.attributes
                0x00000000000001d5       0x1b /Users/michaelmartin/Documents/workspace/Smart_Wear_1.0/build/startup_max3263x.o
 .ARM.attributes
                0x00000000000001f0       0x37 /Users/michaelmartin/Documents/workspace/Smart_Wear_1.0/build/heap.o
 .ARM.attributes
                0x0000000000000227       0x37 /Users/michaelmartin/Documents/workspace/Smart_Wear_1.0/build/system_max3263x.o
 .ARM.attributes
                0x000000000000025e       0x37 /Users/michaelmartin/Documents/workspace/Smart_Wear_1.0/build/PeriphDriver/PeriphDriver.a(gpio.o)
 .ARM.attributes
                0x0000000000000295       0x37 /Users/michaelmartin/Documents/workspace/Smart_Wear_1.0/build/PeriphDriver/PeriphDriver.a(i2cm.o)
 .ARM.attributes
                0x00000000000002cc       0x37 /Users/michaelmartin/Documents/workspace/Smart_Wear_1.0/build/PeriphDriver/PeriphDriver.a(lp.o)
 .ARM.attributes
                0x0000000000000303       0x37 /Users/michaelmartin/Documents/workspace/Smart_Wear_1.0/build/PeriphDriver/PeriphDriver.a(mxc_lock.o)
 .ARM.attributes
                0x000000000000033a       0x37 /Users/michaelmartin/Documents/workspace/Smart_Wear_1.0/build/PeriphDriver/PeriphDriver.a(mxc_sys.o)
 .ARM.attributes
                0x0000000000000371       0x37 /Users/michaelmartin/Documents/workspace/Smart_Wear_1.0/build/PeriphDriver/PeriphDriver.a(spim.o)
 .ARM.attributes
                0x00000000000003a8       0x37 /Users/michaelmartin/Documents/workspace/Smart_Wear_1.0/build/PeriphDriver/PeriphDriver.a(uart.o)
 .ARM.attributes
                0x00000000000003df       0x37 /Users/michaelmartin/Documents/workspace/Smart_Wear_1.0/build/PeriphDriver/PeriphDriver.a(clkman.o)
 .ARM.attributes
                0x0000000000000416       0x37 /Users/michaelmartin/Documents/workspace/Smart_Wear_1.0/build/PeriphDriver/PeriphDriver.a(ioman.o)
 .ARM.attributes
                0x000000000000044d       0x32 /Users/michaelmartin/Maxim_1/Toolchain/bin/../lib/gcc/arm-none-eabi/6.3.1/../../../../arm-none-eabi/lib/thumb/v7e-m/fpv4-sp/softfp/libc.a(lib_a-errno.o)
 .ARM.attributes
                0x000000000000047f       0x32 /Users/michaelmartin/Maxim_1/Toolchain/bin/../lib/gcc/arm-none-eabi/6.3.1/../../../../arm-none-eabi/lib/thumb/v7e-m/fpv4-sp/softfp/libc.a(lib_a-fflush.o)
 .ARM.attributes
                0x00000000000004b1       0x32 /Users/michaelmartin/Maxim_1/Toolchain/bin/../lib/gcc/arm-none-eabi/6.3.1/../../../../arm-none-eabi/lib/thumb/v7e-m/fpv4-sp/softfp/libc.a(lib_a-findfp.o)
 .ARM.attributes
                0x00000000000004e3       0x32 /Users/michaelmartin/Maxim_1/Toolchain/bin/../lib/gcc/arm-none-eabi/6.3.1/../../../../arm-none-eabi/lib/thumb/v7e-m/fpv4-sp/softfp/libc.a(lib_a-freer.o)
 .ARM.attributes
                0x0000000000000515       0x32 /Users/michaelmartin/Maxim_1/Toolchain/bin/../lib/gcc/arm-none-eabi/6.3.1/../../../../arm-none-eabi/lib/thumb/v7e-m/fpv4-sp/softfp/libc.a(lib_a-fwalk.o)
 .ARM.attributes
                0x0000000000000547       0x32 /Users/michaelmartin/Maxim_1/Toolchain/bin/../lib/gcc/arm-none-eabi/6.3.1/../../../../arm-none-eabi/lib/thumb/v7e-m/fpv4-sp/softfp/libc.a(lib_a-impure.o)
 .ARM.attributes
                0x0000000000000579       0x32 /Users/michaelmartin/Maxim_1/Toolchain/bin/../lib/gcc/arm-none-eabi/6.3.1/../../../../arm-none-eabi/lib/thumb/v7e-m/fpv4-sp/softfp/libc.a(lib_a-init.o)
 .ARM.attributes
                0x00000000000005ab       0x32 /Users/michaelmartin/Maxim_1/Toolchain/bin/../lib/gcc/arm-none-eabi/6.3.1/../../../../arm-none-eabi/lib/thumb/v7e-m/fpv4-sp/softfp/libc.a(lib_a-lock.o)
 .ARM.attributes
                0x00000000000005dd       0x32 /Users/michaelmartin/Maxim_1/Toolchain/bin/../lib/gcc/arm-none-eabi/6.3.1/../../../../arm-none-eabi/lib/thumb/v7e-m/fpv4-sp/softfp/libc.a(lib_a-mallocr.o)
 .ARM.attributes
                0x000000000000060f       0x32 /Users/michaelmartin/Maxim_1/Toolchain/bin/../lib/gcc/arm-none-eabi/6.3.1/../../../../arm-none-eabi/lib/thumb/v7e-m/fpv4-sp/softfp/libc.a(lib_a-memcmp.o)
 .ARM.attributes
                0x0000000000000641       0x20 /Users/michaelmartin/Maxim_1/Toolchain/bin/../lib/gcc/arm-none-eabi/6.3.1/../../../../arm-none-eabi/lib/thumb/v7e-m/fpv4-sp/softfp/libc.a(lib_a-memcpy.o)
 .ARM.attributes
                0x0000000000000661       0x32 /Users/michaelmartin/Maxim_1/Toolchain/bin/../lib/gcc/arm-none-eabi/6.3.1/../../../../arm-none-eabi/lib/thumb/v7e-m/fpv4-sp/softfp/libc.a(lib_a-memset.o)
 .ARM.attributes
                0x0000000000000693       0x32 /Users/michaelmartin/Maxim_1/Toolchain/bin/../lib/gcc/arm-none-eabi/6.3.1/../../../../arm-none-eabi/lib/thumb/v7e-m/fpv4-sp/softfp/libc.a(lib_a-mlock.o)
 .ARM.attributes
                0x00000000000006c5       0x32 /Users/michaelmartin/Maxim_1/Toolchain/bin/../lib/gcc/arm-none-eabi/6.3.1/../../../../arm-none-eabi/lib/thumb/v7e-m/fpv4-sp/softfp/libc.a(lib_a-printf.o)
 .ARM.attributes
                0x00000000000006f7       0x32 /Users/michaelmartin/Maxim_1/Toolchain/bin/../lib/gcc/arm-none-eabi/6.3.1/../../../../arm-none-eabi/lib/thumb/v7e-m/fpv4-sp/softfp/libc.a(lib_a-puts.o)
 .ARM.attributes
                0x0000000000000729       0x32 /Users/michaelmartin/Maxim_1/Toolchain/bin/../lib/gcc/arm-none-eabi/6.3.1/../../../../arm-none-eabi/lib/thumb/v7e-m/fpv4-sp/softfp/libc.a(lib_a-sbrkr.o)
 .ARM.attributes
                0x000000000000075b       0x32 /Users/michaelmartin/Maxim_1/Toolchain/bin/../lib/gcc/arm-none-eabi/6.3.1/../../../../arm-none-eabi/lib/thumb/v7e-m/fpv4-sp/softfp/libc.a(lib_a-stdio.o)
 .ARM.attributes
                0x000000000000078d       0x20 /Users/michaelmartin/Maxim_1/Toolchain/bin/../lib/gcc/arm-none-eabi/6.3.1/../../../../arm-none-eabi/lib/thumb/v7e-m/fpv4-sp/softfp/libc.a(lib_a-strlen.o)
 .ARM.attributes
                0x00000000000007ad       0x32 /Users/michaelmartin/Maxim_1/Toolchain/bin/../lib/gcc/arm-none-eabi/6.3.1/../../../../arm-none-eabi/lib/thumb/v7e-m/fpv4-sp/softfp/libc.a(lib_a-vfprintf.o)
 .ARM.attributes
                0x00000000000007df       0x32 /Users/michaelmartin/Maxim_1/Toolchain/bin/../lib/gcc/arm-none-eabi/6.3.1/../../../../arm-none-eabi/lib/thumb/v7e-m/fpv4-sp/softfp/libc.a(lib_a-writer.o)
 .ARM.attributes
                0x0000000000000811       0x32 /Users/michaelmartin/Maxim_1/Toolchain/bin/../lib/gcc/arm-none-eabi/6.3.1/../../../../arm-none-eabi/lib/thumb/v7e-m/fpv4-sp/softfp/libc.a(lib_a-wsetup.o)
 .ARM.attributes
                0x0000000000000843       0x32 /Users/michaelmartin/Maxim_1/Toolchain/bin/../lib/gcc/arm-none-eabi/6.3.1/../../../../arm-none-eabi/lib/thumb/v7e-m/fpv4-sp/softfp/libc.a(lib_a-__call_atexit.o)
 .ARM.attributes
                0x0000000000000875       0x32 /Users/michaelmartin/Maxim_1/Toolchain/bin/../lib/gcc/arm-none-eabi/6.3.1/../../../../arm-none-eabi/lib/thumb/v7e-m/fpv4-sp/softfp/libc.a(lib_a-atexit.o)
 .ARM.attributes
                0x00000000000008a7       0x32 /Users/michaelmartin/Maxim_1/Toolchain/bin/../lib/gcc/arm-none-eabi/6.3.1/../../../../arm-none-eabi/lib/thumb/v7e-m/fpv4-sp/softfp/libc.a(lib_a-closer.o)
 .ARM.attributes
                0x00000000000008d9       0x32 /Users/michaelmartin/Maxim_1/Toolchain/bin/../lib/gcc/arm-none-eabi/6.3.1/../../../../arm-none-eabi/lib/thumb/v7e-m/fpv4-sp/softfp/libc.a(lib_a-dtoa.o)
 .ARM.attributes
                0x000000000000090b       0x32 /Users/michaelmartin/Maxim_1/Toolchain/bin/../lib/gcc/arm-none-eabi/6.3.1/../../../../arm-none-eabi/lib/thumb/v7e-m/fpv4-sp/softfp/libc.a(lib_a-fclose.o)
 .ARM.attributes
                0x000000000000093d       0x32 /Users/michaelmartin/Maxim_1/Toolchain/bin/../lib/gcc/arm-none-eabi/6.3.1/../../../../arm-none-eabi/lib/thumb/v7e-m/fpv4-sp/softfp/libc.a(lib_a-fini.o)
 .ARM.attributes
                0x000000000000096f       0x32 /Users/michaelmartin/Maxim_1/Toolchain/bin/../lib/gcc/arm-none-eabi/6.3.1/../../../../arm-none-eabi/lib/thumb/v7e-m/fpv4-sp/softfp/libc.a(lib_a-fvwrite.o)
 .ARM.attributes
                0x00000000000009a1       0x32 /Users/michaelmartin/Maxim_1/Toolchain/bin/../lib/gcc/arm-none-eabi/6.3.1/../../../../arm-none-eabi/lib/thumb/v7e-m/fpv4-sp/softfp/libc.a(lib_a-localeconv.o)
 .ARM.attributes
                0x00000000000009d3       0x32 /Users/michaelmartin/Maxim_1/Toolchain/bin/../lib/gcc/arm-none-eabi/6.3.1/../../../../arm-none-eabi/lib/thumb/v7e-m/fpv4-sp/softfp/libc.a(lib_a-lseekr.o)
 .ARM.attributes
                0x0000000000000a05       0x32 /Users/michaelmartin/Maxim_1/Toolchain/bin/../lib/gcc/arm-none-eabi/6.3.1/../../../../arm-none-eabi/lib/thumb/v7e-m/fpv4-sp/softfp/libc.a(lib_a-makebuf.o)
 .ARM.attributes
                0x0000000000000a37       0x20 /Users/michaelmartin/Maxim_1/Toolchain/bin/../lib/gcc/arm-none-eabi/6.3.1/../../../../arm-none-eabi/lib/thumb/v7e-m/fpv4-sp/softfp/libc.a(lib_a-memchr.o)
 .ARM.attributes
                0x0000000000000a57       0x32 /Users/michaelmartin/Maxim_1/Toolchain/bin/../lib/gcc/arm-none-eabi/6.3.1/../../../../arm-none-eabi/lib/thumb/v7e-m/fpv4-sp/softfp/libc.a(lib_a-memmove.o)
 .ARM.attributes
                0x0000000000000a89       0x32 /Users/michaelmartin/Maxim_1/Toolchain/bin/../lib/gcc/arm-none-eabi/6.3.1/../../../../arm-none-eabi/lib/thumb/v7e-m/fpv4-sp/softfp/libc.a(lib_a-mprec.o)
 .ARM.attributes
                0x0000000000000abb       0x32 /Users/michaelmartin/Maxim_1/Toolchain/bin/../lib/gcc/arm-none-eabi/6.3.1/../../../../arm-none-eabi/lib/thumb/v7e-m/fpv4-sp/softfp/libc.a(lib_a-readr.o)
 .ARM.attributes
                0x0000000000000aed       0x32 /Users/michaelmartin/Maxim_1/Toolchain/bin/../lib/gcc/arm-none-eabi/6.3.1/../../../../arm-none-eabi/lib/thumb/v7e-m/fpv4-sp/softfp/libc.a(lib_a-reallocr.o)
 .ARM.attributes
                0x0000000000000b1f       0x32 /Users/michaelmartin/Maxim_1/Toolchain/bin/../lib/gcc/arm-none-eabi/6.3.1/../../../../arm-none-eabi/lib/thumb/v7e-m/fpv4-sp/softfp/libc.a(lib_a-reent.o)
 .ARM.attributes
                0x0000000000000b51       0x32 /Users/michaelmartin/Maxim_1/Toolchain/bin/../lib/gcc/arm-none-eabi/6.3.1/../../../../arm-none-eabi/lib/thumb/v7e-m/fpv4-sp/softfp/libc.a(lib_a-vfiprintf.o)
 .ARM.attributes
                0x0000000000000b83       0x32 /Users/michaelmartin/Maxim_1/Toolchain/bin/../lib/gcc/arm-none-eabi/6.3.1/../../../../arm-none-eabi/lib/thumb/v7e-m/fpv4-sp/softfp/libc.a(lib_a-__atexit.o)
 .ARM.attributes
                0x0000000000000bb5       0x32 /Users/michaelmartin/Maxim_1/Toolchain/bin/../lib/gcc/arm-none-eabi/6.3.1/../../../../arm-none-eabi/lib/thumb/v7e-m/fpv4-sp/softfp/libc.a(lib_a-callocr.o)
 .ARM.attributes
                0x0000000000000be7       0x32 /Users/michaelmartin/Maxim_1/Toolchain/bin/../lib/gcc/arm-none-eabi/6.3.1/../../../../arm-none-eabi/lib/thumb/v7e-m/fpv4-sp/softfp/libc.a(lib_a-fputwc.o)
 .ARM.attributes
                0x0000000000000c19       0x32 /Users/michaelmartin/Maxim_1/Toolchain/bin/../lib/gcc/arm-none-eabi/6.3.1/../../../../arm-none-eabi/lib/thumb/v7e-m/fpv4-sp/softfp/libc.a(lib_a-fstatr.o)
 .ARM.attributes
                0x0000000000000c4b       0x32 /Users/michaelmartin/Maxim_1/Toolchain/bin/../lib/gcc/arm-none-eabi/6.3.1/../../../../arm-none-eabi/lib/thumb/v7e-m/fpv4-sp/softfp/libc.a(lib_a-isattyr.o)
 .ARM.attributes
                0x0000000000000c7d       0x32 /Users/michaelmartin/Maxim_1/Toolchain/bin/../lib/gcc/arm-none-eabi/6.3.1/../../../../arm-none-eabi/lib/thumb/v7e-m/fpv4-sp/softfp/libc.a(lib_a-locale.o)
 .ARM.attributes
                0x0000000000000caf       0x32 /Users/michaelmartin/Maxim_1/Toolchain/bin/../lib/gcc/arm-none-eabi/6.3.1/../../../../arm-none-eabi/lib/thumb/v7e-m/fpv4-sp/softfp/libc.a(lib_a-mbtowc_r.o)
 .ARM.attributes
                0x0000000000000ce1       0x32 /Users/michaelmartin/Maxim_1/Toolchain/bin/../lib/gcc/arm-none-eabi/6.3.1/../../../../arm-none-eabi/lib/thumb/v7e-m/fpv4-sp/softfp/libc.a(lib_a-wbuf.o)
 .ARM.attributes
                0x0000000000000d13       0x32 /Users/michaelmartin/Maxim_1/Toolchain/bin/../lib/gcc/arm-none-eabi/6.3.1/../../../../arm-none-eabi/lib/thumb/v7e-m/fpv4-sp/softfp/libc.a(lib_a-wcrtomb.o)
 .ARM.attributes
                0x0000000000000d45       0x32 /Users/michaelmartin/Maxim_1/Toolchain/bin/../lib/gcc/arm-none-eabi/6.3.1/../../../../arm-none-eabi/lib/thumb/v7e-m/fpv4-sp/softfp/libc.a(lib_a-wctomb_r.o)
 .ARM.attributes
                0x0000000000000d77       0x32 /Users/michaelmartin/Maxim_1/Toolchain/bin/../lib/gcc/arm-none-eabi/6.3.1/../../../../arm-none-eabi/lib/thumb/v7e-m/fpv4-sp/softfp/libc.a(lib_a-ctype_.o)
 .ARM.attributes
                0x0000000000000da9       0x22 /Users/michaelmartin/Maxim_1/Toolchain/bin/../lib/gcc/arm-none-eabi/6.3.1/thumb/v7e-m/fpv4-sp/softfp/libgcc.a(_arm_addsubdf3.o)
 .ARM.attributes
                0x0000000000000dcb       0x22 /Users/michaelmartin/Maxim_1/Toolchain/bin/../lib/gcc/arm-none-eabi/6.3.1/thumb/v7e-m/fpv4-sp/softfp/libgcc.a(_arm_muldivdf3.o)
 .ARM.attributes
                0x0000000000000ded       0x22 /Users/michaelmartin/Maxim_1/Toolchain/bin/../lib/gcc/arm-none-eabi/6.3.1/thumb/v7e-m/fpv4-sp/softfp/libgcc.a(_arm_cmpdf2.o)
 .ARM.attributes
                0x0000000000000e0f       0x22 /Users/michaelmartin/Maxim_1/Toolchain/bin/../lib/gcc/arm-none-eabi/6.3.1/thumb/v7e-m/fpv4-sp/softfp/libgcc.a(_arm_unorddf2.o)
 .ARM.attributes
                0x0000000000000e31       0x22 /Users/michaelmartin/Maxim_1/Toolchain/bin/../lib/gcc/arm-none-eabi/6.3.1/thumb/v7e-m/fpv4-sp/softfp/libgcc.a(_arm_fixdfsi.o)
 .ARM.attributes
                0x0000000000000e53       0x22 /Users/michaelmartin/Maxim_1/Toolchain/bin/../lib/gcc/arm-none-eabi/6.3.1/thumb/v7e-m/fpv4-sp/softfp/libgcc.a(_aeabi_uldivmod.o)
 .ARM.attributes
                0x0000000000000e75       0x32 /Users/michaelmartin/Maxim_1/Toolchain/bin/../lib/gcc/arm-none-eabi/6.3.1/thumb/v7e-m/fpv4-sp/softfp/libgcc.a(_udivmoddi4.o)
 .ARM.attributes
                0x0000000000000ea7       0x22 /Users/michaelmartin/Maxim_1/Toolchain/bin/../lib/gcc/arm-none-eabi/6.3.1/thumb/v7e-m/fpv4-sp/softfp/libgcc.a(_dvmd_tls.o)
 .ARM.attributes
                0x0000000000000ec9       0x32 /Users/michaelmartin/Maxim_1/Toolchain/bin/../lib/gcc/arm-none-eabi/6.3.1/thumb/v7e-m/fpv4-sp/softfp/crtend.o
 .ARM.attributes
                0x0000000000000efb       0x22 /Users/michaelmartin/Maxim_1/Toolchain/bin/../lib/gcc/arm-none-eabi/6.3.1/thumb/v7e-m/fpv4-sp/softfp/crtn.o

.comment        0x0000000000000000       0x7f
 .comment       0x0000000000000000       0x7f /Users/michaelmartin/Documents/workspace/Smart_Wear_1.0/build/main.o
                                         0x80 (size before relaxing)
 .comment       0x000000000000007f       0x80 /Users/michaelmartin/Documents/workspace/Smart_Wear_1.0/build/board.o
 .comment       0x000000000000007f       0x80 /Users/michaelmartin/Documents/workspace/Smart_Wear_1.0/build/stdio.o
 .comment       0x000000000000007f       0x80 /Users/michaelmartin/Documents/workspace/Smart_Wear_1.0/build/led.o
 .comment       0x000000000000007f       0x80 /Users/michaelmartin/Documents/workspace/Smart_Wear_1.0/build/pb.o
 .comment       0x000000000000007f       0x80 /Users/michaelmartin/Documents/workspace/Smart_Wear_1.0/build/max14690.o
 .comment       0x000000000000007f       0x80 /Users/michaelmartin/Documents/workspace/Smart_Wear_1.0/build/mx25.o
 .comment       0x000000000000007f       0x80 /Users/michaelmartin/Documents/workspace/Smart_Wear_1.0/build/heap.o
 .comment       0x000000000000007f       0x80 /Users/michaelmartin/Documents/workspace/Smart_Wear_1.0/build/system_max3263x.o
 .comment       0x000000000000007f       0x80 /Users/michaelmartin/Documents/workspace/Smart_Wear_1.0/build/PeriphDriver/PeriphDriver.a(gpio.o)
 .comment       0x000000000000007f       0x80 /Users/michaelmartin/Documents/workspace/Smart_Wear_1.0/build/PeriphDriver/PeriphDriver.a(i2cm.o)
 .comment       0x000000000000007f       0x80 /Users/michaelmartin/Documents/workspace/Smart_Wear_1.0/build/PeriphDriver/PeriphDriver.a(lp.o)
 .comment       0x000000000000007f       0x80 /Users/michaelmartin/Documents/workspace/Smart_Wear_1.0/build/PeriphDriver/PeriphDriver.a(mxc_lock.o)
 .comment       0x000000000000007f       0x80 /Users/michaelmartin/Documents/workspace/Smart_Wear_1.0/build/PeriphDriver/PeriphDriver.a(mxc_sys.o)
 .comment       0x000000000000007f       0x80 /Users/michaelmartin/Documents/workspace/Smart_Wear_1.0/build/PeriphDriver/PeriphDriver.a(spim.o)
 .comment       0x000000000000007f       0x80 /Users/michaelmartin/Documents/workspace/Smart_Wear_1.0/build/PeriphDriver/PeriphDriver.a(uart.o)
 .comment       0x000000000000007f       0x80 /Users/michaelmartin/Documents/workspace/Smart_Wear_1.0/build/PeriphDriver/PeriphDriver.a(clkman.o)
 .comment       0x000000000000007f       0x80 /Users/michaelmartin/Documents/workspace/Smart_Wear_1.0/build/PeriphDriver/PeriphDriver.a(ioman.o)

.debug_info     0x0000000000000000    0x1452a
 .debug_info    0x0000000000000000     0x1ab1 /Users/michaelmartin/Documents/workspace/Smart_Wear_1.0/build/main.o
 .debug_info    0x0000000000001ab1     0x1a10 /Users/michaelmartin/Documents/workspace/Smart_Wear_1.0/build/board.o
 .debug_info    0x00000000000034c1     0x17a7 /Users/michaelmartin/Documents/workspace/Smart_Wear_1.0/build/stdio.o
 .debug_info    0x0000000000004c68      0xab7 /Users/michaelmartin/Documents/workspace/Smart_Wear_1.0/build/led.o
 .debug_info    0x000000000000571f      0x8a4 /Users/michaelmartin/Documents/workspace/Smart_Wear_1.0/build/pb.o
 .debug_info    0x0000000000005fc3     0x1669 /Users/michaelmartin/Documents/workspace/Smart_Wear_1.0/build/max14690.o
 .debug_info    0x000000000000762c     0x1096 /Users/michaelmartin/Documents/workspace/Smart_Wear_1.0/build/mx25.o
 .debug_info    0x00000000000086c2      0x98d /Users/michaelmartin/Documents/workspace/Smart_Wear_1.0/build/heap.o
 .debug_info    0x000000000000904f     0x1588 /Users/michaelmartin/Documents/workspace/Smart_Wear_1.0/build/system_max3263x.o
 .debug_info    0x000000000000a5d7      0x64c /Users/michaelmartin/Documents/workspace/Smart_Wear_1.0/build/PeriphDriver/PeriphDriver.a(gpio.o)
 .debug_info    0x000000000000ac23     0x2096 /Users/michaelmartin/Documents/workspace/Smart_Wear_1.0/build/PeriphDriver/PeriphDriver.a(i2cm.o)
 .debug_info    0x000000000000ccb9      0xc4b /Users/michaelmartin/Documents/workspace/Smart_Wear_1.0/build/PeriphDriver/PeriphDriver.a(lp.o)
 .debug_info    0x000000000000d904      0x211 /Users/michaelmartin/Documents/workspace/Smart_Wear_1.0/build/PeriphDriver/PeriphDriver.a(mxc_lock.o)
 .debug_info    0x000000000000db15     0x2971 /Users/michaelmartin/Documents/workspace/Smart_Wear_1.0/build/PeriphDriver/PeriphDriver.a(mxc_sys.o)
 .debug_info    0x0000000000010486     0x185d /Users/michaelmartin/Documents/workspace/Smart_Wear_1.0/build/PeriphDriver/PeriphDriver.a(spim.o)
 .debug_info    0x0000000000011ce3     0x1ac0 /Users/michaelmartin/Documents/workspace/Smart_Wear_1.0/build/PeriphDriver/PeriphDriver.a(uart.o)
 .debug_info    0x00000000000137a3      0x77f /Users/michaelmartin/Documents/workspace/Smart_Wear_1.0/build/PeriphDriver/PeriphDriver.a(clkman.o)
 .debug_info    0x0000000000013f22      0x608 /Users/michaelmartin/Documents/workspace/Smart_Wear_1.0/build/PeriphDriver/PeriphDriver.a(ioman.o)

.debug_abbrev   0x0000000000000000     0x3273
 .debug_abbrev  0x0000000000000000      0x33b /Users/michaelmartin/Documents/workspace/Smart_Wear_1.0/build/main.o
 .debug_abbrev  0x000000000000033b      0x31a /Users/michaelmartin/Documents/workspace/Smart_Wear_1.0/build/board.o
 .debug_abbrev  0x0000000000000655      0x355 /Users/michaelmartin/Documents/workspace/Smart_Wear_1.0/build/stdio.o
 .debug_abbrev  0x00000000000009aa      0x202 /Users/michaelmartin/Documents/workspace/Smart_Wear_1.0/build/led.o
 .debug_abbrev  0x0000000000000bac      0x27a /Users/michaelmartin/Documents/workspace/Smart_Wear_1.0/build/pb.o
 .debug_abbrev  0x0000000000000e26      0x2c3 /Users/michaelmartin/Documents/workspace/Smart_Wear_1.0/build/max14690.o
 .debug_abbrev  0x00000000000010e9      0x323 /Users/michaelmartin/Documents/workspace/Smart_Wear_1.0/build/mx25.o
 .debug_abbrev  0x000000000000140c      0x1fa /Users/michaelmartin/Documents/workspace/Smart_Wear_1.0/build/heap.o
 .debug_abbrev  0x0000000000001606      0x2b5 /Users/michaelmartin/Documents/workspace/Smart_Wear_1.0/build/system_max3263x.o
 .debug_abbrev  0x00000000000018bb      0x267 /Users/michaelmartin/Documents/workspace/Smart_Wear_1.0/build/PeriphDriver/PeriphDriver.a(gpio.o)
 .debug_abbrev  0x0000000000001b22      0x456 /Users/michaelmartin/Documents/workspace/Smart_Wear_1.0/build/PeriphDriver/PeriphDriver.a(i2cm.o)
 .debug_abbrev  0x0000000000001f78      0x24b /Users/michaelmartin/Documents/workspace/Smart_Wear_1.0/build/PeriphDriver/PeriphDriver.a(lp.o)
 .debug_abbrev  0x00000000000021c3      0x135 /Users/michaelmartin/Documents/workspace/Smart_Wear_1.0/build/PeriphDriver/PeriphDriver.a(mxc_lock.o)
 .debug_abbrev  0x00000000000022f8      0x45f /Users/michaelmartin/Documents/workspace/Smart_Wear_1.0/build/PeriphDriver/PeriphDriver.a(mxc_sys.o)
 .debug_abbrev  0x0000000000002757      0x448 /Users/michaelmartin/Documents/workspace/Smart_Wear_1.0/build/PeriphDriver/PeriphDriver.a(spim.o)
 .debug_abbrev  0x0000000000002b9f      0x404 /Users/michaelmartin/Documents/workspace/Smart_Wear_1.0/build/PeriphDriver/PeriphDriver.a(uart.o)
 .debug_abbrev  0x0000000000002fa3      0x1ab /Users/michaelmartin/Documents/workspace/Smart_Wear_1.0/build/PeriphDriver/PeriphDriver.a(clkman.o)
 .debug_abbrev  0x000000000000314e      0x125 /Users/michaelmartin/Documents/workspace/Smart_Wear_1.0/build/PeriphDriver/PeriphDriver.a(ioman.o)

.debug_loc      0x0000000000000000     0x5036
 .debug_loc     0x0000000000000000      0x10b /Users/michaelmartin/Documents/workspace/Smart_Wear_1.0/build/main.o
 .debug_loc     0x000000000000010b       0xd6 /Users/michaelmartin/Documents/workspace/Smart_Wear_1.0/build/board.o
 .debug_loc     0x00000000000001e1      0x2a9 /Users/michaelmartin/Documents/workspace/Smart_Wear_1.0/build/stdio.o
 .debug_loc     0x000000000000048a       0x51 /Users/michaelmartin/Documents/workspace/Smart_Wear_1.0/build/led.o
 .debug_loc     0x00000000000004db       0xa0 /Users/michaelmartin/Documents/workspace/Smart_Wear_1.0/build/pb.o
 .debug_loc     0x000000000000057b      0x23f /Users/michaelmartin/Documents/workspace/Smart_Wear_1.0/build/max14690.o
 .debug_loc     0x00000000000007ba      0x25a /Users/michaelmartin/Documents/workspace/Smart_Wear_1.0/build/mx25.o
 .debug_loc     0x0000000000000a14       0x4a /Users/michaelmartin/Documents/workspace/Smart_Wear_1.0/build/heap.o
 .debug_loc     0x0000000000000a5e       0x2a /Users/michaelmartin/Documents/workspace/Smart_Wear_1.0/build/system_max3263x.o
 .debug_loc     0x0000000000000a88      0x357 /Users/michaelmartin/Documents/workspace/Smart_Wear_1.0/build/PeriphDriver/PeriphDriver.a(gpio.o)
 .debug_loc     0x0000000000000ddf     0x14f4 /Users/michaelmartin/Documents/workspace/Smart_Wear_1.0/build/PeriphDriver/PeriphDriver.a(i2cm.o)
 .debug_loc     0x00000000000022d3      0x27b /Users/michaelmartin/Documents/workspace/Smart_Wear_1.0/build/PeriphDriver/PeriphDriver.a(lp.o)
 .debug_loc     0x000000000000254e       0x73 /Users/michaelmartin/Documents/workspace/Smart_Wear_1.0/build/PeriphDriver/PeriphDriver.a(mxc_lock.o)
 .debug_loc     0x00000000000025c1     0x1015 /Users/michaelmartin/Documents/workspace/Smart_Wear_1.0/build/PeriphDriver/PeriphDriver.a(mxc_sys.o)
 .debug_loc     0x00000000000035d6      0xb86 /Users/michaelmartin/Documents/workspace/Smart_Wear_1.0/build/PeriphDriver/PeriphDriver.a(spim.o)
 .debug_loc     0x000000000000415c      0xcf2 /Users/michaelmartin/Documents/workspace/Smart_Wear_1.0/build/PeriphDriver/PeriphDriver.a(uart.o)
 .debug_loc     0x0000000000004e4e      0x195 /Users/michaelmartin/Documents/workspace/Smart_Wear_1.0/build/PeriphDriver/PeriphDriver.a(clkman.o)
 .debug_loc     0x0000000000004fe3       0x53 /Users/michaelmartin/Documents/workspace/Smart_Wear_1.0/build/PeriphDriver/PeriphDriver.a(ioman.o)

.debug_aranges  0x0000000000000000      0x6c8
 .debug_aranges
                0x0000000000000000       0x38 /Users/michaelmartin/Documents/workspace/Smart_Wear_1.0/build/main.o
 .debug_aranges
                0x0000000000000038       0x40 /Users/michaelmartin/Documents/workspace/Smart_Wear_1.0/build/board.o
 .debug_aranges
                0x0000000000000078       0x50 /Users/michaelmartin/Documents/workspace/Smart_Wear_1.0/build/stdio.o
 .debug_aranges
                0x00000000000000c8       0x20 /Users/michaelmartin/Documents/workspace/Smart_Wear_1.0/build/led.o
 .debug_aranges
                0x00000000000000e8       0x70 /Users/michaelmartin/Documents/workspace/Smart_Wear_1.0/build/pb.o
 .debug_aranges
                0x0000000000000158       0x68 /Users/michaelmartin/Documents/workspace/Smart_Wear_1.0/build/max14690.o
 .debug_aranges
                0x00000000000001c0       0x78 /Users/michaelmartin/Documents/workspace/Smart_Wear_1.0/build/mx25.o
 .debug_aranges
                0x0000000000000238       0x20 /Users/michaelmartin/Documents/workspace/Smart_Wear_1.0/build/heap.o
 .debug_aranges
                0x0000000000000258       0x40 /Users/michaelmartin/Documents/workspace/Smart_Wear_1.0/build/system_max3263x.o
 .debug_aranges
                0x0000000000000298       0x38 /Users/michaelmartin/Documents/workspace/Smart_Wear_1.0/build/PeriphDriver/PeriphDriver.a(gpio.o)
 .debug_aranges
                0x00000000000002d0       0xb0 /Users/michaelmartin/Documents/workspace/Smart_Wear_1.0/build/PeriphDriver/PeriphDriver.a(i2cm.o)
 .debug_aranges
                0x0000000000000380       0x68 /Users/michaelmartin/Documents/workspace/Smart_Wear_1.0/build/PeriphDriver/PeriphDriver.a(lp.o)
 .debug_aranges
                0x00000000000003e8       0x28 /Users/michaelmartin/Documents/workspace/Smart_Wear_1.0/build/PeriphDriver/PeriphDriver.a(mxc_lock.o)
 .debug_aranges
                0x0000000000000410      0x170 /Users/michaelmartin/Documents/workspace/Smart_Wear_1.0/build/PeriphDriver/PeriphDriver.a(mxc_sys.o)
 .debug_aranges
                0x0000000000000580       0x68 /Users/michaelmartin/Documents/workspace/Smart_Wear_1.0/build/PeriphDriver/PeriphDriver.a(spim.o)
 .debug_aranges
                0x00000000000005e8       0x78 /Users/michaelmartin/Documents/workspace/Smart_Wear_1.0/build/PeriphDriver/PeriphDriver.a(uart.o)
 .debug_aranges
                0x0000000000000660       0x48 /Users/michaelmartin/Documents/workspace/Smart_Wear_1.0/build/PeriphDriver/PeriphDriver.a(clkman.o)
 .debug_aranges
                0x00000000000006a8       0x20 /Users/michaelmartin/Documents/workspace/Smart_Wear_1.0/build/PeriphDriver/PeriphDriver.a(ioman.o)

.debug_ranges   0x0000000000000000      0x728
 .debug_ranges  0x0000000000000000       0x28 /Users/michaelmartin/Documents/workspace/Smart_Wear_1.0/build/main.o
 .debug_ranges  0x0000000000000028       0x30 /Users/michaelmartin/Documents/workspace/Smart_Wear_1.0/build/board.o
 .debug_ranges  0x0000000000000058       0x58 /Users/michaelmartin/Documents/workspace/Smart_Wear_1.0/build/stdio.o