Archive member included to satisfy reference by file (symbol)

/Users/michaelmartin/Documents/workspace/Smart_Wear_1.0/build/PeriphDriver/PeriphDriver.a(gpio.o)
                              /Users/michaelmartin/Documents/workspace/Smart_Wear_1.0/build/main.o (GPIO_Config)
/Users/michaelmartin/Documents/workspace/Smart_Wear_1.0/build/PeriphDriver/PeriphDriver.a(i2cm.o)
                              /Users/michaelmartin/Documents/workspace/Smart_Wear_1.0/build/max14690.o (I2CM_Init)
/Users/michaelmartin/Documents/workspace/Smart_Wear_1.0/build/PeriphDriver/PeriphDriver.a(lp.o)
                              /Users/michaelmartin/Documents/workspace/Smart_Wear_1.0/build/max14690.o (LP_ConfigGPIOWakeUpDetect)
/Users/michaelmartin/Documents/workspace/Smart_Wear_1.0/build/PeriphDriver/PeriphDriver.a(mxc_lock.o)
                              /Users/michaelmartin/Documents/workspace/Smart_Wear_1.0/build/PeriphDriver/PeriphDriver.a(i2cm.o) (mxc_get_lock)
/Users/michaelmartin/Documents/workspace/Smart_Wear_1.0/build/PeriphDriver/PeriphDriver.a(mxc_sys.o)
                              /Users/michaelmartin/Documents/workspace/Smart_Wear_1.0/build/PeriphDriver/PeriphDriver.a(gpio.o) (SYS_GPIO_Init)
/Users/michaelmartin/Documents/workspace/Smart_Wear_1.0/build/PeriphDriver/PeriphDriver.a(spim.o)
                              /Users/michaelmartin/Documents/workspace/Smart_Wear_1.0/build/main.o (SPIM_Init)
/Users/michaelmartin/Documents/workspace/Smart_Wear_1.0/build/PeriphDriver/PeriphDriver.a(uart.o)
                              /Users/michaelmartin/Documents/workspace/Smart_Wear_1.0/build/board.o (UART_Init)
/Users/michaelmartin/Documents/workspace/Smart_Wear_1.0/build/PeriphDriver/PeriphDriver.a(clkman.o)
                              /Users/michaelmartin/Documents/workspace/Smart_Wear_1.0/build/PeriphDriver/PeriphDriver.a(mxc_sys.o) (CLKMAN_CryptoClockEnable)
/Users/michaelmartin/Documents/workspace/Smart_Wear_1.0/build/PeriphDriver/PeriphDriver.a(ioman.o)
                              /Users/michaelmartin/Documents/workspace/Smart_Wear_1.0/build/PeriphDriver/PeriphDriver.a(mxc_sys.o) (IOMAN_Config)
/Users/michaelmartin/Maxim_1/Toolchain/bin/../lib/gcc/arm-none-eabi/6.3.1/../../../../arm-none-eabi/lib/thumb/v7e-m/fpv4-sp/softfp/libc.a(lib_a-errno.o)
                              /Users/michaelmartin/Documents/workspace/Smart_Wear_1.0/build/stdio.o (__errno)
/Users/michaelmartin/Maxim_1/Toolchain/bin/../lib/gcc/arm-none-eabi/6.3.1/../../../../arm-none-eabi/lib/thumb/v7e-m/fpv4-sp/softfp/libc.a(lib_a-exit.o)
                              /Users/michaelmartin/Maxim_1/Toolchain/bin/../lib/gcc/arm-none-eabi/6.3.1/../../../../arm-none-eabi/lib/thumb/v7e-m/fpv4-sp/softfp/crt0.o (exit)
/Users/michaelmartin/Maxim_1/Toolchain/bin/../lib/gcc/arm-none-eabi/6.3.1/../../../../arm-none-eabi/lib/thumb/v7e-m/fpv4-sp/softfp/libc.a(lib_a-fflush.o)
                              /Users/michaelmartin/Documents/workspace/Smart_Wear_1.0/build/board.o (fflush)
/Users/michaelmartin/Maxim_1/Toolchain/bin/../lib/gcc/arm-none-eabi/6.3.1/../../../../arm-none-eabi/lib/thumb/v7e-m/fpv4-sp/softfp/libc.a(lib_a-findfp.o)
                              /Users/michaelmartin/Maxim_1/Toolchain/bin/../lib/gcc/arm-none-eabi/6.3.1/../../../../arm-none-eabi/lib/thumb/v7e-m/fpv4-sp/softfp/libc.a(lib_a-fflush.o) (__sinit)
/Users/michaelmartin/Maxim_1/Toolchain/bin/../lib/gcc/arm-none-eabi/6.3.1/../../../../arm-none-eabi/lib/thumb/v7e-m/fpv4-sp/softfp/libc.a(lib_a-freer.o)
                              /Users/michaelmartin/Maxim_1/Toolchain/bin/../lib/gcc/arm-none-eabi/6.3.1/../../../../arm-none-eabi/lib/thumb/v7e-m/fpv4-sp/softfp/libc.a(lib_a-fflush.o) (_free_r)
/Users/michaelmartin/Maxim_1/Toolchain/bin/../lib/gcc/arm-none-eabi/6.3.1/../../../../arm-none-eabi/lib/thumb/v7e-m/fpv4-sp/softfp/libc.a(lib_a-fwalk.o)
                              /Users/michaelmartin/Maxim_1/Toolchain/bin/../lib/gcc/arm-none-eabi/6.3.1/../../../../arm-none-eabi/lib/thumb/v7e-m/fpv4-sp/softfp/libc.a(lib_a-findfp.o) (_fwalk)
/Users/michaelmartin/Maxim_1/Toolchain/bin/../lib/gcc/arm-none-eabi/6.3.1/../../../../arm-none-eabi/lib/thumb/v7e-m/fpv4-sp/softfp/libc.a(lib_a-impure.o)
                              /Users/michaelmartin/Maxim_1/Toolchain/bin/../lib/gcc/arm-none-eabi/6.3.1/../../../../arm-none-eabi/lib/thumb/v7e-m/fpv4-sp/softfp/libc.a(lib_a-exit.o) (_global_impure_ptr)
/Users/michaelmartin/Maxim_1/Toolchain/bin/../lib/gcc/arm-none-eabi/6.3.1/../../../../arm-none-eabi/lib/thumb/v7e-m/fpv4-sp/softfp/libc.a(lib_a-init.o)
                              /Users/michaelmartin/Maxim_1/Toolchain/bin/../lib/gcc/arm-none-eabi/6.3.1/../../../../arm-none-eabi/lib/thumb/v7e-m/fpv4-sp/softfp/crt0.o (__libc_init_array)
/Users/michaelmartin/Maxim_1/Toolchain/bin/../lib/gcc/arm-none-eabi/6.3.1/../../../../arm-none-eabi/lib/thumb/v7e-m/fpv4-sp/softfp/libc.a(lib_a-lock.o)
[...]
Memory Configuration

Name             Origin             Length             Attributes
FLASH            0x0000000000000000 0x0000000000200000 xr
SRAM             0x0000000020000000 0x0000000000080000 xrw
*default*        0x0000000000000000 0xffffffffffffffff

Linker script and memory map

LOAD /Users/michaelmartin/Maxim_1/Toolchain/bin/../lib/gcc/arm-none-eabi/6.3.1/thumb/v7e-m/fpv4-sp/softfp/crti.o
LOAD /Users/michaelmartin/Maxim_1/Toolchain/bin/../lib/gcc/arm-none-eabi/6.3.1/thumb/v7e-m/fpv4-sp/softfp/crtbegin.o
LOAD /Users/michaelmartin/Maxim_1/Toolchain/bin/../lib/gcc/arm-none-eabi/6.3.1/../../../../arm-none-eabi/lib/thumb/v7e-m/fpv4-sp/softfp/crt0.o
LOAD /Users/michaelmartin/Documents/workspace/Smart_Wear_1.0/build/main.o
LOAD /Users/michaelmartin/Documents/workspace/Smart_Wear_1.0/build/board.o
LOAD /Users/michaelmartin/Documents/workspace/Smart_Wear_1.0/build/stdio.o
LOAD /Users/michaelmartin/Documents/workspace/Smart_Wear_1.0/build/led.o
LOAD /Users/michaelmartin/Documents/workspace/Smart_Wear_1.0/build/pb.o
LOAD /Users/michaelmartin/Documents/workspace/Smart_Wear_1.0/build/nhd12832.o
LOAD /Users/michaelmartin/Documents/workspace/Smart_Wear_1.0/build/max14690.o
LOAD /Users/michaelmartin/Documents/workspace/Smart_Wear_1.0/build/mx25.o
LOAD /Users/michaelmartin/Documents/workspace/Smart_Wear_1.0/build/mx25_stub.o
LOAD /Users/michaelmartin/Documents/workspace/Smart_Wear_1.0/build/startup_max3263x.o
LOAD /Users/michaelmartin/Documents/workspace/Smart_Wear_1.0/build/heap.o
LOAD /Users/michaelmartin/Documents/workspace/Smart_Wear_1.0/build/system_max3263x.o
START GROUP
LOAD /Users/michaelmartin/Documents/workspace/Smart_Wear_1.0/build/PeriphDriver/PeriphDriver.a
LOAD /Users/michaelmartin/Maxim_1/Toolchain/bin/../lib/gcc/arm-none-eabi/6.3.1/../../../../arm-none-eabi/lib/thumb/v7e-m/fpv4-sp/softfp/libc.a
LOAD /Users/michaelmartin/Maxim_1/Toolchain/bin/../lib/gcc/arm-none-eabi/6.3.1/../../../../arm-none-eabi/lib/thumb/v7e-m/fpv4-sp/softfp/libm.a
LOAD /Users/michaelmartin/Maxim_1/Toolchain/bin/../lib/gcc/arm-none-eabi/6.3.1/../../../../arm-none-eabi/lib/thumb/v7e-m/fpv4-sp/softfp/libnosys.a
END GROUP
START GROUP
LOAD /Users/michaelmartin/Maxim_1/Toolchain/bin/../lib/gcc/arm-none-eabi/6.3.1/thumb/v7e-m/fpv4-sp/softfp/libgcc.a
LOAD /Users/michaelmartin/Maxim_1/Toolchain/bin/../lib/gcc/arm-none-eabi/6.3.1/../../../../arm-none-eabi/lib/thumb/v7e-m/fpv4-sp/softfp/libc.a
END GROUP
LOAD /Users/michaelmartin/Maxim_1/Toolchain/bin/../lib/gcc/arm-none-eabi/6.3.1/thumb/v7e-m/fpv4-sp/softfp/crtend.o
LOAD /Users/michaelmartin/Maxim_1/Toolchain/bin/../lib/gcc/arm-none-eabi/6.3.1/thumb/v7e-m/fpv4-sp/softfp/crtn.o

.text           0x0000000000000000     0x7f14
                0x0000000000000000                _text = .
 *(.isr_vector)
 .isr_vector    0x0000000000000000      0x110 /Users/michaelmartin/Documents/workspace/Smart_Wear_1.0/build/startup_max3263x.o
                0x0000000000000000                __isr_vector
 *(.text*)
 .text          0x0000000000000110       0x6c /Users/michaelmartin/Maxim_1/Toolchain/bin/../lib/gcc/arm-none-eabi/6.3.1/thumb/v7e-m/fpv4-sp/softfp/crtbegin.o
 .text.gpio_Init
                0x000000000000017c      0x1e4 /Users/michaelmartin/Documents/workspace/Smart_Wear_1.0/build/main.o
                0x000000000000017c                gpio_Init
 .text.Setup    0x0000000000000360      0x118 /Users/michaelmartin/Documents/workspace/Smart_Wear_1.0/build/main.o
                0x0000000000000360                Setup
 .text.startup.main
                0x0000000000000478       0xc8 /Users/michaelmartin/Documents/workspace/Smart_Wear_1.0/build/main.o
                0x0000000000000478                main
 .text.mxc_assert
                0x0000000000000540       0x10 /Users/michaelmartin/Documents/workspace/Smart_Wear_1.0/build/board.o
                0x0000000000000540                mxc_assert
 .text.Console_Init
                0x0000000000000550       0x30 /Users/michaelmartin/Documents/workspace/Smart_Wear_1.0/build/board.o
                0x0000000000000550                Console_Init
 .text.Board_Init
                0x0000000000000580       0x4c /Users/michaelmartin/Documents/workspace/Smart_Wear_1.0/build/board.o
                0x0000000000000580                Board_Init
 .text.UART_PutChar
                0x00000000000005cc       0x20 /Users/michaelmartin/Documents/workspace/Smart_Wear_1.0/build/stdio.o
 .text._close   0x00000000000005ec        0x6 /Users/michaelmartin/Documents/workspace/Smart_Wear_1.0/build/stdio.o
                0x00000000000005ec                _close
 .text._isatty  0x00000000000005f2        0x6 /Users/michaelmartin/Documents/workspace/Smart_Wear_1.0/build/stdio.o
                0x00000000000005f2                _isatty
 .text._lseek   0x00000000000005f8        0x6 /Users/michaelmartin/Documents/workspace/Smart_Wear_1.0/build/stdio.o
                0x00000000000005f8                _lseek
 .text._fstat   0x00000000000005fe        0x6 /Users/michaelmartin/Documents/workspace/Smart_Wear_1.0/build/stdio.o
                0x00000000000005fe                _fstat
 .text._read    0x0000000000000604       0x40 /Users/michaelmartin/Documents/workspace/Smart_Wear_1.0/build/stdio.o
                0x0000000000000604                _read
 .text._write   0x0000000000000644       0x3c /Users/michaelmartin/Documents/workspace/Smart_Wear_1.0/build/stdio.o
                0x0000000000000644                _write
 .text.LED_Init
                0x0000000000000680       0x48 /Users/michaelmartin/Documents/workspace/Smart_Wear_1.0/build/led.o
                0x0000000000000680                LED_Init
 .text.PB_Init  0x00000000000006c8       0x38 /Users/michaelmartin/Documents/workspace/Smart_Wear_1.0/build/pb.o
                0x00000000000006c8                PB_Init
 .text.GPIO_P0_IRQHandler
                0x0000000000000700        0x6 /Users/michaelmartin/Documents/workspace/Smart_Wear_1.0/build/pb.o
                0x0000000000000700                GPIO_P0_IRQHandler
 .text.GPIO_P1_IRQHandler
                0x0000000000000706        0x6 /Users/michaelmartin/Documents/workspace/Smart_Wear_1.0/build/pb.o
                0x0000000000000706                GPIO_P1_IRQHandler
 .text.GPIO_P2_IRQHandler
                0x000000000000070c        0x6 /Users/michaelmartin/Documents/workspace/Smart_Wear_1.0/build/pb.o
                0x000000000000070c                GPIO_P2_IRQHandler
 .text.GPIO_P3_IRQHandler
                0x0000000000000712        0x6 /Users/michaelmartin/Documents/workspace/Smart_Wear_1.0/build/pb.o
                0x0000000000000712                GPIO_P3_IRQHandler
 .text.GPIO_P4_IRQHandler
                0x0000000000000718        0x6 /Users/michaelmartin/Documents/workspace/Smart_Wear_1.0/build/pb.o
                0x0000000000000718                GPIO_P4_IRQHandler
 .text.GPIO_P5_IRQHandler
                0x000000000000071e        0x6 /Users/michaelmartin/Documents/workspace/Smart_Wear_1.0/build/pb.o
                0x000000000000071e                GPIO_P5_IRQHandler
 .text.GPIO_P6_IRQHandler
                0x0000000000000724        0x6 /Users/michaelmartin/Documents/workspace/Smart_Wear_1.0/build/pb.o
                0x0000000000000724                GPIO_P6_IRQHandler
 .text.GPIO_P7_IRQHandler
                0x000000000000072a        0x6 /Users/michaelmartin/Documents/workspace/Smart_Wear_1.0/build/pb.o
                0x000000000000072a                GPIO_P7_IRQHandler
 .text.GPIO_P8_IRQHandler
                0x0000000000000730        0x6 /Users/michaelmartin/Documents/workspace/Smart_Wear_1.0/build/pb.o
                0x0000000000000730                GPIO_P8_IRQHandler
 *fill*         0x0000000000000736        0x2 
 .text.MAX14690_LDO2SetMode
                0x0000000000000738       0x30 /Users/michaelmartin/Documents/workspace/Smart_Wear_1.0/build/max14690.o
                0x0000000000000738                MAX14690_LDO2SetMode
 .text.VBUS_Interrupt
                0x0000000000000768       0x3c /Users/michaelmartin/Documents/workspace/Smart_Wear_1.0/build/max14690.o
 .text.MAX14690_InterruptInit
                0x00000000000007a4       0xe4 /Users/michaelmartin/Documents/workspace/Smart_Wear_1.0/build/max14690.o
                0x00000000000007a4                MAX14690_InterruptInit
 .text.MAX14690_LDO2SetV
                0x0000000000000888       0x48 /Users/michaelmartin/Documents/workspace/Smart_Wear_1.0/build/max14690.o
                0x0000000000000888                MAX14690_LDO2SetV
 .text.MAX14690_LDO3SetV
                0x00000000000008d0       0x48 /Users/michaelmartin/Documents/workspace/Smart_Wear_1.0/build/max14690.o
                0x00000000000008d0                MAX14690_LDO3SetV
 .text.MAX14690_Init
                0x0000000000000918       0x68 /Users/michaelmartin/Documents/workspace/Smart_Wear_1.0/build/max14690.o
                0x0000000000000918                MAX14690_Init
 .text.MX25_init
                0x0000000000000980       0x14 /Users/michaelmartin/Documents/workspace/Smart_Wear_1.0/build/mx25.o
                0x0000000000000980                MX25_init
 .text.MX25_ID  0x0000000000000994       0x58 /Users/michaelmartin/Documents/workspace/Smart_Wear_1.0/build/mx25.o
                0x0000000000000994                MX25_ID
 .text.MX25_read_SR
                0x00000000000009ec       0x48 /Users/michaelmartin/Documents/workspace/Smart_Wear_1.0/build/mx25.o
                0x00000000000009ec                MX25_read_SR
 .text.flash_busy
                0x0000000000000a34       0x18 /Users/michaelmartin/Documents/workspace/Smart_Wear_1.0/build/mx25.o
 .text.MX25_reset
                0x0000000000000a4c       0x48 /Users/michaelmartin/Documents/workspace/Smart_Wear_1.0/build/mx25.o
                0x0000000000000a4c                MX25_reset
 .text.MX25_read
                0x0000000000000a94       0xc4 /Users/michaelmartin/Documents/workspace/Smart_Wear_1.0/build/mx25.o
                0x0000000000000a94                MX25_read
 .text.write_enable
                0x0000000000000b58       0x44 /Users/michaelmartin/Documents/workspace/Smart_Wear_1.0/build/mx25.o
 .text.MX25_program_page
                0x0000000000000b9c       0xc8 /Users/michaelmartin/Documents/workspace/Smart_Wear_1.0/build/mx25.o
                0x0000000000000b9c                MX25_program_page
 .text.MX25_erase
                0x0000000000000c64       0x68 /Users/michaelmartin/Documents/workspace/Smart_Wear_1.0/build/mx25.o
                0x0000000000000c64                MX25_erase
 .text.MX25_write_SR
                0x0000000000000ccc       0x34 /Users/michaelmartin/Documents/workspace/Smart_Wear_1.0/build/mx25.o
                0x0000000000000ccc                MX25_write_SR
 .text.MX25_quad
                0x0000000000000d00       0x5c /Users/michaelmartin/Documents/workspace/Smart_Wear_1.0/build/mx25.o
                0x0000000000000d00                MX25_quad
 .text          0x0000000000000d5c       0xe4 /Users/michaelmartin/Documents/workspace/Smart_Wear_1.0/build/startup_max3263x.o
                0x0000000000000d5c                Reset_Handler
                0x0000000000000d9a                NMI_Handler
                0x0000000000000d9c                HardFault_Handler
                0x0000000000000d9e                MemManage_Handler
                0x0000000000000da0                BusFault_Handler
                0x0000000000000da2                UsageFault_Handler
                0x0000000000000da4                SVC_Handler
                0x0000000000000da6                DebugMon_Handler
                0x0000000000000da8                PendSV_Handler
                0x0000000000000daa                SysTick_Handler
                0x0000000000000dac                Default_Handler
                0x0000000000000dae                CLKMAN_IRQHandler
                0x0000000000000db0                PWRMAN_IRQHandler
                0x0000000000000db2                FLC_IRQHandler
                0x0000000000000db4                RTC0_IRQHandler
                0x0000000000000db6                RTC1_IRQHandler
                0x0000000000000db8                RTC2_IRQHandler
                0x0000000000000dba                RTC3_IRQHandler
                0x0000000000000dbc                PMU_IRQHandler
                0x0000000000000dbe                USB_IRQHandler
                0x0000000000000dc0                AES_IRQHandler
                0x0000000000000dc2                MAA_IRQHandler
                0x0000000000000dc4                WDT0_IRQHandler
                0x0000000000000dc6                WDT0_P_IRQHandler
                0x0000000000000dc8                WDT1_IRQHandler
                0x0000000000000dca                WDT1_P_IRQHandler
                0x0000000000000dda                TMR0_IRQHandler
                0x0000000000000ddc                TMR16_0_IRQHandler
                0x0000000000000dde                TMR1_IRQHandler
                0x0000000000000de0                TMR16_1_IRQHandler
                0x0000000000000de2                TMR2_IRQHandler
                0x0000000000000de4                TMR16_2_IRQHandler
                0x0000000000000de6                TMR3_IRQHandler
                0x0000000000000de8                TMR16_3_IRQHandler
                0x0000000000000dea                TMR4_IRQHandler
                0x0000000000000dec                TMR16_4_IRQHandler
                0x0000000000000dee                TMR5_IRQHandler
                0x0000000000000df0                TMR16_5_IRQHandler
                0x0000000000000df2                PT_IRQHandler
                0x0000000000000df4                UART0_IRQHandler
                0x0000000000000df6                UART1_IRQHandler
                0x0000000000000df8                UART2_IRQHandler
                0x0000000000000dfa                UART3_IRQHandler
                0x0000000000000dfc                I2CM0_IRQHandler
                0x0000000000000dfe                I2CM1_IRQHandler
                0x0000000000000e00                I2CM2_IRQHandler
                0x0000000000000e02                I2CS_IRQHandler
                0x0000000000000e04                SPIM0_IRQHandler
                0x0000000000000e06                SPIM1_IRQHandler
                0x0000000000000e08                SPIM2_IRQHandler
                0x0000000000000e0a                SPIB_IRQHandler
                0x0000000000000e0c                OWM_IRQHandler
                0x0000000000000e0e                AFE_IRQHandler
                0x0000000000000e10                SPIS_IRQHandler
 .text._sbrk    0x0000000000000e40       0x38 /Users/michaelmartin/Documents/workspace/Smart_Wear_1.0/build/heap.o
                0x0000000000000e40                _sbrk
 .text.SystemCoreClockUpdate
                0x0000000000000e78       0x44 /Users/michaelmartin/Documents/workspace/Smart_Wear_1.0/build/system_max3263x.o
                0x0000000000000e78                SystemCoreClockUpdate
 .text.CLKMAN_TrimRO
                0x0000000000000ebc       0xb0 /Users/michaelmartin/Documents/workspace/Smart_Wear_1.0/build/system_max3263x.o
                0x0000000000000ebc                CLKMAN_TrimRO
 .text.PreInit  0x0000000000000f6c       0x30 /Users/michaelmartin/Documents/workspace/Smart_Wear_1.0/build/system_max3263x.o
                0x0000000000000f6c                PreInit
 .text.SystemInit
                0x0000000000000f9c      0x134 /Users/michaelmartin/Documents/workspace/Smart_Wear_1.0/build/system_max3263x.o
                0x0000000000000f9c                SystemInit
 .text.GPIO_Config
                0x00000000000010d0       0xcc /Users/michaelmartin/Documents/workspace/Smart_Wear_1.0/build/PeriphDriver/PeriphDriver.a(gpio.o)
                0x00000000000010d0                GPIO_Config
 .text.GPIO_IntConfig
                0x000000000000119c       0x6c /Users/michaelmartin/Documents/workspace/Smart_Wear_1.0/build/PeriphDriver/PeriphDriver.a(gpio.o)
                0x000000000000119c                GPIO_IntConfig
 .text.GPIO_RegisterCallback
                0x0000000000001208       0x68 /Users/michaelmartin/Documents/workspace/Smart_Wear_1.0/build/PeriphDriver/PeriphDriver.a(gpio.o)
                0x0000000000001208                GPIO_RegisterCallback
 .text.GPIO_Handler
                0x0000000000001270       0x64 /Users/michaelmartin/Documents/workspace/Smart_Wear_1.0/build/PeriphDriver/PeriphDriver.a(gpio.o)
                0x0000000000001270                GPIO_Handler
 .text.I2CM_Recover
                0x00000000000012d4       0x12 /Users/michaelmartin/Documents/workspace/Smart_Wear_1.0/build/PeriphDriver/PeriphDriver.a(i2cm.o)
 .text.I2CM_WriteTxFifo
                0x00000000000012e6       0x32 /Users/michaelmartin/Documents/workspace/Smart_Wear_1.0/build/PeriphDriver/PeriphDriver.a(i2cm.o)
 .text.I2CM_TxInProgress
                0x0000000000001318       0x3e /Users/michaelmartin/Documents/workspace/Smart_Wear_1.0/build/PeriphDriver/PeriphDriver.a(i2cm.o)
 .text.I2CM_Tx  0x0000000000001356       0x60 /Users/michaelmartin/Documents/workspace/Smart_Wear_1.0/build/PeriphDriver/PeriphDriver.a(i2cm.o)
 *fill*         0x00000000000013b6        0x2 
 .text.I2CM_Init
                0x00000000000013b8       0xac /Users/michaelmartin/Documents/workspace/Smart_Wear_1.0/build/PeriphDriver/PeriphDriver.a(i2cm.o)
                0x00000000000013b8                I2CM_Init
 .text.I2CM_Read
                0x0000000000001464      0x1bc /Users/michaelmartin/Documents/workspace/Smart_Wear_1.0/build/PeriphDriver/PeriphDriver.a(i2cm.o)
                0x0000000000001464                I2CM_Read
 .text.I2CM_Write
                0x0000000000001620       0xf4 /Users/michaelmartin/Documents/workspace/Smart_Wear_1.0/build/PeriphDriver/PeriphDriver.a(i2cm.o)
                0x0000000000001620                I2CM_Write
 .text.LP_ConfigGPIOWakeUpDetect
                0x0000000000001714      0x114 /Users/michaelmartin/Documents/workspace/Smart_Wear_1.0/build/PeriphDriver/PeriphDriver.a(lp.o)
                0x0000000000001714                LP_ConfigGPIOWakeUpDetect
 .text.mxc_get_lock
                0x0000000000001828       0x1c /Users/michaelmartin/Documents/workspace/Smart_Wear_1.0/build/PeriphDriver/PeriphDriver.a(mxc_lock.o)
                0x0000000000001828                mxc_get_lock
 .text.mxc_free_lock
                0x0000000000001844        0xa /Users/michaelmartin/Documents/workspace/Smart_Wear_1.0/build/PeriphDriver/PeriphDriver.a(mxc_lock.o)
                0x0000000000001844                mxc_free_lock
 *fill*         0x000000000000184e        0x2 
 .text.SYS_GetFreq
                0x0000000000001850       0x18 /Users/michaelmartin/Documents/workspace/Smart_Wear_1.0/build/PeriphDriver/PeriphDriver.a(mxc_sys.o)
                0x0000000000001850                SYS_GetFreq
 .text.SYS_GPIO_Init
                0x0000000000001868       0x16 /Users/michaelmartin/Documents/workspace/Smart_Wear_1.0/build/PeriphDriver/PeriphDriver.a(mxc_sys.o)
                0x0000000000001868                SYS_GPIO_Init
 *fill*         0x000000000000187e        0x2 
 .text.SYS_UART_Init
                0x0000000000001880       0xb4 /Users/michaelmartin/Documents/workspace/Smart_Wear_1.0/build/PeriphDriver/PeriphDriver.a(mxc_sys.o)
                0x0000000000001880                SYS_UART_Init
 .text.SYS_UART_GetFreq
                0x0000000000001934       0x10 /Users/michaelmartin/Documents/workspace/Smart_Wear_1.0/build/PeriphDriver/PeriphDriver.a(mxc_sys.o)
                0x0000000000001934                SYS_UART_GetFreq
 .text.SYS_I2CM_Init
                0x0000000000001944       0x2c /Users/michaelmartin/Documents/workspace/Smart_Wear_1.0/build/PeriphDriver/PeriphDriver.a(mxc_sys.o)
                0x0000000000001944                SYS_I2CM_Init
 .text.SYS_I2CM_GetFreq
                0x0000000000001970       0x10 /Users/michaelmartin/Documents/workspace/Smart_Wear_1.0/build/PeriphDriver/PeriphDriver.a(mxc_sys.o)
                0x0000000000001970                SYS_I2CM_GetFreq
 .text.SYS_SPIM_Init
                0x0000000000001980       0x98 /Users/michaelmartin/Documents/workspace/Smart_Wear_1.0/build/PeriphDriver/PeriphDriver.a(mxc_sys.o)
                0x0000000000001980                SYS_SPIM_Init
 .text.SYS_SPIM_GetFreq
                0x0000000000001a18       0x3c /Users/michaelmartin/Documents/workspace/Smart_Wear_1.0/build/PeriphDriver/PeriphDriver.a(mxc_sys.o)
                0x0000000000001a18                SYS_SPIM_GetFreq
 .text.SPIM_TransHandler
                0x0000000000001a54      0x2c8 /Users/michaelmartin/Documents/workspace/Smart_Wear_1.0/build/PeriphDriver/PeriphDriver.a(spim.o)
 .text.SPIM_Init
                0x0000000000001d1c      0x108 /Users/michaelmartin/Documents/workspace/Smart_Wear_1.0/build/PeriphDriver/PeriphDriver.a(spim.o)
                0x0000000000001d1c                SPIM_Init
 .text.SPIM_Clocks
                0x0000000000001e24      0x120 /Users/michaelmartin/Documents/workspace/Smart_Wear_1.0/build/PeriphDriver/PeriphDriver.a(spim.o)
                0x0000000000001e24                SPIM_Clocks
 .text.SPIM_Trans
                0x0000000000001f44       0xc0 /Users/michaelmartin/Documents/workspace/Smart_Wear_1.0/build/PeriphDriver/PeriphDriver.a(spim.o)
                0x0000000000001f44                SPIM_Trans
 .text.UART_Init
                0x0000000000002004      0x144 /Users/michaelmartin/Documents/workspace/Smart_Wear_1.0/build/PeriphDriver/PeriphDriver.a(uart.o)
                0x0000000000002004                UART_Init
 .text.CLKMAN_SetClkScale
                0x0000000000002148       0x44 /Users/michaelmartin/Documents/workspace/Smart_Wear_1.0/build/PeriphDriver/PeriphDriver.a(clkman.o)
                0x0000000000002148                CLKMAN_SetClkScale
 .text.CLKMAN_GetClkScale
                0x000000000000218c       0x38 /Users/michaelmartin/Documents/workspace/Smart_Wear_1.0/build/PeriphDriver/PeriphDriver.a(clkman.o)
                0x000000000000218c                CLKMAN_GetClkScale
 .text.IOMAN_Config
                0x00000000000021c4       0x28 /Users/michaelmartin/Documents/workspace/Smart_Wear_1.0/build/PeriphDriver/PeriphDriver.a(ioman.o)
                0x00000000000021c4                IOMAN_Config
 .text.__errno  0x00000000000021ec        0xc /Users/michaelmartin/Maxim_1/Toolchain/bin/../lib/gcc/arm-none-eabi/6.3.1/../../../../arm-none-eabi/lib/thumb/v7e-m/fpv4-sp/softfp/libc.a(lib_a-errno.o)
                0x00000000000021ec                __errno
 .text.__sflush_r
                0x00000000000021f8      0x140 /Users/michaelmartin/Maxim_1/Toolchain/bin/../lib/gcc/arm-none-eabi/6.3.1/../../../../arm-none-eabi/lib/thumb/v7e-m/fpv4-sp/softfp/libc.a(lib_a-fflush.o)
                0x00000000000021f8                __sflush_r
 .text._fflush_r
                0x0000000000002338       0x54 /Users/michaelmartin/Maxim_1/Toolchain/bin/../lib/gcc/arm-none-eabi/6.3.1/../../../../arm-none-eabi/lib/thumb/v7e-m/fpv4-sp/softfp/libc.a(lib_a-fflush.o)
                0x0000000000002338                _fflush_r
 .text._cleanup_r
                0x000000000000238c        0xc /Users/michaelmartin/Maxim_1/Toolchain/bin/../lib/gcc/arm-none-eabi/6.3.1/../../../../arm-none-eabi/lib/thumb/v7e-m/fpv4-sp/softfp/libc.a(lib_a-findfp.o)
                0x000000000000238c                _cleanup_r
 .text.std.isra.0
                0x0000000000002398       0x50 /Users/michaelmartin/Maxim_1/Toolchain/bin/../lib/gcc/arm-none-eabi/6.3.1/../../../../arm-none-eabi/lib/thumb/v7e-m/fpv4-sp/softfp/libc.a(lib_a-findfp.o)
 .text.__sinit  0x00000000000023e8       0x58 /Users/michaelmartin/Maxim_1/Toolchain/bin/../lib/gcc/arm-none-eabi/6.3.1/../../../../arm-none-eabi/lib/thumb/v7e-m/fpv4-sp/softfp/libc.a(lib_a-findfp.o)
                0x00000000000023e8                __sinit
 .text.__sfp_lock_acquire
                0x0000000000002440        0xc /Users/michaelmartin/Maxim_1/Toolchain/bin/../lib/gcc/arm-none-eabi/6.3.1/../../../../arm-none-eabi/lib/thumb/v7e-m/fpv4-sp/softfp/libc.a(lib_a-findfp.o)
                0x0000000000002440                __sfp_lock_acquire
 .text.__sfp_lock_release
                0x000000000000244c        0xc /Users/michaelmartin/Maxim_1/Toolchain/bin/../lib/gcc/arm-none-eabi/6.3.1/../../../../arm-none-eabi/lib/thumb/v7e-m/fpv4-sp/softfp/libc.a(lib_a-findfp.o)
                0x000000000000244c                __sfp_lock_release
 .text._malloc_trim_r
                0x0000000000002458       0xa0 /Users/michaelmartin/Maxim_1/Toolchain/bin/../lib/gcc/arm-none-eabi/6.3.1/../../../../arm-none-eabi/lib/thumb/v7e-m/fpv4-sp/softfp/libc.a(lib_a-freer.o)
                0x0000000000002458                _malloc_trim_r
 .text._free_r  0x00000000000024f8      0x1cc /Users/michaelmartin/Maxim_1/Toolchain/bin/../lib/gcc/arm-none-eabi/6.3.1/../../../../arm-none-eabi/lib/thumb/v7e-m/fpv4-sp/softfp/libc.a(lib_a-freer.o)
                0x00000000000024f8                _free_r
 .text._fwalk_reent
                0x00000000000026c4       0x54 /Users/michaelmartin/Maxim_1/Toolchain/bin/../lib/gcc/arm-none-eabi/6.3.1/../../../../arm-none-eabi/lib/thumb/v7e-m/fpv4-sp/softfp/libc.a(lib_a-fwalk.o)
                0x00000000000026c4                _fwalk_reent
 .text.__libc_init_array
                0x0000000000002718       0x50 /Users/michaelmartin/Maxim_1/Toolchain/bin/../lib/gcc/arm-none-eabi/6.3.1/../../../../arm-none-eabi/lib/thumb/v7e-m/fpv4-sp/softfp/libc.a(lib_a-init.o)
                0x0000000000002718                __libc_init_array
 .text.__retarget_lock_init_recursive
                0x0000000000002768        0x4 /Users/michaelmartin/Maxim_1/Toolchain/bin/../lib/gcc/arm-none-eabi/6.3.1/../../../../arm-none-eabi/lib/thumb/v7e-m/fpv4-sp/softfp/libc.a(lib_a-lock.o)
                0x0000000000002768                __retarget_lock_init_recursive
 .text.__retarget_lock_close_recursive
                0x000000000000276c        0x4 /Users/michaelmartin/Maxim_1/Toolchain/bin/../lib/gcc/arm-none-eabi/6.3.1/../../../../arm-none-eabi/lib/thumb/v7e-m/fpv4-sp/softfp/libc.a(lib_a-lock.o)
                0x000000000000276c                __retarget_lock_close_recursive
 .text.__retarget_lock_acquire_recursive
                0x0000000000002770        0x4 /Users/michaelmartin/Maxim_1/Toolchain/bin/../lib/gcc/arm-none-eabi/6.3.1/../../../../arm-none-eabi/lib/thumb/v7e-m/fpv4-sp/softfp/libc.a(lib_a-lock.o)
                0x0000000000002770                __retarget_lock_acquire_recursive
 .text.__retarget_lock_release_recursive
                0x0000000000002774        0x4 /Users/michaelmartin/Maxim_1/Toolchain/bin/../lib/gcc/arm-none-eabi/6.3.1/../../../../arm-none-eabi/lib/thumb/v7e-m/fpv4-sp/softfp/libc.a(lib_a-lock.o)
                0x0000000000002774                __retarget_lock_release_recursive
 .text._malloc_r
                0x0000000000002778      0x560 /Users/michaelmartin/Maxim_1/Toolchain/bin/../lib/gcc/arm-none-eabi/6.3.1/../../../../arm-none-eabi/lib/thumb/v7e-m/fpv4-sp/softfp/libc.a(lib_a-mallocr.o)
                0x0000000000002778                _malloc_r
 .text.memcmp   0x0000000000002cd8       0x60 /Users/michaelmartin/Maxim_1/Toolchain/bin/../lib/gcc/arm-none-eabi/6.3.1/../../../../arm-none-eabi/lib/thumb/v7e-m/fpv4-sp/softfp/libc.a(lib_a-memcmp.o)
                0x0000000000002cd8                memcmp
 .text          0x0000000000002d38      0x134 /Users/michaelmartin/Maxim_1/Toolchain/bin/../lib/gcc/arm-none-eabi/6.3.1/../../../../arm-none-eabi/lib/thumb/v7e-m/fpv4-sp/softfp/libc.a(lib_a-memcpy.o)
                0x0000000000002d38                memcpy
 .text.memset   0x0000000000002e6c       0x9c /Users/michaelmartin/Maxim_1/Toolchain/bin/../lib/gcc/arm-none-eabi/6.3.1/../../../../arm-none-eabi/lib/thumb/v7e-m/fpv4-sp/softfp/libc.a(lib_a-memset.o)
                0x0000000000002e6c                memset
 .text.__malloc_lock
                0x0000000000002f08        0xc /Users/michaelmartin/Maxim_1/Toolchain/bin/../lib/gcc/arm-none-eabi/6.3.1/../../../../arm-none-eabi/lib/thumb/v7e-m/fpv4-sp/softfp/libc.a(lib_a-mlock.o)
                0x0000000000002f08                __malloc_lock
 .text.__malloc_unlock
                0x0000000000002f14        0xc /Users/michaelmartin/Maxim_1/Toolchain/bin/../lib/gcc/arm-none-eabi/6.3.1/../../../../arm-none-eabi/lib/thumb/v7e-m/fpv4-sp/softfp/libc.a(lib_a-mlock.o)
                0x0000000000002f14                __malloc_unlock
 .text.printf   0x0000000000002f20       0x28 /Users/michaelmartin/Maxim_1/Toolchain/bin/../lib/gcc/arm-none-eabi/6.3.1/../../../../arm-none-eabi/lib/thumb/v7e-m/fpv4-sp/softfp/libc.a(lib_a-printf.o)
                0x0000000000002f20                printf
 .text._puts_r  0x0000000000002f48       0x9c /Users/michaelmartin/Maxim_1/Toolchain/bin/../lib/gcc/arm-none-eabi/6.3.1/../../../../arm-none-eabi/lib/thumb/v7e-m/fpv4-sp/softfp/libc.a(lib_a-puts.o)
                0x0000000000002f48                _puts_r
 .text.puts     0x0000000000002fe4       0x10 /Users/michaelmartin/Maxim_1/Toolchain/bin/../lib/gcc/arm-none-eabi/6.3.1/../../../../arm-none-eabi/lib/thumb/v7e-m/fpv4-sp/softfp/libc.a(lib_a-puts.o)
                0x0000000000002fe4                puts
 .text._sbrk_r  0x0000000000002ff4       0x24 /Users/michaelmartin/Maxim_1/Toolchain/bin/../lib/gcc/arm-none-eabi/6.3.1/../../../../arm-none-eabi/lib/thumb/v7e-m/fpv4-sp/softfp/libc.a(lib_a-sbrkr.o)
                0x0000000000002ff4                _sbrk_r
 .text.__sread  0x0000000000003018       0x24 /Users/michaelmartin/Maxim_1/Toolchain/bin/../lib/gcc/arm-none-eabi/6.3.1/../../../../arm-none-eabi/lib/thumb/v7e-m/fpv4-sp/softfp/libc.a(lib_a-stdio.o)
                0x0000000000003018                __sread
 .text.__swrite
                0x000000000000303c       0x3c /Users/michaelmartin/Maxim_1/Toolchain/bin/../lib/gcc/arm-none-eabi/6.3.1/../../../../arm-none-eabi/lib/thumb/v7e-m/fpv4-sp/softfp/libc.a(lib_a-stdio.o)
                0x000000000000303c                __swrite
 .text.__sseek  0x0000000000003078       0x20 /Users/michaelmartin/Maxim_1/Toolchain/bin/../lib/gcc/arm-none-eabi/6.3.1/../../../../arm-none-eabi/lib/thumb/v7e-m/fpv4-sp/softfp/libc.a(lib_a-stdio.o)
                0x0000000000003078                __sseek
 .text.__sclose
                0x0000000000003098        0x8 /Users/michaelmartin/Maxim_1/Toolchain/bin/../lib/gcc/arm-none-eabi/6.3.1/../../../../arm-none-eabi/lib/thumb/v7e-m/fpv4-sp/softfp/libc.a(lib_a-stdio.o)
                0x0000000000003098                __sclose
 *fill*         0x00000000000030a0       0x20 
 .text          0x00000000000030c0       0xdc /Users/michaelmartin/Maxim_1/Toolchain/bin/../lib/gcc/arm-none-eabi/6.3.1/../../../../arm-none-eabi/lib/thumb/v7e-m/fpv4-sp/softfp/libc.a(lib_a-strlen.o)
                0x00000000000030c0                strlen
 *fill*         0x000000000000319c        0x4 
 .text._vfprintf_r
                0x00000000000031a0     0x1584 /Users/michaelmartin/Maxim_1/Toolchain/bin/../lib/gcc/arm-none-eabi/6.3.1/../../../../arm-none-eabi/lib/thumb/v7e-m/fpv4-sp/softfp/libc.a(lib_a-vfprintf.o)
                0x00000000000031a0                _vfprintf_r
 .text.__sbprintf
                0x0000000000004724       0x84 /Users/michaelmartin/Maxim_1/Toolchain/bin/../lib/gcc/arm-none-eabi/6.3.1/../../../../arm-none-eabi/lib/thumb/v7e-m/fpv4-sp/softfp/libc.a(lib_a-vfprintf.o)
 .text._write_r
                0x00000000000047a8       0x2c /Users/michaelmartin/Maxim_1/Toolchain/bin/../lib/gcc/arm-none-eabi/6.3.1/../../../../arm-none-eabi/lib/thumb/v7e-m/fpv4-sp/softfp/libc.a(lib_a-writer.o)
                0x00000000000047a8                _write_r
 .text.__swsetup_r
                0x00000000000047d4       0xc8 /Users/michaelmartin/Maxim_1/Toolchain/bin/../lib/gcc/arm-none-eabi/6.3.1/../../../../arm-none-eabi/lib/thumb/v7e-m/fpv4-sp/softfp/libc.a(lib_a-wsetup.o)
                0x00000000000047d4                __swsetup_r
 .text.startup.register_fini
                0x000000000000489c       0x14 /Users/michaelmartin/Maxim_1/Toolchain/bin/../lib/gcc/arm-none-eabi/6.3.1/../../../../arm-none-eabi/lib/thumb/v7e-m/fpv4-sp/softfp/libc.a(lib_a-__call_atexit.o)
 .text.atexit   0x00000000000048b0        0xc /Users/michaelmartin/Maxim_1/Toolchain/bin/../lib/gcc/arm-none-eabi/6.3.1/../../../../arm-none-eabi/lib/thumb/v7e-m/fpv4-sp/softfp/libc.a(lib_a-atexit.o)
                0x00000000000048b0                atexit
 .text._close_r
                0x00000000000048bc       0x24 /Users/michaelmartin/Maxim_1/Toolchain/bin/../lib/gcc/arm-none-eabi/6.3.1/../../../../arm-none-eabi/lib/thumb/v7e-m/fpv4-sp/softfp/libc.a(lib_a-closer.o)
                0x00000000000048bc                _close_r
 .text.quorem   0x00000000000048e0      0x128 /Users/michaelmartin/Maxim_1/Toolchain/bin/../lib/gcc/arm-none-eabi/6.3.1/../../../../arm-none-eabi/lib/thumb/v7e-m/fpv4-sp/softfp/libc.a(lib_a-dtoa.o)
 .text._dtoa_r  0x0000000000004a08      0xe34 /Users/michaelmartin/Maxim_1/Toolchain/bin/../lib/gcc/arm-none-eabi/6.3.1/../../../../arm-none-eabi/lib/thumb/v7e-m/fpv4-sp/softfp/libc.a(lib_a-dtoa.o)
                0x0000000000004a08                _dtoa_r
 .text._fclose_r
                0x000000000000583c       0xc4 /Users/michaelmartin/Maxim_1/Toolchain/bin/../lib/gcc/arm-none-eabi/6.3.1/../../../../arm-none-eabi/lib/thumb/v7e-m/fpv4-sp/softfp/libc.a(lib_a-fclose.o)
                0x000000000000583c                _fclose_r
 .text.__libc_fini_array
                0x0000000000005900       0x34 /Users/michaelmartin/Maxim_1/Toolchain/bin/../lib/gcc/arm-none-eabi/6.3.1/../../../../arm-none-eabi/lib/thumb/v7e-m/fpv4-sp/softfp/libc.a(lib_a-fini.o)
                0x0000000000005900                __libc_fini_array
 .text.__sfvwrite_r
                0x0000000000005934      0x2f0 /Users/michaelmartin/Maxim_1/Toolchain/bin/../lib/gcc/arm-none-eabi/6.3.1/../../../../arm-none-eabi/lib/thumb/v7e-m/fpv4-sp/softfp/libc.a(lib_a-fvwrite.o)
                0x0000000000005934                __sfvwrite_r
 .text._localeconv_r
                0x0000000000005c24       0x1c /Users/michaelmartin/Maxim_1/Toolchain/bin/../lib/gcc/arm-none-eabi/6.3.1/../../../../arm-none-eabi/lib/thumb/v7e-m/fpv4-sp/softfp/libc.a(lib_a-localeconv.o)
                0x0000000000005c24                _localeconv_r
 .text._lseek_r
                0x0000000000005c40       0x2c /Users/michaelmartin/Maxim_1/Toolchain/bin/../lib/gcc/arm-none-eabi/6.3.1/../../../../arm-none-eabi/lib/thumb/v7e-m/fpv4-sp/softfp/libc.a(lib_a-lseekr.o)
                0x0000000000005c40                _lseek_r
 .text.__swhatbuf_r
                0x0000000000005c6c       0x5c /Users/michaelmartin/Maxim_1/Toolchain/bin/../lib/gcc/arm-none-eabi/6.3.1/../../../../arm-none-eabi/lib/thumb/v7e-m/fpv4-sp/softfp/libc.a(lib_a-makebuf.o)
                0x0000000000005c6c                __swhatbuf_r
 .text.__smakebuf_r
                0x0000000000005cc8       0x94 /Users/michaelmartin/Maxim_1/Toolchain/bin/../lib/gcc/arm-none-eabi/6.3.1/../../../../arm-none-eabi/lib/thumb/v7e-m/fpv4-sp/softfp/libc.a(lib_a-makebuf.o)
                0x0000000000005cc8                __smakebuf_r
 *fill*         0x0000000000005d5c        0x4 
 .text          0x0000000000005d60       0xa0 /Users/michaelmartin/Maxim_1/Toolchain/bin/../lib/gcc/arm-none-eabi/6.3.1/../../../../arm-none-eabi/lib/thumb/v7e-m/fpv4-sp/softfp/libc.a(lib_a-memchr.o)
                0x0000000000005d60                memchr
 .text.memmove  0x0000000000005e00       0xc8 /Users/michaelmartin/Maxim_1/Toolchain/bin/../lib/gcc/arm-none-eabi/6.3.1/../../../../arm-none-eabi/lib/thumb/v7e-m/fpv4-sp/softfp/libc.a(lib_a-memmove.o)
                0x0000000000005e00                memmove
 .text._Balloc  0x0000000000005ec8       0x4c /Users/michaelmartin/Maxim_1/Toolchain/bin/../lib/gcc/arm-none-eabi/6.3.1/../../../../arm-none-eabi/lib/thumb/v7e-m/fpv4-sp/softfp/libc.a(lib_a-mprec.o)
                0x0000000000005ec8                _Balloc
 .text._Bfree   0x0000000000005f14       0x14 /Users/michaelmartin/Maxim_1/Toolchain/bin/../lib/gcc/arm-none-eabi/6.3.1/../../../../arm-none-eabi/lib/thumb/v7e-m/fpv4-sp/softfp/libc.a(lib_a-mprec.o)
                0x0000000000005f14                _Bfree
 .text.__multadd
                0x0000000000005f28       0x80 /Users/michaelmartin/Maxim_1/Toolchain/bin/../lib/gcc/arm-none-eabi/6.3.1/../../../../arm-none-eabi/lib/thumb/v7e-m/fpv4-sp/softfp/libc.a(lib_a-mprec.o)
                0x0000000000005f28                __multadd
 .text.__hi0bits
                0x0000000000005fa8       0x40 /Users/michaelmartin/Maxim_1/Toolchain/bin/../lib/gcc/arm-none-eabi/6.3.1/../../../../arm-none-eabi/lib/thumb/v7e-m/fpv4-sp/softfp/libc.a(lib_a-mprec.o)
                0x0000000000005fa8                __hi0bits
 .text.__lo0bits
                0x0000000000005fe8       0x60 /Users/michaelmartin/Maxim_1/Toolchain/bin/../lib/gcc/arm-none-eabi/6.3.1/../../../../arm-none-eabi/lib/thumb/v7e-m/fpv4-sp/softfp/libc.a(lib_a-mprec.o)
                0x0000000000005fe8                __lo0bits
 .text.__i2b    0x0000000000006048       0x14 /Users/michaelmartin/Maxim_1/Toolchain/bin/../lib/gcc/arm-none-eabi/6.3.1/../../../../arm-none-eabi/lib/thumb/v7e-m/fpv4-sp/softfp/libc.a(lib_a-mprec.o)
                0x0000000000006048                __i2b
 .text.__multiply
                0x000000000000605c      0x124 /Users/michaelmartin/Maxim_1/Toolchain/bin/../lib/gcc/arm-none-eabi/6.3.1/../../../../arm-none-eabi/lib/thumb/v7e-m/fpv4-sp/softfp/libc.a(lib_a-mprec.o)
                0x000000000000605c                __multiply
 .text.__pow5mult
                0x0000000000006180       0xa0 /Users/michaelmartin/Maxim_1/Toolchain/bin/../lib/gcc/arm-none-eabi/6.3.1/../../../../arm-none-eabi/lib/thumb/v7e-m/fpv4-sp/softfp/libc.a(lib_a-mprec.o)
                0x0000000000006180                __pow5mult
 .text.__lshift
                0x0000000000006220       0xa4 /Users/michaelmartin/Maxim_1/Toolchain/bin/../lib/gcc/arm-none-eabi/6.3.1/../../../../arm-none-eabi/lib/thumb/v7e-m/fpv4-sp/softfp/libc.a(lib_a-mprec.o)
                0x0000000000006220                __lshift
 .text.__mcmp   0x00000000000062c4       0x38 /Users/michaelmartin/Maxim_1/Toolchain/bin/../lib/gcc/arm-none-eabi/6.3.1/../../../../arm-none-eabi/lib/thumb/v7e-m/fpv4-sp/softfp/libc.a(lib_a-mprec.o)
                0x00000000000062c4                __mcmp
 .text.__mdiff  0x00000000000062fc      0x108 /Users/michaelmartin/Maxim_1/Toolchain/bin/../lib/gcc/arm-none-eabi/6.3.1/../../../../arm-none-eabi/lib/thumb/v7e-m/fpv4-sp/softfp/libc.a(lib_a-mprec.o)
                0x00000000000062fc                __mdiff
 .text.__d2b    0x0000000000006404       0xb8 /Users/michaelmartin/Maxim_1/Toolchain/bin/../lib/gcc/arm-none-eabi/6.3.1/../../../../arm-none-eabi/lib/thumb/v7e-m/fpv4-sp/softfp/libc.a(lib_a-mprec.o)
                0x0000000000006404                __d2b
 .text._read_r  0x00000000000064bc       0x2c /Users/michaelmartin/Maxim_1/Toolchain/bin/../lib/gcc/arm-none-eabi/6.3.1/../../../../arm-none-eabi/lib/thumb/v7e-m/fpv4-sp/softfp/libc.a(lib_a-readr.o)
                0x00000000000064bc                _read_r
 .text._realloc_r
                0x00000000000064e8      0x34c /Users/michaelmartin/Maxim_1/Toolchain/bin/../lib/gcc/arm-none-eabi/6.3.1/../../../../arm-none-eabi/lib/thumb/v7e-m/fpv4-sp/softfp/libc.a(lib_a-reallocr.o)
                0x00000000000064e8                _realloc_r
 .text.__sprint_r.part.0
                0x0000000000006834       0x80 /Users/michaelmartin/Maxim_1/Toolchain/bin/../lib/gcc/arm-none-eabi/6.3.1/../../../../arm-none-eabi/lib/thumb/v7e-m/fpv4-sp/softfp/libc.a(lib_a-vfiprintf.o)
 .text.__sprint_r
                0x00000000000068b4       0x14 /Users/michaelmartin/Maxim_1/Toolchain/bin/../lib/gcc/arm-none-eabi/6.3.1/../../../../arm-none-eabi/lib/thumb/v7e-m/fpv4-sp/softfp/libc.a(lib_a-vfiprintf.o)
                0x00000000000068b4                __sprint_r
 .text.__register_exitproc
                0x00000000000068c8       0xc4 /Users/michaelmartin/Maxim_1/Toolchain/bin/../lib/gcc/arm-none-eabi/6.3.1/../../../../arm-none-eabi/lib/thumb/v7e-m/fpv4-sp/softfp/libc.a(lib_a-__atexit.o)
                0x00000000000068c8                __register_exitproc
 .text._calloc_r
                0x000000000000698c       0x60 /Users/michaelmartin/Maxim_1/Toolchain/bin/../lib/gcc/arm-none-eabi/6.3.1/../../../../arm-none-eabi/lib/thumb/v7e-m/fpv4-sp/softfp/libc.a(lib_a-callocr.o)
                0x000000000000698c                _calloc_r
 .text.__fputwc
                0x00000000000069ec       0xa0 /Users/michaelmartin/Maxim_1/Toolchain/bin/../lib/gcc/arm-none-eabi/6.3.1/../../../../arm-none-eabi/lib/thumb/v7e-m/fpv4-sp/softfp/libc.a(lib_a-fputwc.o)
                0x00000000000069ec                __fputwc
 .text._fputwc_r
                0x0000000000006a8c       0x68 /Users/michaelmartin/Maxim_1/Toolchain/bin/../lib/gcc/arm-none-eabi/6.3.1/../../../../arm-none-eabi/lib/thumb/v7e-m/fpv4-sp/softfp/libc.a(lib_a-fputwc.o)
                0x0000000000006a8c                _fputwc_r
 .text._fstat_r
                0x0000000000006af4       0x28 /Users/michaelmartin/Maxim_1/Toolchain/bin/../lib/gcc/arm-none-eabi/6.3.1/../../../../arm-none-eabi/lib/thumb/v7e-m/fpv4-sp/softfp/libc.a(lib_a-fstatr.o)
                0x0000000000006af4                _fstat_r
 .text._isatty_r
                0x0000000000006b1c       0x24 /Users/michaelmartin/Maxim_1/Toolchain/bin/../lib/gcc/arm-none-eabi/6.3.1/../../../../arm-none-eabi/lib/thumb/v7e-m/fpv4-sp/softfp/libc.a(lib_a-isattyr.o)
                0x0000000000006b1c                _isatty_r
 .text.__locale_mb_cur_max
                0x0000000000006b40       0x1c /Users/michaelmartin/Maxim_1/Toolchain/bin/../lib/gcc/arm-none-eabi/6.3.1/../../../../arm-none-eabi/lib/thumb/v7e-m/fpv4-sp/softfp/libc.a(lib_a-locale.o)
                0x0000000000006b40                __locale_mb_cur_max
 .text.__ascii_mbtowc
                0x0000000000006b5c       0x2c /Users/michaelmartin/Maxim_1/Toolchain/bin/../lib/gcc/arm-none-eabi/6.3.1/../../../../arm-none-eabi/lib/thumb/v7e-m/fpv4-sp/softfp/libc.a(lib_a-mbtowc_r.o)
                0x0000000000006b5c                __ascii_mbtowc
 .text.__swbuf_r
                0x0000000000006b88       0xb0 /Users/michaelmartin/Maxim_1/Toolchain/bin/../lib/gcc/arm-none-eabi/6.3.1/../../../../arm-none-eabi/lib/thumb/v7e-m/fpv4-sp/softfp/libc.a(lib_a-wbuf.o)
                0x0000000000006b88                __swbuf_r
 .text._wcrtomb_r
                0x0000000000006c38       0x54 /Users/michaelmartin/Maxim_1/Toolchain/bin/../lib/gcc/arm-none-eabi/6.3.1/../../../../arm-none-eabi/lib/thumb/v7e-m/fpv4-sp/softfp/libc.a(lib_a-wcrtomb.o)
                0x0000000000006c38                _wcrtomb_r
 .text.__ascii_wctomb
                0x0000000000006c8c       0x1c /Users/michaelmartin/Maxim_1/Toolchain/bin/../lib/gcc/arm-none-eabi/6.3.1/../../../../arm-none-eabi/lib/thumb/v7e-m/fpv4-sp/softfp/libc.a(lib_a-wctomb_r.o)
                0x0000000000006c8c                __ascii_wctomb
 .text          0x0000000000006ca8      0x370 /Users/michaelmartin/Maxim_1/Toolchain/bin/../lib/gcc/arm-none-eabi/6.3.1/thumb/v7e-m/fpv4-sp/softfp/libgcc.a(_arm_addsubdf3.o)
                0x0000000000006ca8                __aeabi_drsub
                0x0000000000006cb0                __subdf3
                0x0000000000006cb0                __aeabi_dsub
                0x0000000000006cb4                __aeabi_dadd
                0x0000000000006cb4                __adddf3
                0x0000000000006f2c                __aeabi_ui2d
                0x0000000000006f2c                __floatunsidf
                0x0000000000006f4c                __floatsidf
                0x0000000000006f4c                __aeabi_i2d
                0x0000000000006f70                __extendsfdf2
                0x0000000000006f70                __aeabi_f2d
                0x0000000000006fac                __aeabi_ul2d
                0x0000000000006fac                __floatundidf
                0x0000000000006fbc                __aeabi_l2d
                0x0000000000006fbc                __floatdidf
 .text          0x0000000000007018      0x424 /Users/michaelmartin/Maxim_1/Toolchain/bin/../lib/gcc/arm-none-eabi/6.3.1/thumb/v7e-m/fpv4-sp/softfp/libgcc.a(_arm_muldivdf3.o)
                0x0000000000007018                __aeabi_dmul
                0x0000000000007018                __muldf3
                0x000000000000726c                __aeabi_ddiv
                0x000000000000726c                __divdf3
 .text          0x000000000000743c      0x110 /Users/michaelmartin/Maxim_1/Toolchain/bin/../lib/gcc/arm-none-eabi/6.3.1/thumb/v7e-m/fpv4-sp/softfp/libgcc.a(_arm_cmpdf2.o)
                0x000000000000743c                __gedf2
                0x000000000000743c                __gtdf2
                0x0000000000007444                __ledf2
                0x0000000000007444                __ltdf2
                0x000000000000744c                __cmpdf2
                0x000000000000744c                __eqdf2
                0x000000000000744c                __nedf2
                0x00000000000074c8                __aeabi_cdrcmple
                0x00000000000074d8                __aeabi_cdcmple
                0x00000000000074d8                __aeabi_cdcmpeq
                0x00000000000074e8                __aeabi_dcmpeq
                0x00000000000074fc                __aeabi_dcmplt
                0x0000000000007510                __aeabi_dcmple
                0x0000000000007524                __aeabi_dcmpge
                0x0000000000007538                __aeabi_dcmpgt
 .text          0x000000000000754c       0x2c /Users/michaelmartin/Maxim_1/Toolchain/bin/../lib/gcc/arm-none-eabi/6.3.1/thumb/v7e-m/fpv4-sp/softfp/libgcc.a(_arm_unorddf2.o)
                0x000000000000754c                __aeabi_dcmpun
                0x000000000000754c                __unorddf2
 .text          0x0000000000007578       0x50 /Users/michaelmartin/Maxim_1/Toolchain/bin/../lib/gcc/arm-none-eabi/6.3.1/thumb/v7e-m/fpv4-sp/softfp/libgcc.a(_arm_fixdfsi.o)
                0x0000000000007578                __fixdfsi
                0x0000000000007578                __aeabi_d2iz
 .text          0x00000000000075c8       0x30 /Users/michaelmartin/Maxim_1/Toolchain/bin/../lib/gcc/arm-none-eabi/6.3.1/thumb/v7e-m/fpv4-sp/softfp/libgcc.a(_aeabi_uldivmod.o)
                0x00000000000075c8                __aeabi_uldivmod
 .text          0x00000000000075f8      0x2dc /Users/michaelmartin/Maxim_1/Toolchain/bin/../lib/gcc/arm-none-eabi/6.3.1/thumb/v7e-m/fpv4-sp/softfp/libgcc.a(_udivmoddi4.o)
                0x00000000000075f8                __udivmoddi4
 .text          0x00000000000078d4        0x4 /Users/michaelmartin/Maxim_1/Toolchain/bin/../lib/gcc/arm-none-eabi/6.3.1/thumb/v7e-m/fpv4-sp/softfp/libgcc.a(_dvmd_tls.o)
                0x00000000000078d4                __aeabi_ldiv0
                0x00000000000078d4                __aeabi_idiv0
 *(.rodata*)
 .rodata.Setup.str1.1
                0x00000000000078d8       0x55 /Users/michaelmartin/Documents/workspace/Smart_Wear_1.0/build/main.o
 .rodata.main.str1.1
                0x000000000000792d       0x8f /Users/michaelmartin/Documents/workspace/Smart_Wear_1.0/build/main.o
 .rodata.Console_Init.str1.1
                0x00000000000079bc       0x5c /Users/michaelmartin/Documents/workspace/Smart_Wear_1.0/build/board.o
 .rodata.console_sys_cfg
                0x0000000000007a18       0x10 /Users/michaelmartin/Documents/workspace/Smart_Wear_1.0/build/board.o
                0x0000000000007a18                console_sys_cfg
 .rodata.console_uart_cfg
                0x0000000000007a28        0xc /Users/michaelmartin/Documents/workspace/Smart_Wear_1.0/build/board.o
                0x0000000000007a28                console_uart_cfg
 .rodata.led_pin
                0x0000000000007a34       0x30 /Users/michaelmartin/Documents/workspace/Smart_Wear_1.0/build/board.o
                0x0000000000007a34                led_pin
 .rodata.max14690_cfg
                0x0000000000007a64       0x10 /Users/michaelmartin/Documents/workspace/Smart_Wear_1.0/build/board.o
                0x0000000000007a64                max14690_cfg
 .rodata.max14690_int
                0x0000000000007a74        0xc /Users/michaelmartin/Documents/workspace/Smart_Wear_1.0/build/board.o
                0x0000000000007a74                max14690_int
 .rodata.max14690_sys_cfg
                0x0000000000007a80       0x10 /Users/michaelmartin/Documents/workspace/Smart_Wear_1.0/build/board.o
                0x0000000000007a80                max14690_sys_cfg
 .rodata.mxc_assert.str1.1
                0x0000000000007a90       0x19 /Users/michaelmartin/Documents/workspace/Smart_Wear_1.0/build/board.o
 *fill*         0x0000000000007aa9        0x3 
 .rodata.num_leds
                0x0000000000007aac        0x4 /Users/michaelmartin/Documents/workspace/Smart_Wear_1.0/build/board.o
                0x0000000000007aac                num_leds
 .rodata.num_pbs
                0x0000000000007ab0        0x4 /Users/michaelmartin/Documents/workspace/Smart_Wear_1.0/build/board.o
                0x0000000000007ab0                num_pbs
 .rodata.pb_pin
                0x0000000000007ab4       0x24 /Users/michaelmartin/Documents/workspace/Smart_Wear_1.0/build/board.o
                0x0000000000007ab4                pb_pin
 .rodata.GPIO_Config.str1.1
                0x0000000000007ad8       0x31 /Users/michaelmartin/Documents/workspace/Smart_Wear_1.0/build/PeriphDriver/PeriphDriver.a(gpio.o)
 .rodata.GPIO_Handler.str1.1
                0x0000000000007b09       0x31 /Users/michaelmartin/Documents/workspace/Smart_Wear_1.0/build/PeriphDriver/PeriphDriver.a(gpio.o)
                                         0x1a (size before relaxing)
 .rodata.I2CM_Init.str1.1
                0x0000000000007b09       0x1c /Users/michaelmartin/Documents/workspace/Smart_Wear_1.0/build/PeriphDriver/PeriphDriver.a(i2cm.o)
 *fill*         0x0000000000007b25        0x3 
 .rodata.clk_div_table
                0x0000000000007b28       0x60 /Users/michaelmartin/Documents/workspace/Smart_Wear_1.0/build/PeriphDriver/PeriphDriver.a(i2cm.o)
 .rodata.LP_ConfigGPIOWakeUpDetect.str1.1
                0x0000000000007b88       0x3b /Users/michaelmartin/Documents/workspace/Smart_Wear_1.0/build/PeriphDriver/PeriphDriver.a(lp.o)
 .rodata.SPIM_Init.str1.1
                0x0000000000007bc3       0x1c /Users/michaelmartin/Documents/workspace/Smart_Wear_1.0/build/PeriphDriver/PeriphDriver.a(spim.o)
 .rodata.UART_Init.str1.1
                0x0000000000007bdf       0x29 /Users/michaelmartin/Documents/workspace/Smart_Wear_1.0/build/PeriphDriver/PeriphDriver.a(uart.o)
 .rodata.CLKMAN_SetClkScale.str1.1
                0x0000000000007c08       0x31 /Users/michaelmartin/Documents/workspace/Smart_Wear_1.0/build/PeriphDriver/PeriphDriver.a(clkman.o)
 .rodata.CLKMAN_SetSystemClock.str1.1
                0x0000000000007c39       0x33 /Users/michaelmartin/Documents/workspace/Smart_Wear_1.0/build/PeriphDriver/PeriphDriver.a(clkman.o)
 .rodata._global_impure_ptr
                0x0000000000007c6c        0x4 /Users/michaelmartin/Maxim_1/Toolchain/bin/../lib/gcc/arm-none-eabi/6.3.1/../../../../arm-none-eabi/lib/thumb/v7e-m/fpv4-sp/softfp/libc.a(lib_a-impure.o)
                0x0000000000007c6c                _global_impure_ptr
 .rodata._puts_r.str1.4
                0x0000000000007c70        0x2 /Users/michaelmartin/Maxim_1/Toolchain/bin/../lib/gcc/arm-none-eabi/6.3.1/../../../../arm-none-eabi/lib/thumb/v7e-m/fpv4-sp/softfp/libc.a(lib_a-puts.o)
 *fill*         0x0000000000007c72        0x2 
 .rodata._vfprintf_r.str1.4
                0x0000000000007c74       0x42 /Users/michaelmartin/Maxim_1/Toolchain/bin/../lib/gcc/arm-none-eabi/6.3.1/../../../../arm-none-eabi/lib/thumb/v7e-m/fpv4-sp/softfp/libc.a(lib_a-vfprintf.o)
 *fill*         0x0000000000007cb6        0x2 
 .rodata.blanks.8366
                0x0000000000007cb8       0x10 /Users/michaelmartin/Maxim_1/Toolchain/bin/../lib/gcc/arm-none-eabi/6.3.1/../../../../arm-none-eabi/lib/thumb/v7e-m/fpv4-sp/softfp/libc.a(lib_a-vfprintf.o)
 .rodata.zeroes.8367
                0x0000000000007cc8       0x10 /Users/michaelmartin/Maxim_1/Toolchain/bin/../lib/gcc/arm-none-eabi/6.3.1/../../../../arm-none-eabi/lib/thumb/v7e-m/fpv4-sp/softfp/libc.a(lib_a-vfprintf.o)
 .rodata._dtoa_r.str1.4
                0x0000000000007cd8       0x10 /Users/michaelmartin/Maxim_1/Toolchain/bin/../lib/gcc/arm-none-eabi/6.3.1/../../../../arm-none-eabi/lib/thumb/v7e-m/fpv4-sp/softfp/libc.a(lib_a-dtoa.o)
                                         0x12 (size before relaxing)
 .rodata.__mprec_bigtens
                0x0000000000007ce8       0x28 /Users/michaelmartin/Maxim_1/Toolchain/bin/../lib/gcc/arm-none-eabi/6.3.1/../../../../arm-none-eabi/lib/thumb/v7e-m/fpv4-sp/softfp/libc.a(lib_a-mprec.o)
                0x0000000000007ce8                __mprec_bigtens
 .rodata.__mprec_tens
                0x0000000000007d10       0xc8 /Users/michaelmartin/Maxim_1/Toolchain/bin/../lib/gcc/arm-none-eabi/6.3.1/../../../../arm-none-eabi/lib/thumb/v7e-m/fpv4-sp/softfp/libc.a(lib_a-mprec.o)
                0x0000000000007d10                __mprec_tens
 .rodata.p05.7183
                0x0000000000007dd8        0xc /Users/michaelmartin/Maxim_1/Toolchain/bin/../lib/gcc/arm-none-eabi/6.3.1/../../../../arm-none-eabi/lib/thumb/v7e-m/fpv4-sp/softfp/libc.a(lib_a-mprec.o)
 .rodata._setlocale_r.str1.4
                0x0000000000007de4        0xa /Users/michaelmartin/Maxim_1/Toolchain/bin/../lib/gcc/arm-none-eabi/6.3.1/../../../../arm-none-eabi/lib/thumb/v7e-m/fpv4-sp/softfp/libc.a(lib_a-locale.o)
                                          0xd (size before relaxing)
 *fill*         0x0000000000007dee        0x2 
 .rodata.str1.4
                0x0000000000007df0        0x4 /Users/michaelmartin/Maxim_1/Toolchain/bin/../lib/gcc/arm-none-eabi/6.3.1/../../../../arm-none-eabi/lib/thumb/v7e-m/fpv4-sp/softfp/libc.a(lib_a-locale.o)
                                          0x2 (size before relaxing)
 .rodata._ctype_
                0x0000000000007df4      0x101 /Users/michaelmartin/Maxim_1/Toolchain/bin/../lib/gcc/arm-none-eabi/6.3.1/../../../../arm-none-eabi/lib/thumb/v7e-m/fpv4-sp/softfp/libc.a(lib_a-ctype_.o)
                0x0000000000007df4                _ctype_
 *(.init)
 *fill*         0x0000000000007ef5        0x3 
 .init          0x0000000000007ef8        0x4 /Users/michaelmartin/Maxim_1/Toolchain/bin/../lib/gcc/arm-none-eabi/6.3.1/thumb/v7e-m/fpv4-sp/softfp/crti.o
                0x0000000000007ef8                _init
 .init          0x0000000000007efc        0x8 /Users/michaelmartin/Maxim_1/Toolchain/bin/../lib/gcc/arm-none-eabi/6.3.1/thumb/v7e-m/fpv4-sp/softfp/crtn.o
 *(.fini)
 .fini          0x0000000000007f04        0x4 /Users/michaelmartin/Maxim_1/Toolchain/bin/../lib/gcc/arm-none-eabi/6.3.1/thumb/v7e-m/fpv4-sp/softfp/crti.o
                0x0000000000007f04                _fini
 .fini          0x0000000000007f08        0x8 /Users/michaelmartin/Maxim_1/Toolchain/bin/../lib/gcc/arm-none-eabi/6.3.1/thumb/v7e-m/fpv4-sp/softfp/crtn.o
 *(.eh_frame*)
 .eh_frame      0x0000000000007f10        0x0 /Users/michaelmartin/Maxim_1/Toolchain/bin/../lib/gcc/arm-none-eabi/6.3.1/thumb/v7e-m/fpv4-sp/softfp/crtbegin.o
 .eh_frame      0x0000000000007f10        0x4 /Users/michaelmartin/Maxim_1/Toolchain/bin/../lib/gcc/arm-none-eabi/6.3.1/thumb/v7e-m/fpv4-sp/softfp/crtend.o
                0x0000000000007f14                _etext = .

.glue_7         0x0000000000007f14        0x0
 .glue_7        0x0000000000007f14        0x0 linker stubs

.glue_7t        0x0000000000007f14        0x0
 .glue_7t       0x0000000000007f14        0x0 linker stubs

.vfp11_veneer   0x0000000000007f14        0x0
 .vfp11_veneer  0x0000000000007f14        0x0 linker stubs

.v4_bx          0x0000000000007f14        0x0
 .v4_bx         0x0000000000007f14        0x0 linker stubs

.iplt           0x0000000000007f14        0x0
 .iplt          0x0000000000007f14        0x0 /Users/michaelmartin/Maxim_1/Toolchain/bin/../lib/gcc/arm-none-eabi/6.3.1/thumb/v7e-m/fpv4-sp/softfp/crtbegin.o

.ARM.exidx      0x0000000000007f14        0x8
                0x0000000000007f14                __exidx_start = .
 *(.ARM.exidx*)
 .ARM.exidx     0x0000000000007f14        0x8 /Users/michaelmartin/Maxim_1/Toolchain/bin/../lib/gcc/arm-none-eabi/6.3.1/thumb/v7e-m/fpv4-sp/softfp/libgcc.a(_udivmoddi4.o)
                0x0000000000007f1c                __exidx_end = .

.rel.dyn        0x0000000000007f1c        0x0
 .rel.iplt      0x0000000000007f1c        0x0 /Users/michaelmartin/Maxim_1/Toolchain/bin/../lib/gcc/arm-none-eabi/6.3.1/thumb/v7e-m/fpv4-sp/softfp/crtbegin.o

.data           0x0000000020000000      0x9bc load address 0x0000000000007f1c
                0x0000000020000000                _data = ALIGN (., 0x4)
 *(.data*)
 .data.SystemCoreClock
                0x0000000020000000        0x4 /Users/michaelmartin/Documents/workspace/Smart_Wear_1.0/build/system_max3263x.o
                0x0000000020000000                SystemCoreClock
 .data._impure_ptr
                0x0000000020000004        0x4 /Users/michaelmartin/Maxim_1/Toolchain/bin/../lib/gcc/arm-none-eabi/6.3.1/../../../../arm-none-eabi/lib/thumb/v7e-m/fpv4-sp/softfp/libc.a(lib_a-impure.o)
                0x0000000020000004                _impure_ptr
 .data.impure_data
                0x0000000020000008      0x428 /Users/michaelmartin/Maxim_1/Toolchain/bin/../lib/gcc/arm-none-eabi/6.3.1/../../../../arm-none-eabi/lib/thumb/v7e-m/fpv4-sp/softfp/libc.a(lib_a-impure.o)
 .data.__malloc_av_
                0x0000000020000430      0x408 /Users/michaelmartin/Maxim_1/Toolchain/bin/../lib/gcc/arm-none-eabi/6.3.1/../../../../arm-none-eabi/lib/thumb/v7e-m/fpv4-sp/softfp/libc.a(lib_a-mallocr.o)
                0x0000000020000430                __malloc_av_
 .data.__malloc_sbrk_base
                0x0000000020000838        0x4 /Users/michaelmartin/Maxim_1/Toolchain/bin/../lib/gcc/arm-none-eabi/6.3.1/../../../../arm-none-eabi/lib/thumb/v7e-m/fpv4-sp/softfp/libc.a(lib_a-mallocr.o)
                0x0000000020000838                __malloc_sbrk_base
 .data.__malloc_trim_threshold
                0x000000002000083c        0x4 /Users/michaelmartin/Maxim_1/Toolchain/bin/../lib/gcc/arm-none-eabi/6.3.1/../../../../arm-none-eabi/lib/thumb/v7e-m/fpv4-sp/softfp/libc.a(lib_a-mallocr.o)
                0x000000002000083c                __malloc_trim_threshold
 .data.__atexit_recursive_mutex
                0x0000000020000840        0x4 /Users/michaelmartin/Maxim_1/Toolchain/bin/../lib/gcc/arm-none-eabi/6.3.1/../../../../arm-none-eabi/lib/thumb/v7e-m/fpv4-sp/softfp/libc.a(lib_a-__call_atexit.o)
                0x0000000020000840                __atexit_recursive_mutex
 .data.__global_locale
                0x0000000020000844      0x16c /Users/michaelmartin/Maxim_1/Toolchain/bin/../lib/gcc/arm-none-eabi/6.3.1/../../../../arm-none-eabi/lib/thumb/v7e-m/fpv4-sp/softfp/libc.a(lib_a-locale.o)
                0x0000000020000844                __global_locale
 *(.spix_config*)
                0x00000000200009b0                . = ALIGN (0x4)
                0x00000000200009b0                PROVIDE (__preinit_array_start, .)
 *(.preinit_array)
                0x00000000200009b0                PROVIDE (__preinit_array_end, .)
                0x00000000200009b0                . = ALIGN (0x4)
                0x00000000200009b0                PROVIDE (__init_array_start, .)
 *(SORT(.init_array.*))
 .init_array.00000
                0x00000000200009b0        0x4 /Users/michaelmartin/Maxim_1/Toolchain/bin/../lib/gcc/arm-none-eabi/6.3.1/../../../../arm-none-eabi/lib/thumb/v7e-m/fpv4-sp/softfp/libc.a(lib_a-__call_atexit.o)
 *(.init_array)
 .init_array    0x00000000200009b4        0x4 /Users/michaelmartin/Maxim_1/Toolchain/bin/../lib/gcc/arm-none-eabi/6.3.1/thumb/v7e-m/fpv4-sp/softfp/crtbegin.o
                0x00000000200009b8                PROVIDE (__init_array_end, .)
                0x00000000200009b8                . = ALIGN (0x4)
                0x00000000200009b8                PROVIDE (__fini_array_start, .)
 *(SORT(.fini_array.*))
 *(.fini_array)
 .fini_array    0x00000000200009b8        0x4 /Users/michaelmartin/Maxim_1/Toolchain/bin/../lib/gcc/arm-none-eabi/6.3.1/thumb/v7e-m/fpv4-sp/softfp/crtbegin.o
                0x00000000200009bc                PROVIDE (__fini_array_end, .)
                0x00000000200009bc                _edata = ALIGN (., 0x4)
                0x0000000000007f1c                __load_data = LOADADDR (.data)

.jcr            0x00000000200009bc        0x0 load address 0x00000000000088d8
 .jcr           0x00000000200009bc        0x0 /Users/michaelmartin/Maxim_1/Toolchain/bin/../lib/gcc/arm-none-eabi/6.3.1/thumb/v7e-m/fpv4-sp/softfp/crtbegin.o

.igot.plt       0x00000000200009bc        0x0 load address 0x00000000000088d8
 .igot.plt      0x00000000200009bc        0x0 /Users/michaelmartin/Maxim_1/Toolchain/bin/../lib/gcc/arm-none-eabi/6.3.1/thumb/v7e-m/fpv4-sp/softfp/crtbegin.o

.bss            0x00000000200009bc      0x458 load address 0x00000000000088d8
                0x00000000200009bc                . = ALIGN (0x4)
                0x00000000200009bc                _bss = .
 *(.bss*)
 .bss           0x00000000200009bc       0x1c /Users/michaelmartin/Maxim_1/Toolchain/bin/../lib/gcc/arm-none-eabi/6.3.1/thumb/v7e-m/fpv4-sp/softfp/crtbegin.o
 .bss.req       0x00000000200009d8       0x20 /Users/michaelmartin/Documents/workspace/Smart_Wear_1.0/build/mx25.o
 .bss.spim      0x00000000200009f8        0x4 /Users/michaelmartin/Documents/workspace/Smart_Wear_1.0/build/mx25.o
 .bss.heap_end  0x00000000200009fc        0x4 /Users/michaelmartin/Documents/workspace/Smart_Wear_1.0/build/heap.o
 .bss.callbacks
                0x0000000020000a00      0x120 /Users/michaelmartin/Documents/workspace/Smart_Wear_1.0/build/PeriphDriver/PeriphDriver.a(gpio.o)
 .bss.cbparam   0x0000000020000b20      0x120 /Users/michaelmartin/Documents/workspace/Smart_Wear_1.0/build/PeriphDriver/PeriphDriver.a(gpio.o)
 .bss.states    0x0000000020000c40       0x18 /Users/michaelmartin/Documents/workspace/Smart_Wear_1.0/build/PeriphDriver/PeriphDriver.a(i2cm.o)
 .bss.subsequent_call.7328
                0x0000000020000c58        0x4 /Users/michaelmartin/Documents/workspace/Smart_Wear_1.0/build/PeriphDriver/PeriphDriver.a(mxc_sys.o)
 .bss.states    0x0000000020000c5c       0x18 /Users/michaelmartin/Documents/workspace/Smart_Wear_1.0/build/PeriphDriver/PeriphDriver.a(spim.o)
 .bss.rx_states
                0x0000000020000c74       0x10 /Users/michaelmartin/Documents/workspace/Smart_Wear_1.0/build/PeriphDriver/PeriphDriver.a(uart.o)
 .bss.tx_states
                0x0000000020000c84       0x10 /Users/michaelmartin/Documents/workspace/Smart_Wear_1.0/build/PeriphDriver/PeriphDriver.a(uart.o)
 .bss.__malloc_current_mallinfo
                0x0000000020000c94       0x28 /Users/michaelmartin/Maxim_1/Toolchain/bin/../lib/gcc/arm-none-eabi/6.3.1/../../../../arm-none-eabi/lib/thumb/v7e-m/fpv4-sp/softfp/libc.a(lib_a-mallocr.o)
                0x0000000020000c94                __malloc_current_mallinfo
 .bss.__malloc_max_sbrked_mem
                0x0000000020000cbc        0x4 /Users/michaelmartin/Maxim_1/Toolchain/bin/../lib/gcc/arm-none-eabi/6.3.1/../../../../arm-none-eabi/lib/thumb/v7e-m/fpv4-sp/softfp/libc.a(lib_a-mallocr.o)
                0x0000000020000cbc                __malloc_max_sbrked_mem
 .bss.__malloc_max_total_mem
                0x0000000020000cc0        0x4 /Users/michaelmartin/Maxim_1/Toolchain/bin/../lib/gcc/arm-none-eabi/6.3.1/../../../../arm-none-eabi/lib/thumb/v7e-m/fpv4-sp/softfp/libc.a(lib_a-mallocr.o)
                0x0000000020000cc0                __malloc_max_total_mem
 .bss.__malloc_top_pad
                0x0000000020000cc4        0x4 /Users/michaelmartin/Maxim_1/Toolchain/bin/../lib/gcc/arm-none-eabi/6.3.1/../../../../arm-none-eabi/lib/thumb/v7e-m/fpv4-sp/softfp/libc.a(lib_a-mallocr.o)
                0x0000000020000cc4                __malloc_top_pad
 *(COMMON)
 COMMON         0x0000000020000cc8      0x120 /Users/michaelmartin/Documents/workspace/Smart_Wear_1.0/build/main.o
                0x0000000020000cc8                SPIM0A_0_4
                0x0000000020000cd4                SPIM2A_1_6
                0x0000000020000ce0                SPIM0A_0_5
                0x0000000020000cec                SPIM0A_0_7
                0x0000000020000cf8                SPIM2A_1_2
                0x0000000020000d04                SPIM2A_1_4
                0x0000000020000d10                SPIM0A_0_1
                0x0000000020000d1c                SPIM2C_2_3
                0x0000000020000d28                SPIM2A_1_7
                0x0000000020000d34                SPIM2C_2_5
                0x0000000020000d40                SPIM2A_1_5
                0x0000000020000d4c                SPIM2A_1_1
                0x0000000020000d58                SPIM0A_0_0
                0x0000000020000d64                SPIM2C_2_0
                0x0000000020000d70                SPIM2C_2_2
                0x0000000020000d7c                SPIM0A_0_3
                0x0000000020000d88                SPIM2C_2_7
                0x0000000020000d94                SPIM2A_1_0
                0x0000000020000da0                SPIM2A_1_3
                0x0000000020000dac                SPIM0A_0_6
                0x0000000020000db8                SPIM0A_0_2
                0x0000000020000dc4                SPIM2C_2_4
                0x0000000020000dd0                SPIM2C_2_6
                0x0000000020000ddc                SPIM2C_2_1
 COMMON         0x0000000020000de8        0x2 /Users/michaelmartin/Documents/workspace/Smart_Wear_1.0/build/PeriphDriver/PeriphDriver.a(spim.o)
                0x0000000020000de8                header_save
 *fill*         0x0000000020000dea        0x2 
 COMMON         0x0000000020000dec       0x21 /Users/michaelmartin/Maxim_1/Toolchain/bin/../lib/gcc/arm-none-eabi/6.3.1/../../../../arm-none-eabi/lib/thumb/v7e-m/fpv4-sp/softfp/libc.a(lib_a-lock.o)
                0x0000000020000dec                __lock___atexit_recursive_mutex
                0x0000000020000df0                __lock___arc4random_mutex
                0x0000000020000df4                __lock___env_recursive_mutex
                0x0000000020000df8                __lock___sinit_recursive_mutex
                0x0000000020000dfc                __lock___malloc_recursive_mutex
                0x0000000020000e00                __lock___at_quick_exit_mutex
                0x0000000020000e04                __lock___dd_hash_mutex
                0x0000000020000e08                __lock___tz_mutex
                0x0000000020000e0c                __lock___sfp_recursive_mutex
 *fill*         0x0000000020000e0d        0x3 
 COMMON         0x0000000020000e10        0x4 /Users/michaelmartin/Maxim_1/Toolchain/bin/../lib/gcc/arm-none-eabi/6.3.1/../../../../arm-none-eabi/lib/thumb/v7e-m/fpv4-sp/softfp/libc.a(lib_a-reent.o)
                0x0000000020000e10                errno
                0x0000000020000e14                _ebss = ALIGN (., 0x4)
                0x0000000020080000                __StackTop = (ORIGIN (SRAM) + LENGTH (SRAM))
                0x000000002007f000                __StackLimit = (__StackTop - SIZEOF (.stack_dummy))

.stack_dummy    0x0000000020000e18     0x1000 load address 0x00000000000088d8
 *(.stack*)
 .stack         0x0000000020000e18     0x1000 /Users/michaelmartin/Documents/workspace/Smart_Wear_1.0/build/startup_max3263x.o

.heap           0x0000000020000e18      0xc00 load address 0x00000000000088d8
                0x0000000020000e18                . = ALIGN (0x4)
 *(.heap*)
 .heap          0x0000000020000e18      0xc00 /Users/michaelmartin/Documents/workspace/Smart_Wear_1.0/build/startup_max3263x.o
                0x0000000020000e18                __HeapBase
                0x000000002007f000                __HeapLimit = ABSOLUTE (__StackLimit)
                0x0000000020080000                PROVIDE (__stack, __StackTop)
                0x0000000000000001                ASSERT ((__StackLimit >= _ebss), region RAM overflowed with stack)
OUTPUT(/Users/michaelmartin/Documents/workspace/Smart_Wear_1.0/build/max3263x.elf elf32-littlearm)

.ARM.attributes
                0x0000000000000000       0x2e
 .ARM.attributes
                0x0000000000000000       0x22 /Users/michaelmartin/Maxim_1/Toolchain/bin/../lib/gcc/arm-none-eabi/6.3.1/thumb/v7e-m/fpv4-sp/softfp/crti.o
 .ARM.attributes
                0x0000000000000022       0x32 /Users/michaelmartin/Maxim_1/Toolchain/bin/../lib/gcc/arm-none-eabi/6.3.1/thumb/v7e-m/fpv4-sp/softfp/crtbegin.o
 .ARM.attributes
                0x0000000000000054       0x37 /Users/michaelmartin/Documents/workspace/Smart_Wear_1.0/build/main.o
 .ARM.attributes
                0x000000000000008b       0x37 /Users/michaelmartin/Documents/workspace/Smart_Wear_1.0/build/board.o
 .ARM.attributes
                0x00000000000000c2       0x37 /Users/michaelmartin/Documents/workspace/Smart_Wear_1.0/build/stdio.o
 .ARM.attributes
                0x00000000000000f9       0x37 /Users/michaelmartin/Documents/workspace/Smart_Wear_1.0/build/led.o
 .ARM.attributes
                0x0000000000000130       0x37 /Users/michaelmartin/Documents/workspace/Smart_Wear_1.0/build/pb.o
 .ARM.attributes
                0x0000000000000167       0x37 /Users/michaelmartin/Documents/workspace/Smart_Wear_1.0/build/max14690.o
 .ARM.attributes
                0x000000000000019e       0x37 /Users/michaelmartin/Documents/workspace/Smart_Wear_1.0/build/mx25.o
 .ARM.attributes
                0x00000000000001d5       0x1b /Users/michaelmartin/Documents/workspace/Smart_Wear_1.0/build/startup_max3263x.o
 .ARM.attributes
                0x00000000000001f0       0x37 /Users/michaelmartin/Documents/workspace/Smart_Wear_1.0/build/heap.o
 .ARM.attributes
                0x0000000000000227       0x37 /Users/michaelmartin/Documents/workspace/Smart_Wear_1.0/build/system_max3263x.o
 .ARM.attributes
                0x000000000000025e       0x37 /Users/michaelmartin/Documents/workspace/Smart_Wear_1.0/build/PeriphDriver/PeriphDriver.a(gpio.o)
 .ARM.attributes
                0x0000000000000295       0x37 /Users/michaelmartin/Documents/workspace/Smart_Wear_1.0/build/PeriphDriver/PeriphDriver.a(i2cm.o)
 .ARM.attributes
                0x00000000000002cc       0x37 /Users/michaelmartin/Documents/workspace/Smart_Wear_1.0/build/PeriphDriver/PeriphDriver.a(lp.o)
 .ARM.attributes
                0x0000000000000303       0x37 /Users/michaelmartin/Documents/workspace/Smart_Wear_1.0/build/PeriphDriver/PeriphDriver.a(mxc_lock.o)
 .ARM.attributes
                0x000000000000033a       0x37 /Users/michaelmartin/Documents/workspace/Smart_Wear_1.0/build/PeriphDriver/PeriphDriver.a(mxc_sys.o)
 .ARM.attributes
                0x0000000000000371       0x37 /Users/michaelmartin/Documents/workspace/Smart_Wear_1.0/build/PeriphDriver/PeriphDriver.a(spim.o)
 .ARM.attributes
                0x00000000000003a8       0x37 /Users/michaelmartin/Documents/workspace/Smart_Wear_1.0/build/PeriphDriver/PeriphDriver.a(uart.o)
 .ARM.attributes
                0x00000000000003df       0x37 /Users/michaelmartin/Documents/workspace/Smart_Wear_1.0/build/PeriphDriver/PeriphDriver.a(clkman.o)
 .ARM.attributes
                0x0000000000000416       0x37 /Users/michaelmartin/Documents/workspace/Smart_Wear_1.0/build/PeriphDriver/PeriphDriver.a(ioman.o)
 .ARM.attributes
                0x000000000000044d       0x32 /Users/michaelmartin/Maxim_1/Toolchain/bin/../lib/gcc/arm-none-eabi/6.3.1/../../../../arm-none-eabi/lib/thumb/v7e-m/fpv4-sp/softfp/libc.a(lib_a-errno.o)
 .ARM.attributes
                0x000000000000047f       0x32 /Users/michaelmartin/Maxim_1/Toolchain/bin/../lib/gcc/arm-none-eabi/6.3.1/../../../../arm-none-eabi/lib/thumb/v7e-m/fpv4-sp/softfp/libc.a(lib_a-fflush.o)
 .ARM.attributes
                0x00000000000004b1       0x32 /Users/michaelmartin/Maxim_1/Toolchain/bin/../lib/gcc/arm-none-eabi/6.3.1/../../../../arm-none-eabi/lib/thumb/v7e-m/fpv4-sp/softfp/libc.a(lib_a-findfp.o)
 .ARM.attributes
                0x00000000000004e3       0x32 /Users/michaelmartin/Maxim_1/Toolchain/bin/../lib/gcc/arm-none-eabi/6.3.1/../../../../arm-none-eabi/lib/thumb/v7e-m/fpv4-sp/softfp/libc.a(lib_a-freer.o)
 .ARM.attributes
                0x0000000000000515       0x32 /Users/michaelmartin/Maxim_1/Toolchain/bin/../lib/gcc/arm-none-eabi/6.3.1/../../../../arm-none-eabi/lib/thumb/v7e-m/fpv4-sp/softfp/libc.a(lib_a-fwalk.o)
 .ARM.attributes
                0x0000000000000547       0x32 /Users/michaelmartin/Maxim_1/Toolchain/bin/../lib/gcc/arm-none-eabi/6.3.1/../../../../arm-none-eabi/lib/thumb/v7e-m/fpv4-sp/softfp/libc.a(lib_a-impure.o)
 .ARM.attributes
                0x0000000000000579       0x32 /Users/michaelmartin/Maxim_1/Toolchain/bin/../lib/gcc/arm-none-eabi/6.3.1/../../../../arm-none-eabi/lib/thumb/v7e-m/fpv4-sp/softfp/libc.a(lib_a-init.o)
 .ARM.attributes
                0x00000000000005ab       0x32 /Users/michaelmartin/Maxim_1/Toolchain/bin/../lib/gcc/arm-none-eabi/6.3.1/../../../../arm-none-eabi/lib/thumb/v7e-m/fpv4-sp/softfp/libc.a(lib_a-lock.o)
 .ARM.attributes
                0x00000000000005dd       0x32 /Users/michaelmartin/Maxim_1/Toolchain/bin/../lib/gcc/arm-none-eabi/6.3.1/../../../../arm-none-eabi/lib/thumb/v7e-m/fpv4-sp/softfp/libc.a(lib_a-mallocr.o)
 .ARM.attributes
                0x000000000000060f       0x32 /Users/michaelmartin/Maxim_1/Toolchain/bin/../lib/gcc/arm-none-eabi/6.3.1/../../../../arm-none-eabi/lib/thumb/v7e-m/fpv4-sp/softfp/libc.a(lib_a-memcmp.o)
 .ARM.attributes
                0x0000000000000641       0x20 /Users/michaelmartin/Maxim_1/Toolchain/bin/../lib/gcc/arm-none-eabi/6.3.1/../../../../arm-none-eabi/lib/thumb/v7e-m/fpv4-sp/softfp/libc.a(lib_a-memcpy.o)
 .ARM.attributes
                0x0000000000000661       0x32 /Users/michaelmartin/Maxim_1/Toolchain/bin/../lib/gcc/arm-none-eabi/6.3.1/../../../../arm-none-eabi/lib/thumb/v7e-m/fpv4-sp/softfp/libc.a(lib_a-memset.o)
 .ARM.attributes
                0x0000000000000693       0x32 /Users/michaelmartin/Maxim_1/Toolchain/bin/../lib/gcc/arm-none-eabi/6.3.1/../../../../arm-none-eabi/lib/thumb/v7e-m/fpv4-sp/softfp/libc.a(lib_a-mlock.o)
 .ARM.attributes
                0x00000000000006c5       0x32 /Users/michaelmartin/Maxim_1/Toolchain/bin/../lib/gcc/arm-none-eabi/6.3.1/../../../../arm-none-eabi/lib/thumb/v7e-m/fpv4-sp/softfp/libc.a(lib_a-printf.o)
 .ARM.attributes
                0x00000000000006f7       0x32 /Users/michaelmartin/Maxim_1/Toolchain/bin/../lib/gcc/arm-none-eabi/6.3.1/../../../../arm-none-eabi/lib/thumb/v7e-m/fpv4-sp/softfp/libc.a(lib_a-puts.o)
 .ARM.attributes
                0x0000000000000729       0x32 /Users/michaelmartin/Maxim_1/Toolchain/bin/../lib/gcc/arm-none-eabi/6.3.1/../../../../arm-none-eabi/lib/thumb/v7e-m/fpv4-sp/softfp/libc.a(lib_a-sbrkr.o)
 .ARM.attributes
                0x000000000000075b       0x32 /Users/michaelmartin/Maxim_1/Toolchain/bin/../lib/gcc/arm-none-eabi/6.3.1/../../../../arm-none-eabi/lib/thumb/v7e-m/fpv4-sp/softfp/libc.a(lib_a-stdio.o)
 .ARM.attributes
                0x000000000000078d       0x20 /Users/michaelmartin/Maxim_1/Toolchain/bin/../lib/gcc/arm-none-eabi/6.3.1/../../../../arm-none-eabi/lib/thumb/v7e-m/fpv4-sp/softfp/libc.a(lib_a-strlen.o)
 .ARM.attributes
                0x00000000000007ad       0x32 /Users/michaelmartin/Maxim_1/Toolchain/bin/../lib/gcc/arm-none-eabi/6.3.1/../../../../arm-none-eabi/lib/thumb/v7e-m/fpv4-sp/softfp/libc.a(lib_a-vfprintf.o)
 .ARM.attributes
                0x00000000000007df       0x32 /Users/michaelmartin/Maxim_1/Toolchain/bin/../lib/gcc/arm-none-eabi/6.3.1/../../../../arm-none-eabi/lib/thumb/v7e-m/fpv4-sp/softfp/libc.a(lib_a-writer.o)
 .ARM.attributes
                0x0000000000000811       0x32 /Users/michaelmartin/Maxim_1/Toolchain/bin/../lib/gcc/arm-none-eabi/6.3.1/../../../../arm-none-eabi/lib/thumb/v7e-m/fpv4-sp/softfp/libc.a(lib_a-wsetup.o)
 .ARM.attributes
                0x0000000000000843       0x32 /Users/michaelmartin/Maxim_1/Toolchain/bin/../lib/gcc/arm-none-eabi/6.3.1/../../../../arm-none-eabi/lib/thumb/v7e-m/fpv4-sp/softfp/libc.a(lib_a-__call_atexit.o)
 .ARM.attributes
                0x0000000000000875       0x32 /Users/michaelmartin/Maxim_1/Toolchain/bin/../lib/gcc/arm-none-eabi/6.3.1/../../../../arm-none-eabi/lib/thumb/v7e-m/fpv4-sp/softfp/libc.a(lib_a-atexit.o)
 .ARM.attributes
                0x00000000000008a7       0x32 /Users/michaelmartin/Maxim_1/Toolchain/bin/../lib/gcc/arm-none-eabi/6.3.1/../../../../arm-none-eabi/lib/thumb/v7e-m/fpv4-sp/softfp/libc.a(lib_a-closer.o)
 .ARM.attributes
                0x00000000000008d9       0x32 /Users/michaelmartin/Maxim_1/Toolchain/bin/../lib/gcc/arm-none-eabi/6.3.1/../../../../arm-none-eabi/lib/thumb/v7e-m/fpv4-sp/softfp/libc.a(lib_a-dtoa.o)
 .ARM.attributes
                0x000000000000090b       0x32 /Users/michaelmartin/Maxim_1/Toolchain/bin/../lib/gcc/arm-none-eabi/6.3.1/../../../../arm-none-eabi/lib/thumb/v7e-m/fpv4-sp/softfp/libc.a(lib_a-fclose.o)
 .ARM.attributes
                0x000000000000093d       0x32 /Users/michaelmartin/Maxim_1/Toolchain/bin/../lib/gcc/arm-none-eabi/6.3.1/../../../../arm-none-eabi/lib/thumb/v7e-m/fpv4-sp/softfp/libc.a(lib_a-fini.o)
 .ARM.attributes
                0x000000000000096f       0x32 /Users/michaelmartin/Maxim_1/Toolchain/bin/../lib/gcc/arm-none-eabi/6.3.1/../../../../arm-none-eabi/lib/thumb/v7e-m/fpv4-sp/softfp/libc.a(lib_a-fvwrite.o)
 .ARM.attributes
                0x00000000000009a1       0x32 /Users/michaelmartin/Maxim_1/Toolchain/bin/../lib/gcc/arm-none-eabi/6.3.1/../../../../arm-none-eabi/lib/thumb/v7e-m/fpv4-sp/softfp/libc.a(lib_a-localeconv.o)
 .ARM.attributes
                0x00000000000009d3       0x32 /Users/michaelmartin/Maxim_1/Toolchain/bin/../lib/gcc/arm-none-eabi/6.3.1/../../../../arm-none-eabi/lib/thumb/v7e-m/fpv4-sp/softfp/libc.a(lib_a-lseekr.o)
 .ARM.attributes
                0x0000000000000a05       0x32 /Users/michaelmartin/Maxim_1/Toolchain/bin/../lib/gcc/arm-none-eabi/6.3.1/../../../../arm-none-eabi/lib/thumb/v7e-m/fpv4-sp/softfp/libc.a(lib_a-makebuf.o)
 .ARM.attributes
                0x0000000000000a37       0x20 /Users/michaelmartin/Maxim_1/Toolchain/bin/../lib/gcc/arm-none-eabi/6.3.1/../../../../arm-none-eabi/lib/thumb/v7e-m/fpv4-sp/softfp/libc.a(lib_a-memchr.o)
 .ARM.attributes
                0x0000000000000a57       0x32 /Users/michaelmartin/Maxim_1/Toolchain/bin/../lib/gcc/arm-none-eabi/6.3.1/../../../../arm-none-eabi/lib/thumb/v7e-m/fpv4-sp/softfp/libc.a(lib_a-memmove.o)
 .ARM.attributes
                0x0000000000000a89       0x32 /Users/michaelmartin/Maxim_1/Toolchain/bin/../lib/gcc/arm-none-eabi/6.3.1/../../../../arm-none-eabi/lib/thumb/v7e-m/fpv4-sp/softfp/libc.a(lib_a-mprec.o)
 .ARM.attributes
                0x0000000000000abb       0x32 /Users/michaelmartin/Maxim_1/Toolchain/bin/../lib/gcc/arm-none-eabi/6.3.1/../../../../arm-none-eabi/lib/thumb/v7e-m/fpv4-sp/softfp/libc.a(lib_a-readr.o)
 .ARM.attributes
                0x0000000000000aed       0x32 /Users/michaelmartin/Maxim_1/Toolchain/bin/../lib/gcc/arm-none-eabi/6.3.1/../../../../arm-none-eabi/lib/thumb/v7e-m/fpv4-sp/softfp/libc.a(lib_a-reallocr.o)
 .ARM.attributes
                0x0000000000000b1f       0x32 /Users/michaelmartin/Maxim_1/Toolchain/bin/../lib/gcc/arm-none-eabi/6.3.1/../../../../arm-none-eabi/lib/thumb/v7e-m/fpv4-sp/softfp/libc.a(lib_a-reent.o)
 .ARM.attributes
                0x0000000000000b51       0x32 /Users/michaelmartin/Maxim_1/Toolchain/bin/../lib/gcc/arm-none-eabi/6.3.1/../../../../arm-none-eabi/lib/thumb/v7e-m/fpv4-sp/softfp/libc.a(lib_a-vfiprintf.o)
 .ARM.attributes
                0x0000000000000b83       0x32 /Users/michaelmartin/Maxim_1/Toolchain/bin/../lib/gcc/arm-none-eabi/6.3.1/../../../../arm-none-eabi/lib/thumb/v7e-m/fpv4-sp/softfp/libc.a(lib_a-__atexit.o)
 .ARM.attributes
                0x0000000000000bb5       0x32 /Users/michaelmartin/Maxim_1/Toolchain/bin/../lib/gcc/arm-none-eabi/6.3.1/../../../../arm-none-eabi/lib/thumb/v7e-m/fpv4-sp/softfp/libc.a(lib_a-callocr.o)
 .ARM.attributes
                0x0000000000000be7       0x32 /Users/michaelmartin/Maxim_1/Toolchain/bin/../lib/gcc/arm-none-eabi/6.3.1/../../../../arm-none-eabi/lib/thumb/v7e-m/fpv4-sp/softfp/libc.a(lib_a-fputwc.o)
 .ARM.attributes
                0x0000000000000c19       0x32 /Users/michaelmartin/Maxim_1/Toolchain/bin/../lib/gcc/arm-none-eabi/6.3.1/../../../../arm-none-eabi/lib/thumb/v7e-m/fpv4-sp/softfp/libc.a(lib_a-fstatr.o)
 .ARM.attributes
                0x0000000000000c4b       0x32 /Users/michaelmartin/Maxim_1/Toolchain/bin/../lib/gcc/arm-none-eabi/6.3.1/../../../../arm-none-eabi/lib/thumb/v7e-m/fpv4-sp/softfp/libc.a(lib_a-isattyr.o)
 .ARM.attributes
                0x0000000000000c7d       0x32 /Users/michaelmartin/Maxim_1/Toolchain/bin/../lib/gcc/arm-none-eabi/6.3.1/../../../../arm-none-eabi/lib/thumb/v7e-m/fpv4-sp/softfp/libc.a(lib_a-locale.o)
 .ARM.attributes
                0x0000000000000caf       0x32 /Users/michaelmartin/Maxim_1/Toolchain/bin/../lib/gcc/arm-none-eabi/6.3.1/../../../../arm-none-eabi/lib/thumb/v7e-m/fpv4-sp/softfp/libc.a(lib_a-mbtowc_r.o)
 .ARM.attributes
                0x0000000000000ce1       0x32 /Users/michaelmartin/Maxim_1/Toolchain/bin/../lib/gcc/arm-none-eabi/6.3.1/../../../../arm-none-eabi/lib/thumb/v7e-m/fpv4-sp/softfp/libc.a(lib_a-wbuf.o)
 .ARM.attributes
                0x0000000000000d13       0x32 /Users/michaelmartin/Maxim_1/Toolchain/bin/../lib/gcc/arm-none-eabi/6.3.1/../../../../arm-none-eabi/lib/thumb/v7e-m/fpv4-sp/softfp/libc.a(lib_a-wcrtomb.o)
 .ARM.attributes
                0x0000000000000d45       0x32 /Users/michaelmartin/Maxim_1/Toolchain/bin/../lib/gcc/arm-none-eabi/6.3.1/../../../../arm-none-eabi/lib/thumb/v7e-m/fpv4-sp/softfp/libc.a(lib_a-wctomb_r.o)
 .ARM.attributes
                0x0000000000000d77       0x32 /Users/michaelmartin/Maxim_1/Toolchain/bin/../lib/gcc/arm-none-eabi/6.3.1/../../../../arm-none-eabi/lib/thumb/v7e-m/fpv4-sp/softfp/libc.a(lib_a-ctype_.o)
 .ARM.attributes
                0x0000000000000da9       0x22 /Users/michaelmartin/Maxim_1/Toolchain/bin/../lib/gcc/arm-none-eabi/6.3.1/thumb/v7e-m/fpv4-sp/softfp/libgcc.a(_arm_addsubdf3.o)
 .ARM.attributes
                0x0000000000000dcb       0x22 /Users/michaelmartin/Maxim_1/Toolchain/bin/../lib/gcc/arm-none-eabi/6.3.1/thumb/v7e-m/fpv4-sp/softfp/libgcc.a(_arm_muldivdf3.o)
 .ARM.attributes
                0x0000000000000ded       0x22 /Users/michaelmartin/Maxim_1/Toolchain/bin/../lib/gcc/arm-none-eabi/6.3.1/thumb/v7e-m/fpv4-sp/softfp/libgcc.a(_arm_cmpdf2.o)
 .ARM.attributes
                0x0000000000000e0f       0x22 /Users/michaelmartin/Maxim_1/Toolchain/bin/../lib/gcc/arm-none-eabi/6.3.1/thumb/v7e-m/fpv4-sp/softfp/libgcc.a(_arm_unorddf2.o)
 .ARM.attributes
                0x0000000000000e31       0x22 /Users/michaelmartin/Maxim_1/Toolchain/bin/../lib/gcc/arm-none-eabi/6.3.1/thumb/v7e-m/fpv4-sp/softfp/libgcc.a(_arm_fixdfsi.o)
 .ARM.attributes
                0x0000000000000e53       0x22 /Users/michaelmartin/Maxim_1/Toolchain/bin/../lib/gcc/arm-none-eabi/6.3.1/thumb/v7e-m/fpv4-sp/softfp/libgcc.a(_aeabi_uldivmod.o)
 .ARM.attributes
                0x0000000000000e75       0x32 /Users/michaelmartin/Maxim_1/Toolchain/bin/../lib/gcc/arm-none-eabi/6.3.1/thumb/v7e-m/fpv4-sp/softfp/libgcc.a(_udivmoddi4.o)
 .ARM.attributes
                0x0000000000000ea7       0x22 /Users/michaelmartin/Maxim_1/Toolchain/bin/../lib/gcc/arm-none-eabi/6.3.1/thumb/v7e-m/fpv4-sp/softfp/libgcc.a(_dvmd_tls.o)
 .ARM.attributes
                0x0000000000000ec9       0x32 /Users/michaelmartin/Maxim_1/Toolchain/bin/../lib/gcc/arm-none-eabi/6.3.1/thumb/v7e-m/fpv4-sp/softfp/crtend.o
 .ARM.attributes
                0x0000000000000efb       0x22 /Users/michaelmartin/Maxim_1/Toolchain/bin/../lib/gcc/arm-none-eabi/6.3.1/thumb/v7e-m/fpv4-sp/softfp/crtn.o

.comment        0x0000000000000000       0x7f
 .comment       0x0000000000000000       0x7f /Users/michaelmartin/Documents/workspace/Smart_Wear_1.0/build/main.o
                                         0x80 (size before relaxing)
 .comment       0x000000000000007f       0x80 /Users/michaelmartin/Documents/workspace/Smart_Wear_1.0/build/board.o
 .comment       0x000000000000007f       0x80 /Users/michaelmartin/Documents/workspace/Smart_Wear_1.0/build/stdio.o
 .comment       0x000000000000007f       0x80 /Users/michaelmartin/Documents/workspace/Smart_Wear_1.0/build/led.o
 .comment       0x000000000000007f       0x80 /Users/michaelmartin/Documents/workspace/Smart_Wear_1.0/build/pb.o
 .comment       0x000000000000007f       0x80 /Users/michaelmartin/Documents/workspace/Smart_Wear_1.0/build/max14690.o
 .comment       0x000000000000007f       0x80 /Users/michaelmartin/Documents/workspace/Smart_Wear_1.0/build/mx25.o
 .comment       0x000000000000007f       0x80 /Users/michaelmartin/Documents/workspace/Smart_Wear_1.0/build/heap.o
 .comment       0x000000000000007f       0x80 /Users/michaelmartin/Documents/workspace/Smart_Wear_1.0/build/system_max3263x.o
 .comment       0x000000000000007f       0x80 /Users/michaelmartin/Documents/workspace/Smart_Wear_1.0/build/PeriphDriver/PeriphDriver.a(gpio.o)
 .comment       0x000000000000007f       0x80 /Users/michaelmartin/Documents/workspace/Smart_Wear_1.0/build/PeriphDriver/PeriphDriver.a(i2cm.o)
 .comment       0x000000000000007f       0x80 /Users/michaelmartin/Documents/workspace/Smart_Wear_1.0/build/PeriphDriver/PeriphDriver.a(lp.o)
 .comment       0x000000000000007f       0x80 /Users/michaelmartin/Documents/workspace/Smart_Wear_1.0/build/PeriphDriver/PeriphDriver.a(mxc_lock.o)
 .comment       0x000000000000007f       0x80 /Users/michaelmartin/Documents/workspace/Smart_Wear_1.0/build/PeriphDriver/PeriphDriver.a(mxc_sys.o)
 .comment       0x000000000000007f       0x80 /Users/michaelmartin/Documents/workspace/Smart_Wear_1.0/build/PeriphDriver/PeriphDriver.a(spim.o)
 .comment       0x000000000000007f       0x80 /Users/michaelmartin/Documents/workspace/Smart_Wear_1.0/build/PeriphDriver/PeriphDriver.a(uart.o)
 .comment       0x000000000000007f       0x80 /Users/michaelmartin/Documents/workspace/Smart_Wear_1.0/build/PeriphDriver/PeriphDriver.a(clkman.o)
 .comment       0x000000000000007f       0x80 /Users/michaelmartin/Documents/workspace/Smart_Wear_1.0/build/PeriphDriver/PeriphDriver.a(ioman.o)

.debug_info     0x0000000000000000    0x14830
 .debug_info    0x0000000000000000     0x1db7 /Users/michaelmartin/Documents/workspace/Smart_Wear_1.0/build/main.o
 .debug_info    0x0000000000001db7     0x1a10 /Users/michaelmartin/Documents/workspace/Smart_Wear_1.0/build/board.o
 .debug_info    0x00000000000037c7     0x17a7 /Users/michaelmartin/Documents/workspace/Smart_Wear_1.0/build/stdio.o
 .debug_info    0x0000000000004f6e      0xab7 /Users/michaelmartin/Documents/workspace/Smart_Wear_1.0/build/led.o
 .debug_info    0x0000000000005a25      0x8a4 /Users/michaelmartin/Documents/workspace/Smart_Wear_1.0/build/pb.o
 .debug_info    0x00000000000062c9     0x1669 /Users/michaelmartin/Documents/workspace/Smart_Wear_1.0/build/max14690.o
 .debug_info    0x0000000000007932     0x1096 /Users/michaelmartin/Documents/workspace/Smart_Wear_1.0/build/mx25.o
 .debug_info    0x00000000000089c8      0x98d /Users/michaelmartin/Documents/workspace/Smart_Wear_1.0/build/heap.o
 .debug_info    0x0000000000009355     0x1588 /Users/michaelmartin/Documents/workspace/Smart_Wear_1.0/build/system_max3263x.o
 .debug_info    0x000000000000a8dd      0x64c /Users/michaelmartin/Documents/workspace/Smart_Wear_1.0/build/PeriphDriver/PeriphDriver.a(gpio.o)
 .debug_info    0x000000000000af29     0x2096 /Users/michaelmartin/Documents/workspace/Smart_Wear_1.0/build/PeriphDriver/PeriphDriver.a(i2cm.o)
 .debug_info    0x000000000000cfbf      0xc4b /Users/michaelmartin/Documents/workspace/Smart_Wear_1.0/build/PeriphDriver/PeriphDriver.a(lp.o)
 .debug_info    0x000000000000dc0a      0x211 /Users/michaelmartin/Documents/workspace/Smart_Wear_1.0/build/PeriphDriver/PeriphDriver.a(mxc_lock.o)
 .debug_info    0x000000000000de1b     0x2971 /Users/michaelmartin/Documents/workspace/Smart_Wear_1.0/build/PeriphDriver/PeriphDriver.a(mxc_sys.o)
 .debug_info    0x000000000001078c     0x185d /Users/michaelmartin/Documents/workspace/Smart_Wear_1.0/build/PeriphDriver/PeriphDriver.a(spim.o)
 .debug_info    0x0000000000011fe9     0x1ac0 /Users/michaelmartin/Documents/workspace/Smart_Wear_1.0/build/PeriphDriver/PeriphDriver.a(uart.o)
 .debug_info    0x0000000000013aa9      0x77f /Users/michaelmartin/Documents/workspace/Smart_Wear_1.0/build/PeriphDriver/PeriphDriver.a(clkman.o)
 .debug_info    0x0000000000014228      0x608 /Users/michaelmartin/Documents/workspace/Smart_Wear_1.0/build/PeriphDriver/PeriphDriver.a(ioman.o)

.debug_abbrev   0x0000000000000000     0x3270
 .debug_abbrev  0x0000000000000000      0x338 /Users/michaelmartin/Documents/workspace/Smart_Wear_1.0/build/main.o
 .debug_abbrev  0x0000000000000338      0x31a /Users/michaelmartin/Documents/workspace/Smart_Wear_1.0/build/board.o
 .debug_abbrev  0x0000000000000652      0x355 /Users/michaelmartin/Documents/workspace/Smart_Wear_1.0/build/stdio.o
 .debug_abbrev  0x00000000000009a7      0x202 /Users/michaelmartin/Documents/workspace/Smart_Wear_1.0/build/led.o
 .debug_abbrev  0x0000000000000ba9      0x27a /Users/michaelmartin/Documents/workspace/Smart_Wear_1.0/build/pb.o
 .debug_abbrev  0x0000000000000e23      0x2c3 /Users/michaelmartin/Documents/workspace/Smart_Wear_1.0/build/max14690.o
 .debug_abbrev  0x00000000000010e6      0x323 /Users/michaelmartin/Documents/workspace/Smart_Wear_1.0/build/mx25.o
 .debug_abbrev  0x0000000000001409      0x1fa /Users/michaelmartin/Documents/workspace/Smart_Wear_1.0/build/heap.o
 .debug_abbrev  0x0000000000001603      0x2b5 /Users/michaelmartin/Documents/workspace/Smart_Wear_1.0/build/system_max3263x.o
 .debug_abbrev  0x00000000000018b8      0x267 /Users/michaelmartin/Documents/workspace/Smart_Wear_1.0/build/PeriphDriver/PeriphDriver.a(gpio.o)
 .debug_abbrev  0x0000000000001b1f      0x456 /Users/michaelmartin/Documents/workspace/Smart_Wear_1.0/build/PeriphDriver/PeriphDriver.a(i2cm.o)
 .debug_abbrev  0x0000000000001f75      0x24b /Users/michaelmartin/Documents/workspace/Smart_Wear_1.0/build/PeriphDriver/PeriphDriver.a(lp.o)
 .debug_abbrev  0x00000000000021c0      0x135 /Users/michaelmartin/Documents/workspace/Smart_Wear_1.0/build/PeriphDriver/PeriphDriver.a(mxc_lock.o)
 .debug_abbrev  0x00000000000022f5      0x45f /Users/michaelmartin/Documents/workspace/Smart_Wear_1.0/build/PeriphDriver/PeriphDriver.a(mxc_sys.o)
 .debug_abbrev  0x0000000000002754      0x448 /Users/michaelmartin/Documents/workspace/Smart_Wear_1.0/build/PeriphDriver/PeriphDriver.a(spim.o)
 .debug_abbrev  0x0000000000002b9c      0x404 /Users/michaelmartin/Documents/workspace/Smart_Wear_1.0/build/PeriphDriver/PeriphDriver.a(uart.o)
 .debug_abbrev  0x0000000000002fa0      0x1ab /Users/michaelmartin/Documents/workspace/Smart_Wear_1.0/build/PeriphDriver/PeriphDriver.a(clkman.o)
 .debug_abbrev  0x000000000000314b      0x125 /Users/michaelmartin/Documents/workspace/Smart_Wear_1.0/build/PeriphDriver/PeriphDriver.a(ioman.o)

.debug_loc      0x0000000000000000     0x50a1
 .debug_loc     0x0000000000000000      0x176 /Users/michaelmartin/Documents/workspace/Smart_Wear_1.0/build/main.o
 .debug_loc     0x0000000000000176       0xd6 /Users/michaelmartin/Documents/workspace/Smart_Wear_1.0/build/board.o
 .debug_loc     0x000000000000024c      0x2a9 /Users/michaelmartin/Documents/workspace/Smart_Wear_1.0/build/stdio.o
 .debug_loc     0x00000000000004f5       0x51 /Users/michaelmartin/Documents/workspace/Smart_Wear_1.0/build/led.o
 .debug_loc     0x0000000000000546       0xa0 /Users/michaelmartin/Documents/workspace/Smart_Wear_1.0/build/pb.o
 .debug_loc     0x00000000000005e6      0x23f /Users/michaelmartin/Documents/workspace/Smart_Wear_1.0/build/max14690.o
 .debug_loc     0x0000000000000825      0x25a /Users/michaelmartin/Documents/workspace/Smart_Wear_1.0/build/mx25.o
 .debug_loc     0x0000000000000a7f       0x4a /Users/michaelmartin/Documents/workspace/Smart_Wear_1.0/build/heap.o
 .debug_loc     0x0000000000000ac9       0x2a /Users/michaelmartin/Documents/workspace/Smart_Wear_1.0/build/system_max3263x.o
 .debug_loc     0x0000000000000af3      0x357 /Users/michaelmartin/Documents/workspace/Smart_Wear_1.0/build/PeriphDriver/PeriphDriver.a(gpio.o)
 .debug_loc     0x0000000000000e4a     0x14f4 /Users/michaelmartin/Documents/workspace/Smart_Wear_1.0/build/PeriphDriver/PeriphDriver.a(i2cm.o)
 .debug_loc     0x000000000000233e      0x27b /Users/michaelmartin/Documents/workspace/Smart_Wear_1.0/build/PeriphDriver/PeriphDriver.a(lp.o)
 .debug_loc     0x00000000000025b9       0x73 /Users/michaelmartin/Documents/workspace/Smart_Wear_1.0/build/PeriphDriver/PeriphDriver.a(mxc_lock.o)
 .debug_loc     0x000000000000262c     0x1015 /Users/michaelmartin/Documents/workspace/Smart_Wear_1.0/build/PeriphDriver/PeriphDriver.a(mxc_sys.o)
 .debug_loc     0x0000000000003641      0xb86 /Users/michaelmartin/Documents/workspace/Smart_Wear_1.0/build/PeriphDriver/PeriphDriver.a(spim.o)
 .debug_loc     0x00000000000041c7      0xcf2 /Users/michaelmartin/Documents/workspace/Smart_Wear_1.0/build/PeriphDriver/PeriphDriver.a(uart.o)
 .debug_loc     0x0000000000004eb9      0x195 /Users/michaelmartin/Documents/workspace/Smart_Wear_1.0/build/PeriphDriver/PeriphDriver.a(clkman.o)
 .debug_loc     0x000000000000504e       0x53 /Users/michaelmartin/Documents/workspace/Smart_Wear_1.0/build/PeriphDriver/PeriphDriver.a(ioman.o)

.debug_aranges  0x0000000000000000      0x6c8
 .debug_aranges
                0x0000000000000000       0x38 /Users/michaelmartin/Documents/workspace/Smart_Wear_1.0/build/main.o
 .debug_aranges
                0x0000000000000038       0x40 /Users/michaelmartin/Documents/workspace/Smart_Wear_1.0/build/board.o
 .debug_aranges
                0x0000000000000078       0x50 /Users/michaelmartin/Documents/workspace/Smart_Wear_1.0/build/stdio.o
 .debug_aranges
                0x00000000000000c8       0x20 /Users/michaelmartin/Documents/workspace/Smart_Wear_1.0/build/led.o
 .debug_aranges
                0x00000000000000e8       0x70 /Users/michaelmartin/Documents/workspace/Smart_Wear_1.0/build/pb.o
 .debug_aranges
                0x0000000000000158       0x68 /Users/michaelmartin/Documents/workspace/Smart_Wear_1.0/build/max14690.o
 .debug_aranges
                0x00000000000001c0       0x78 /Users/michaelmartin/Documents/workspace/Smart_Wear_1.0/build/mx25.o
 .debug_aranges